Archive member included to satisfy reference by file (symbol)

/opt/devkitpro//libctru/lib/libctru.a(console.o)
                              sockets.o (consoleInit)
/opt/devkitpro//libctru/lib/libctru.a(gfx.o)
                              /opt/devkitpro//libctru/lib/libctru.a(console.o) (gfxIsWide)
/opt/devkitpro//libctru/lib/libctru.a(gspgpu.o)
                              /opt/devkitpro//libctru/lib/libctru.a(gfx.o) (gspInit)
/opt/devkitpro//libctru/lib/libctru.a(hid.o)
                              sockets.o (hidScanInput)
/opt/devkitpro//libctru/lib/libctru.a(apt.o)
                              sockets.o (aptMainLoop)
/opt/devkitpro//libctru/lib/libctru.a(soc_connect.o)
                              sockets.o (connect)
/opt/devkitpro//libctru/lib/libctru.a(soc_socket.o)
                              sockets.o (socket)
/opt/devkitpro//libctru/lib/libctru.a(soc_getaddrinfo.o)
                              sockets.o (getaddrinfo)
/opt/devkitpro//libctru/lib/libctru.a(soc_init.o)
                              sockets.o (socInit)
/opt/devkitpro//libctru/lib/libctru.a(soc_common.o)
                              /opt/devkitpro//libctru/lib/libctru.a(soc_connect.o) (_net_convert_error)
/opt/devkitpro//libctru/lib/libctru.a(soc_recvfrom.o)
                              /opt/devkitpro//libctru/lib/libctru.a(soc_init.o) (soc_recvfrom)
/opt/devkitpro//libctru/lib/libctru.a(soc_sendto.o)
                              /opt/devkitpro//libctru/lib/libctru.a(soc_init.o) (soc_sendto)
/opt/devkitpro//libctru/lib/libctru.a(ctru_init.o)
                              /opt/devkitpro//libctru/lib/libctru.a(apt.o) (__system_retAddr)
/opt/devkitpro//libctru/lib/libctru.a(initArgv.o)
                              /opt/devkitpro//libctru/lib/libctru.a(ctru_init.o) (__system_initArgv)
/opt/devkitpro//libctru/lib/libctru.a(svc.o)
                              /opt/devkitpro//libctru/lib/libctru.a(apt.o) (svcSleepThread)
/opt/devkitpro//libctru/lib/libctru.a(stack_adjust.o)
                              /opt/devkitpro/devkitARM/bin/../lib/gcc/arm-none-eabi/13.2.0/../../../../arm-none-eabi/lib/armv6k/fpu/3dsx_crt0.o (initSystem)
/opt/devkitpro//libctru/lib/libctru.a(default_font.bin.o)
                              /opt/devkitpro//libctru/lib/libctru.a(console.o) (default_font_bin)
/opt/devkitpro//libctru/lib/libctru.a(vram.o)
                              /opt/devkitpro//libctru/lib/libctru.a(gfx.o) (vramAlloc)
/opt/devkitpro//libctru/lib/libctru.a(linear.o)
                              /opt/devkitpro//libctru/lib/libctru.a(gfx.o) (linearAlloc)
/opt/devkitpro//libctru/lib/libctru.a(mem_pool.o)
                              /opt/devkitpro//libctru/lib/libctru.a(vram.o) (MemPool::Allocate(MemChunk&, unsigned long, int))
/opt/devkitpro//libctru/lib/libctru.a(synchronization.o)
                              /opt/devkitpro//libctru/lib/libctru.a(ctru_init.o) (__sync_init)
/opt/devkitpro//libctru/lib/libctru.a(os.o)
                              /opt/devkitpro//libctru/lib/libctru.a(apt.o) (__ctru_speedup_config)
/opt/devkitpro//libctru/lib/libctru.a(3dslink.o)
                              /opt/devkitpro//libctru/lib/libctru.a(initArgv.o) (__3dslink_host)
/opt/devkitpro//libctru/lib/libctru.a(srv.o)
                              /opt/devkitpro//libctru/lib/libctru.a(apt.o) (srvInit)
/opt/devkitpro//libctru/lib/libctru.a(thread.o)
                              /opt/devkitpro//libctru/lib/libctru.a(gspgpu.o) (threadCreate)
/opt/devkitpro//libctru/lib/libctru.a(mappable.o)
                              /opt/devkitpro//libctru/lib/libctru.a(gspgpu.o) (mappableAlloc)
/opt/devkitpro//libctru/lib/libctru.a(irrst.o)
                              /opt/devkitpro//libctru/lib/libctru.a(hid.o) (irrstInit)
/opt/devkitpro//libctru/lib/libctru.a(srvpm.o)
                              /opt/devkitpro//libctru/lib/libctru.a(srv.o) (srvPmGetSessionHandle)
/opt/devkitpro//libctru/lib/libctru.a(ptmsysm.o)
                              /opt/devkitpro//libctru/lib/libctru.a(os.o) (ptmSysmInit)
/opt/devkitpro//libctru/lib/libctru.a(rbtree_init.o)
                              /opt/devkitpro//libctru/lib/libctru.a(vram.o) (rbtree_init)
/opt/devkitpro//libctru/lib/libctru.a(rbtree_insert.o)
                              /opt/devkitpro//libctru/lib/libctru.a(vram.o) (rbtree_insert)
/opt/devkitpro//libctru/lib/libctru.a(rbtree_rotate.o)
                              /opt/devkitpro//libctru/lib/libctru.a(rbtree_insert.o) (rbtree_rotate)
/opt/devkitpro//libctru/lib/libctru.a(rbtree_remove.o)
                              /opt/devkitpro//libctru/lib/libctru.a(vram.o) (rbtree_remove)
/opt/devkitpro//libctru/lib/libctru.a(rbtree_find.o)
                              /opt/devkitpro//libctru/lib/libctru.a(vram.o) (rbtree_find)
/opt/devkitpro//libctru/lib/libctru.a(appInit.o)
                              /opt/devkitpro//libctru/lib/libctru.a(stack_adjust.o) (__appInit)
/opt/devkitpro//libctru/lib/libctru.a(syscalls.o)
[...]
Memory Configuration

Name             Origin             Length             Attributes
*default*        0x00000000         0xffffffff

Linker script and memory map

                0x00100000                        PROVIDE (__start__ = 0x100000)
                0x00100000                        . = __start__

.text           0x00100000    0x22848
 *(.crt0)
 .crt0          0x00100000       0x94 /opt/devkitpro/devkitARM/bin/../lib/gcc/arm-none-eabi/13.2.0/../../../../arm-none-eabi/lib/armv6k/fpu/3dsx_crt0.o
                0x00100000                _start
                0x00100008                __service_ptr
                0x0010000c                __apt_appid
                0x00100010                __heap_size
                0x00100014                __linear_heap_size
                0x00100018                __system_arglist
                0x0010001c                __system_runflags
 *(.init)
 .init          0x00100094        0xc /opt/devkitpro/devkitARM/bin/../lib/gcc/arm-none-eabi/13.2.0/armv6k/fpu/crti.o
                0x00100094                _init
 .init          0x001000a0        0xc /opt/devkitpro/devkitARM/bin/../lib/gcc/arm-none-eabi/13.2.0/armv6k/fpu/crtn.o
                0x001000ac                        . = ALIGN (0x4)
 *(.text)
 .text          0x001000ac      0x240 /opt/devkitpro/devkitARM/bin/../lib/gcc/arm-none-eabi/13.2.0/armv6k/fpu/libgcc.a(_divsi3.o)
                0x001000ac                __aeabi_idiv
                0x001000ac                __divsi3
                0x001002cc                __aeabi_idivmod
 .text          0x001002ec        0x4 /opt/devkitpro/devkitARM/bin/../lib/gcc/arm-none-eabi/13.2.0/armv6k/fpu/libgcc.a(_dvmd_tls.o)
                0x001002ec                __aeabi_ldiv0
                0x001002ec                __aeabi_idiv0
 .text          0x001002f0       0x3c /opt/devkitpro/devkitARM/bin/../lib/gcc/arm-none-eabi/13.2.0/armv6k/fpu/libgcc.a(_aeabi_uldivmod.o)
                0x001002f0                __aeabi_uldivmod
 *fill*         0x0010032c       0x14 
 .text          0x00100340      0x390 /opt/devkitpro/devkitARM/bin/../lib/gcc/arm-none-eabi/13.2.0/../../../../arm-none-eabi/lib/armv6k/fpu/libg.a(libc_a-strcmp.o)
                0x00100348                strcmp
 .text          0x001006d0      0x20c /opt/devkitpro/devkitARM/bin/../lib/gcc/arm-none-eabi/13.2.0/armv6k/fpu/libgcc.a(_udivsi3.o)
                0x001006d0                __udivsi3
                0x001006d0                __aeabi_uidiv
                0x001008bc                __aeabi_uidivmod
 .text          0x001008dc      0x3c0 /opt/devkitpro/devkitARM/bin/../lib/gcc/arm-none-eabi/13.2.0/armv6k/fpu/libgcc.a(_arm_addsubdf3.o)
                0x001008dc                __aeabi_drsub
                0x001008e4                __aeabi_dsub
                0x001008e4                __subdf3
                0x001008e8                __adddf3
                0x001008e8                __aeabi_dadd
                0x00100b94                __aeabi_ui2d
                0x00100b94                __floatunsidf
                0x00100bb8                __floatsidf
                0x00100bb8                __aeabi_i2d
                0x00100be0                __extendsfdf2
                0x00100be0                __aeabi_f2d
                0x00100c28                __aeabi_ul2d
                0x00100c28                __floatundidf
                0x00100c3c                __floatdidf
                0x00100c3c                __aeabi_l2d
 *(.text.*)
 .text.__do_global_dtors_aux
                0x00100c9c       0x40 /opt/devkitpro/devkitARM/bin/../lib/gcc/arm-none-eabi/13.2.0/armv6k/fpu/crtbegin.o
 .text.frame_dummy
                0x00100cdc       0x2c /opt/devkitpro/devkitARM/bin/../lib/gcc/arm-none-eabi/13.2.0/armv6k/fpu/crtbegin.o
 .text.socShutdown
                0x00100d08        0x4 sockets.o
                0x00100d08                socShutdown
 .text.failExit
                0x00100d0c       0x84 sockets.o
                0x00100d0c                failExit
 .text.startup.main
                0x00100d90      0x264 sockets.o
                0x00100d90                main
 .text.parseColor
                0x00100ff4      0x1f4 /opt/devkitpro//libctru/lib/libctru.a(console.o)
 .text.consoleDrawChar
                0x001011e8      0x1ac /opt/devkitpro//libctru/lib/libctru.a(console.o)
                0x001011e8                consoleDrawChar
 .text.consolePrintChar
                0x00101394      0x124 /opt/devkitpro//libctru/lib/libctru.a(console.o)
                0x00101394                consolePrintChar
 .text.con_write
                0x001014b8      0xbe4 /opt/devkitpro//libctru/lib/libctru.a(console.o)
                0x001014b8                con_write
 .text.newRow   0x0010209c       0xfc /opt/devkitpro//libctru/lib/libctru.a(console.o)
 .text.consoleInit
                0x00102198      0x168 /opt/devkitpro//libctru/lib/libctru.a(console.o)
                0x00102198                consoleInit
 .text.gfxPresentFramebuffer
                0x00102300       0xd0 /opt/devkitpro//libctru/lib/libctru.a(gfx.o)
 .text.gfxIsWide
                0x001023d0       0x1c /opt/devkitpro//libctru/lib/libctru.a(gfx.o)
                0x001023d0                gfxIsWide
 .text.gfxSetScreenFormat
                0x001023ec       0xec /opt/devkitpro//libctru/lib/libctru.a(gfx.o)
                0x001023ec                gfxSetScreenFormat
 .text.gfxSetDoubleBuffering
                0x001024d8       0x10 /opt/devkitpro//libctru/lib/libctru.a(gfx.o)
                0x001024d8                gfxSetDoubleBuffering
 .text.gfxInit  0x001024e8       0xe0 /opt/devkitpro//libctru/lib/libctru.a(gfx.o)
                0x001024e8                gfxInit
 .text.gfxInitDefault
                0x001025c8       0x10 /opt/devkitpro//libctru/lib/libctru.a(gfx.o)
                0x001025c8                gfxInitDefault
 .text.gfxExit  0x001025d8       0xb4 /opt/devkitpro//libctru/lib/libctru.a(gfx.o)
                0x001025d8                gfxExit
 .text.gfxGetFramebuffer
                0x0010268c       0xa0 /opt/devkitpro//libctru/lib/libctru.a(gfx.o)
                0x0010268c                gfxGetFramebuffer
 .text.gfxFlushBuffers
                0x0010272c      0x104 /opt/devkitpro//libctru/lib/libctru.a(gfx.o)
                0x0010272c                gfxFlushBuffers
 .text.gfxSwapBuffers
                0x00102830       0x50 /opt/devkitpro//libctru/lib/libctru.a(gfx.o)
                0x00102830                gfxSwapBuffers
 .text.gfxSwapBuffersGpu
                0x00102880       0x50 /opt/devkitpro//libctru/lib/libctru.a(gfx.o)
                0x00102880                gfxSwapBuffersGpu
 .text.gspHardwareInit
                0x001028d0      0xc64 /opt/devkitpro//libctru/lib/libctru.a(gspgpu.o)
 .text.gspInit  0x00103534      0x248 /opt/devkitpro//libctru/lib/libctru.a(gspgpu.o)
                0x00103534                gspInit
 .text.gspExit  0x0010377c       0xf0 /opt/devkitpro//libctru/lib/libctru.a(gspgpu.o)
                0x0010377c                gspExit
 .text.gspHasGpuRight
                0x0010386c       0x10 /opt/devkitpro//libctru/lib/libctru.a(gspgpu.o)
                0x0010386c                gspHasGpuRight
 .text.gspPresentBuffer
                0x0010387c       0xa0 /opt/devkitpro//libctru/lib/libctru.a(gspgpu.o)
                0x0010387c                gspPresentBuffer
 .text.gspWaitForEvent
                0x0010391c       0x44 /opt/devkitpro//libctru/lib/libctru.a(gspgpu.o)
                0x0010391c                gspWaitForEvent
 .text.gxCmdQueueInterrupt
                0x00103960        0x4 /opt/devkitpro//libctru/lib/libctru.a(gspgpu.o)
                0x00103960                gxCmdQueueInterrupt
 .text.gspEventThreadMain
                0x00103964      0x158 /opt/devkitpro//libctru/lib/libctru.a(gspgpu.o)
 .text.GSPGPU_FlushDataCache
                0x00103abc       0x50 /opt/devkitpro//libctru/lib/libctru.a(gspgpu.o)
                0x00103abc                GSPGPU_FlushDataCache
 .text.GSPGPU_SetLcdForceBlack
                0x00103b0c       0x34 /opt/devkitpro//libctru/lib/libctru.a(gspgpu.o)
                0x00103b0c                GSPGPU_SetLcdForceBlack
 .text.GSPGPU_AcquireRight
                0x00103b40       0x68 /opt/devkitpro//libctru/lib/libctru.a(gspgpu.o)
                0x00103b40                GSPGPU_AcquireRight
 .text.GSPGPU_ReleaseRight
                0x00103ba8       0x48 /opt/devkitpro//libctru/lib/libctru.a(gspgpu.o)
                0x00103ba8                GSPGPU_ReleaseRight
 .text.GSPGPU_ImportDisplayCaptureInfo
                0x00103bf0       0x7c /opt/devkitpro//libctru/lib/libctru.a(gspgpu.o)
                0x00103bf0                GSPGPU_ImportDisplayCaptureInfo
 .text.GSPGPU_SaveVramSysArea
                0x00103c6c       0x2c /opt/devkitpro//libctru/lib/libctru.a(gspgpu.o)
                0x00103c6c                GSPGPU_SaveVramSysArea
 .text.GSPGPU_RestoreVramSysArea
                0x00103c98       0x2c /opt/devkitpro//libctru/lib/libctru.a(gspgpu.o)
                0x00103c98                GSPGPU_RestoreVramSysArea
 .text.hidShouldUseIrrst
                0x00103cc4       0x24 /opt/devkitpro//libctru/lib/libctru.a(hid.o)
                0x00103cc4                hidShouldUseIrrst
 .text.hidInit  0x00103ce8      0x18c /opt/devkitpro//libctru/lib/libctru.a(hid.o)
                0x00103ce8                hidInit
 .text.hidExit  0x00103e74       0xe8 /opt/devkitpro//libctru/lib/libctru.a(hid.o)
                0x00103e74                hidExit
 .text.hidScanInput
                0x00103f5c      0x2a4 /opt/devkitpro//libctru/lib/libctru.a(hid.o)
                0x00103f5c                hidScanInput
 .text.hidKeysDown
                0x00104200       0x10 /opt/devkitpro//libctru/lib/libctru.a(hid.o)
                0x00104200                hidKeysDown
 .text.aptConvertScreenForCapture
                0x00104210      0x1ac /opt/devkitpro//libctru/lib/libctru.a(apt.o)
 .text.aptDspSleep
                0x001043bc        0x8 /opt/devkitpro//libctru/lib/libctru.a(apt.o)
                0x001043bc                aptDspSleep
 .text.aptDspWakeup
                0x001043c4        0x4 /opt/devkitpro//libctru/lib/libctru.a(apt.o)
                0x001043c4                aptDspWakeup
 .text.aptDspCancel
                0x001043c8        0x4 /opt/devkitpro//libctru/lib/libctru.a(apt.o)
                0x001043c8                aptDspCancel
 .text.aptSendCommand
                0x001043cc      0x158 /opt/devkitpro//libctru/lib/libctru.a(apt.o)
                0x001043cc                aptSendCommand
 *fill*         0x00104524        0x4 
 .text.aptExitProcess
                0x00104528       0x44 /opt/devkitpro//libctru/lib/libctru.a(apt.o)
 .text.aptExit  0x0010456c      0x38c /opt/devkitpro//libctru/lib/libctru.a(apt.o)
                0x0010456c                aptExit
 .text.aptHandleSleep
                0x001048f8       0xe0 /opt/devkitpro//libctru/lib/libctru.a(apt.o)
                0x001048f8                aptHandleSleep
 .text.APT_SleepIfShellClosed
                0x001049d8       0x84 /opt/devkitpro//libctru/lib/libctru.a(apt.o)
                0x001049d8                APT_SleepIfShellClosed
 .text.aptSetSleepAllowed
                0x00104a5c       0x84 /opt/devkitpro//libctru/lib/libctru.a(apt.o)
                0x00104a5c                aptSetSleepAllowed
 .text.APT_UnlockTransition
                0x00104ae0       0x84 /opt/devkitpro//libctru/lib/libctru.a(apt.o)
                0x00104ae0                APT_UnlockTransition
 *fill*         0x00104b64        0x4 
 .text.aptEventHandler
                0x00104b68      0x4a4 /opt/devkitpro//libctru/lib/libctru.a(apt.o)
 .text.APT_ReceiveParameter
                0x0010500c       0xb0 /opt/devkitpro//libctru/lib/libctru.a(apt.o)
                0x0010500c                APT_ReceiveParameter
 .text.aptReceiveParameter.constprop.0
                0x001050bc       0xac /opt/devkitpro//libctru/lib/libctru.a(apt.o)
 .text.aptScreenTransfer
                0x00105168      0x2ac /opt/devkitpro//libctru/lib/libctru.a(apt.o)
 .text.aptWaitForWakeUp.isra.0
                0x00105414      0x320 /opt/devkitpro//libctru/lib/libctru.a(apt.o)
 .text.aptJumpToHomeMenu
                0x00105734       0xf8 /opt/devkitpro//libctru/lib/libctru.a(apt.o)
                0x00105734                aptJumpToHomeMenu
 .text.aptMainLoop
                0x0010582c       0x48 /opt/devkitpro//libctru/lib/libctru.a(apt.o)
                0x0010582c                aptMainLoop
 .text.aptInit  0x00105874      0x22c /opt/devkitpro//libctru/lib/libctru.a(apt.o)
                0x00105874                aptInit
 .text.APT_CheckNew3DS
                0x00105aa0       0x7c /opt/devkitpro//libctru/lib/libctru.a(apt.o)
                0x00105aa0                APT_CheckNew3DS
 .text.connect  0x00105b1c      0x174 /opt/devkitpro//libctru/lib/libctru.a(soc_connect.o)
                0x00105b1c                connect
 .text.socket   0x00105c90      0x14c /opt/devkitpro//libctru/lib/libctru.a(soc_socket.o)
                0x00105c90                socket
 .text.getaddrinfo
                0x00105ddc      0x2c4 /opt/devkitpro//libctru/lib/libctru.a(soc_getaddrinfo.o)
                0x00105ddc                getaddrinfo
 .text.soc_open
                0x001060a0       0x14 /opt/devkitpro//libctru/lib/libctru.a(soc_init.o)
 .text.soc_read
                0x001060b4       0x34 /opt/devkitpro//libctru/lib/libctru.a(soc_init.o)
 .text.soc_write
                0x001060e8       0x34 /opt/devkitpro//libctru/lib/libctru.a(soc_init.o)
 .text.soc_close
                0x0010611c       0x8c /opt/devkitpro//libctru/lib/libctru.a(soc_init.o)
 .text.socInit  0x001061a8      0x14c /opt/devkitpro//libctru/lib/libctru.a(soc_init.o)
                0x001061a8                socInit
 .text.socExit  0x001062f4       0x88 /opt/devkitpro//libctru/lib/libctru.a(soc_init.o)
                0x001062f4                socExit
 .text._net_convert_error
                0x0010637c       0x3c /opt/devkitpro//libctru/lib/libctru.a(soc_common.o)
                0x0010637c                _net_convert_error
 .text.socuipc_cmd7
                0x001063b8      0x140 /opt/devkitpro//libctru/lib/libctru.a(soc_recvfrom.o)
                0x001063b8                socuipc_cmd7
 .text.socuipc_cmd8
                0x001064f8      0x15c /opt/devkitpro//libctru/lib/libctru.a(soc_recvfrom.o)
                0x001064f8                socuipc_cmd8
 .text.soc_recvfrom
                0x00106654       0x24 /opt/devkitpro//libctru/lib/libctru.a(soc_recvfrom.o)
                0x00106654                soc_recvfrom
 .text.socuipc_cmd9
                0x00106678      0x158 /opt/devkitpro//libctru/lib/libctru.a(soc_sendto.o)
                0x00106678                socuipc_cmd9
 .text.socuipc_cmda
                0x001067d0      0x15c /opt/devkitpro//libctru/lib/libctru.a(soc_sendto.o)
                0x001067d0                socuipc_cmda
 .text.soc_sendto
                0x0010692c       0x24 /opt/devkitpro//libctru/lib/libctru.a(soc_sendto.o)
                0x0010692c                soc_sendto
 .text.__libctru_init
                0x00106950       0x38 /opt/devkitpro//libctru/lib/libctru.a(ctru_init.o)
                0x00106950                __libctru_init
 .text.__system_initArgv
                0x00106988      0x170 /opt/devkitpro//libctru/lib/libctru.a(initArgv.o)
                0x00106988                __system_initArgv
 .text.svcControlMemory
                0x00106af8       0x20 /opt/devkitpro//libctru/lib/libctru.a(svc.o)
                0x00106af8                svcControlMemory
 .text.svcQueryMemory
                0x00106b18       0x30 /opt/devkitpro//libctru/lib/libctru.a(svc.o)
                0x00106b18                svcQueryMemory
 .text.svcExitProcess
                0x00106b48        0x8 /opt/devkitpro//libctru/lib/libctru.a(svc.o)
                0x00106b48                svcExitProcess
 .text.svcCreateThread
                0x00106b50       0x20 /opt/devkitpro//libctru/lib/libctru.a(svc.o)
                0x00106b50                svcCreateThread
 .text.svcExitThread
                0x00106b70        0x8 /opt/devkitpro//libctru/lib/libctru.a(svc.o)
                0x00106b70                svcExitThread
 .text.svcSleepThread
                0x00106b78        0x8 /opt/devkitpro//libctru/lib/libctru.a(svc.o)
                0x00106b78                svcSleepThread
 .text.svcReleaseMutex
                0x00106b80        0x8 /opt/devkitpro//libctru/lib/libctru.a(svc.o)
                0x00106b80                svcReleaseMutex
 .text.svcCreateEvent
                0x00106b88       0x14 /opt/devkitpro//libctru/lib/libctru.a(svc.o)
                0x00106b88                svcCreateEvent
 .text.svcSignalEvent
                0x00106b9c        0x8 /opt/devkitpro//libctru/lib/libctru.a(svc.o)
                0x00106b9c                svcSignalEvent
 .text.svcClearEvent
                0x00106ba4        0x8 /opt/devkitpro//libctru/lib/libctru.a(svc.o)
                0x00106ba4                svcClearEvent
 .text.svcCreateMemoryBlock
                0x00106bac       0x18 /opt/devkitpro//libctru/lib/libctru.a(svc.o)
                0x00106bac                svcCreateMemoryBlock
 .text.svcMapMemoryBlock
                0x00106bc4        0x8 /opt/devkitpro//libctru/lib/libctru.a(svc.o)
                0x00106bc4                svcMapMemoryBlock
 .text.svcUnmapMemoryBlock
                0x00106bcc        0x8 /opt/devkitpro//libctru/lib/libctru.a(svc.o)
                0x00106bcc                svcUnmapMemoryBlock
 .text.svcCreateAddressArbiter
                0x00106bd4       0x14 /opt/devkitpro//libctru/lib/libctru.a(svc.o)
                0x00106bd4                svcCreateAddressArbiter
 .text.svcArbitrateAddressNoTimeout
                0x00106be8        0x8 /opt/devkitpro//libctru/lib/libctru.a(svc.o)
                0x00106be8                svcArbitrateAddressNoTimeout
 .text.svcCloseHandle
                0x00106bf0        0x8 /opt/devkitpro//libctru/lib/libctru.a(svc.o)
                0x00106bf0                svcCloseHandle
 .text.svcWaitSynchronization
                0x00106bf8        0x8 /opt/devkitpro//libctru/lib/libctru.a(svc.o)
                0x00106bf8                svcWaitSynchronization
 .text.svcWaitSynchronizationN
                0x00106c00       0x28 /opt/devkitpro//libctru/lib/libctru.a(svc.o)
                0x00106c00                svcWaitSynchronizationN
 .text.svcDuplicateHandle
                0x00106c28       0x14 /opt/devkitpro//libctru/lib/libctru.a(svc.o)
                0x00106c28                svcDuplicateHandle
 .text.svcConnectToPort
                0x00106c3c       0x14 /opt/devkitpro//libctru/lib/libctru.a(svc.o)
                0x00106c3c                svcConnectToPort
 .text.svcSendSyncRequest
                0x00106c50        0x8 /opt/devkitpro//libctru/lib/libctru.a(svc.o)
                0x00106c50                svcSendSyncRequest
 .text.svcGetResourceLimit
                0x00106c58       0x14 /opt/devkitpro//libctru/lib/libctru.a(svc.o)
                0x00106c58                svcGetResourceLimit
 .text.svcGetResourceLimitLimitValues
                0x00106c6c        0x8 /opt/devkitpro//libctru/lib/libctru.a(svc.o)
                0x00106c6c                svcGetResourceLimitLimitValues
 .text.svcGetResourceLimitCurrentValues
                0x00106c74        0x8 /opt/devkitpro//libctru/lib/libctru.a(svc.o)
                0x00106c74                svcGetResourceLimitCurrentValues
 .text.svcBreak
                0x00106c7c        0x8 /opt/devkitpro//libctru/lib/libctru.a(svc.o)
                0x00106c7c                svcBreak
 .text.initSystem
                0x00106c84       0x50 /opt/devkitpro//libctru/lib/libctru.a(stack_adjust.o)
                0x00106c84                initSystem
 .text.__ctru_exit
                0x00106cd4       0x18 /opt/devkitpro//libctru/lib/libctru.a(stack_adjust.o)
                0x00106cd4                __ctru_exit
 .text._ZL21addrMapNodeComparatorPK11rbtree_nodeS1_
                0x00106cec       0x24 /opt/devkitpro//libctru/lib/libctru.a(vram.o)
 .text._ZL21addrMapNodeDestructorP11rbtree_node
                0x00106d10        0x4 /opt/devkitpro//libctru/lib/libctru.a(vram.o)
 .text.vramMemAlignAt
                0x00106d14      0x24c /opt/devkitpro//libctru/lib/libctru.a(vram.o)
                0x00106d14                vramMemAlignAt
 .text.vramAlloc
                0x00106f60        0xc /opt/devkitpro//libctru/lib/libctru.a(vram.o)
                0x00106f60                vramAlloc
 .text.vramFree
                0x00106f6c       0x90 /opt/devkitpro//libctru/lib/libctru.a(vram.o)
                0x00106f6c                vramFree
 .text._ZL21addrMapNodeComparatorPK11rbtree_nodeS1_
                0x00106ffc       0x24 /opt/devkitpro//libctru/lib/libctru.a(linear.o)
 .text._ZL21addrMapNodeDestructorP11rbtree_node
                0x00107020        0x4 /opt/devkitpro//libctru/lib/libctru.a(linear.o)
 .text.linearMemAlign
                0x00107024      0x120 /opt/devkitpro//libctru/lib/libctru.a(linear.o)
                0x00107024                linearMemAlign
 .text.linearAlloc
                0x00107144        0x8 /opt/devkitpro//libctru/lib/libctru.a(linear.o)
                0x00107144                linearAlloc
 .text.linearFree
                0x0010714c       0x5c /opt/devkitpro//libctru/lib/libctru.a(linear.o)
                0x0010714c                linearFree
 .text._ZN7MemPool13CoalesceRightEP8MemBlock
                0x001071a8       0x80 /opt/devkitpro//libctru/lib/libctru.a(mem_pool.o)
                0x001071a8                MemPool::CoalesceRight(MemBlock*)
 .text._ZN7MemPool8AllocateER8MemChunkmi
                0x00107228      0x16c /opt/devkitpro//libctru/lib/libctru.a(mem_pool.o)
                0x00107228                MemPool::Allocate(MemChunk&, unsigned long, int)
 .text._ZN7MemPool10DeallocateERK8MemChunk
                0x00107394       0xfc /opt/devkitpro//libctru/lib/libctru.a(mem_pool.o)
                0x00107394                MemPool::Deallocate(MemChunk const&)
 .text._ZN7MemPool12GetFreeSpaceEv
                0x00107490       0x30 /opt/devkitpro//libctru/lib/libctru.a(mem_pool.o)
                0x00107490                MemPool::GetFreeSpace()
 .text.__sync_init
                0x001074c0        0xc /opt/devkitpro//libctru/lib/libctru.a(synchronization.o)
                0x001074c0                __sync_init
 .text.__sync_fini
                0x001074cc       0x18 /opt/devkitpro//libctru/lib/libctru.a(synchronization.o)
                0x001074cc                __sync_fini
 .text.syncArbitrateAddress
                0x001074e4       0x2c /opt/devkitpro//libctru/lib/libctru.a(synchronization.o)
                0x001074e4                syncArbitrateAddress
 .text.LightLock_Lock
                0x00107510       0xac /opt/devkitpro//libctru/lib/libctru.a(synchronization.o)
                0x00107510                LightLock_Lock
 .text.LightLock_Unlock
                0x001075bc       0x40 /opt/devkitpro//libctru/lib/libctru.a(synchronization.o)
                0x001075bc                LightLock_Unlock
 .text.RecursiveLock_Lock
                0x001075fc       0x30 /opt/devkitpro//libctru/lib/libctru.a(synchronization.o)
                0x001075fc                RecursiveLock_Lock
 .text.RecursiveLock_Unlock
                0x0010762c       0x54 /opt/devkitpro//libctru/lib/libctru.a(synchronization.o)
                0x0010762c                RecursiveLock_Unlock
 .text.LightEvent_Init
                0x00107680       0x40 /opt/devkitpro//libctru/lib/libctru.a(synchronization.o)
                0x00107680                LightEvent_Init
 .text.LightEvent_Clear
                0x001076c0       0xa4 /opt/devkitpro//libctru/lib/libctru.a(synchronization.o)
                0x001076c0                LightEvent_Clear
 .text.LightEvent_Signal
                0x00107764       0xc8 /opt/devkitpro//libctru/lib/libctru.a(synchronization.o)
                0x00107764                LightEvent_Signal
 .text.LightEvent_TryWait
                0x0010782c       0x50 /opt/devkitpro//libctru/lib/libctru.a(synchronization.o)
                0x0010782c                LightEvent_TryWait
 .text.LightEvent_Wait
                0x0010787c       0xa0 /opt/devkitpro//libctru/lib/libctru.a(synchronization.o)
                0x0010787c                LightEvent_Wait
 .text.__ctru_speedup_config
                0x0010791c       0x34 /opt/devkitpro//libctru/lib/libctru.a(os.o)
                0x0010791c                __ctru_speedup_config
 .text.srvInit  0x00107950      0x12c /opt/devkitpro//libctru/lib/libctru.a(srv.o)
                0x00107950                srvInit
 .text.srvExit  0x00107a7c       0x58 /opt/devkitpro//libctru/lib/libctru.a(srv.o)
                0x00107a7c                srvExit
 .text.srvEnableNotification
                0x00107ad4       0x60 /opt/devkitpro//libctru/lib/libctru.a(srv.o)
                0x00107ad4                srvEnableNotification
 .text.srvGetServiceHandleDirect
                0x00107b34       0xa0 /opt/devkitpro//libctru/lib/libctru.a(srv.o)
                0x00107b34                srvGetServiceHandleDirect
 .text.srvGetServiceHandle
                0x00107bd4       0x38 /opt/devkitpro//libctru/lib/libctru.a(srv.o)
                0x00107bd4                srvGetServiceHandle
 .text.srvSubscribe
                0x00107c0c       0x34 /opt/devkitpro//libctru/lib/libctru.a(srv.o)
                0x00107c0c                srvSubscribe
 .text.srvReceiveNotification
                0x00107c40       0x60 /opt/devkitpro//libctru/lib/libctru.a(srv.o)
                0x00107c40                srvReceiveNotification
 .text.srvPublishToSubscriber
                0x00107ca0       0x38 /opt/devkitpro//libctru/lib/libctru.a(srv.o)
                0x00107ca0                srvPublishToSubscriber
 .text.threadCreate
                0x00107cd8      0x1d8 /opt/devkitpro//libctru/lib/libctru.a(thread.o)
                0x00107cd8                threadCreate
 .text.threadFree
                0x00107eb0       0x2c /opt/devkitpro//libctru/lib/libctru.a(thread.o)
                0x00107eb0                threadFree
 .text.threadJoin
                0x00107edc       0x24 /opt/devkitpro//libctru/lib/libctru.a(thread.o)
                0x00107edc                threadJoin
 .text.threadGetCurrent
                0x00107f00       0x30 /opt/devkitpro//libctru/lib/libctru.a(thread.o)
                0x00107f00                threadGetCurrent
 .text.threadExit
                0x00107f30       0x40 /opt/devkitpro//libctru/lib/libctru.a(thread.o)
                0x00107f30                threadExit
 .text._thread_begin
                0x00107f70       0x20 /opt/devkitpro//libctru/lib/libctru.a(thread.o)
 .text.mappableFindAddressWithin
                0x00107f90       0xb4 /opt/devkitpro//libctru/lib/libctru.a(mappable.o)
 .text.mappableInit
                0x00108044       0x28 /opt/devkitpro//libctru/lib/libctru.a(mappable.o)
                0x00108044                mappableInit
 .text.mappableAlloc
                0x0010806c       0x80 /opt/devkitpro//libctru/lib/libctru.a(mappable.o)
                0x0010806c                mappableAlloc
 .text.mappableFree
                0x001080ec        0x4 /opt/devkitpro//libctru/lib/libctru.a(mappable.o)
                0x001080ec                mappableFree
 .text.irrstInit
                0x001080f0      0x160 /opt/devkitpro//libctru/lib/libctru.a(irrst.o)
                0x001080f0                irrstInit
 .text.irrstExit
                0x00108250       0xcc /opt/devkitpro//libctru/lib/libctru.a(irrst.o)
                0x00108250                irrstExit
 .text.irrstScanInput
                0x0010831c       0xb4 /opt/devkitpro//libctru/lib/libctru.a(irrst.o)
                0x0010831c                irrstScanInput
 .text.irrstKeysHeld
                0x001083d0       0x24 /opt/devkitpro//libctru/lib/libctru.a(irrst.o)
                0x001083d0                irrstKeysHeld
 .text.srvPmGetSessionHandle
                0x001083f4        0xc /opt/devkitpro//libctru/lib/libctru.a(srvpm.o)
                0x001083f4                srvPmGetSessionHandle
 .text.ptmSysmInit
                0x00108400       0x74 /opt/devkitpro//libctru/lib/libctru.a(ptmsysm.o)
                0x00108400                ptmSysmInit
 .text.ptmSysmExit
                0x00108474       0x3c /opt/devkitpro//libctru/lib/libctru.a(ptmsysm.o)
                0x00108474                ptmSysmExit
 .text.PTMSYSM_ConfigureNew3DSCPU
                0x001084b0       0x34 /opt/devkitpro//libctru/lib/libctru.a(ptmsysm.o)
                0x001084b0                PTMSYSM_ConfigureNew3DSCPU
 .text.rbtree_init
                0x001084e4       0x10 /opt/devkitpro//libctru/lib/libctru.a(rbtree_init.o)
                0x001084e4                rbtree_init
 .text.do_insert
                0x001084f4      0x1b0 /opt/devkitpro//libctru/lib/libctru.a(rbtree_insert.o)
 .text.rbtree_insert
                0x001086a4        0x8 /opt/devkitpro//libctru/lib/libctru.a(rbtree_insert.o)
                0x001086a4                rbtree_insert
 .text.rbtree_rotate
                0x001086ac       0x90 /opt/devkitpro//libctru/lib/libctru.a(rbtree_rotate.o)
                0x001086ac                rbtree_rotate
 .text.rbtree_remove
                0x0010873c      0x318 /opt/devkitpro//libctru/lib/libctru.a(rbtree_remove.o)
                0x0010873c                rbtree_remove
 .text.rbtree_find
                0x00108a54       0x74 /opt/devkitpro//libctru/lib/libctru.a(rbtree_find.o)
                0x00108a54                rbtree_find
 .text.__appInit
                0x00108ac8       0x30 /opt/devkitpro//libctru/lib/libctru.a(appInit.o)
                0x00108ac8                __appInit
 .text.__syscall_getreent
                0x00108af8       0x30 /opt/devkitpro//libctru/lib/libctru.a(syscalls.o)
                0x00108af8                __syscall_getreent
 .text.__syscall_lock_acquire
                0x00108b28        0x4 /opt/devkitpro//libctru/lib/libctru.a(syscalls.o)
                0x00108b28                __syscall_lock_acquire
 .text.__syscall_lock_release
                0x00108b2c        0x4 /opt/devkitpro//libctru/lib/libctru.a(syscalls.o)
                0x00108b2c                __syscall_lock_release
 .text.__syscall_lock_acquire_recursive
                0x00108b30        0x4 /opt/devkitpro//libctru/lib/libctru.a(syscalls.o)
                0x00108b30                __syscall_lock_acquire_recursive
 .text.__syscall_lock_release_recursive
                0x00108b34        0x4 /opt/devkitpro//libctru/lib/libctru.a(syscalls.o)
                0x00108b34                __syscall_lock_release_recursive
 .text.__syscall_exit
                0x00108b38        0x4 /opt/devkitpro//libctru/lib/libctru.a(syscalls.o)
                0x00108b38                __syscall_exit
 .text.initThreadVars
                0x00108b3c       0x50 /opt/devkitpro//libctru/lib/libctru.a(syscalls.o)
                0x00108b3c                initThreadVars
 .text.__system_initSyscalls
                0x00108b8c       0x80 /opt/devkitpro//libctru/lib/libctru.a(syscalls.o)
                0x00108b8c                __system_initSyscalls
 *fill*         0x00108c0c        0x4 
 .text.__system_allocateHeaps
                0x00108c10      0x1e0 /opt/devkitpro//libctru/lib/libctru.a(allocateHeaps.o)
                0x00108c10                __system_allocateHeaps
 .text.__appExit
                0x00108df0       0x30 /opt/devkitpro//libctru/lib/libctru.a(appExit.o)
                0x00108df0                __appExit
 .text.__libctru_exit
                0x00108e20       0x90 /opt/devkitpro//libctru/lib/libctru.a(ctru_exit.o)
                0x00108e20                __libctru_exit
 .text.envGetHandle
                0x00108eb0       0x84 /opt/devkitpro//libctru/lib/libctru.a(env.o)
                0x00108eb0                envGetHandle
 .text.envDestroyHandles
                0x00108f34       0x50 /opt/devkitpro//libctru/lib/libctru.a(env.o)
                0x00108f34                envDestroyHandles
 .text.archive_link
                0x00108f84       0x14 /opt/devkitpro//libctru/lib/libctru.a(archive_dev.o)
 .text.archive_dirreset
                0x00108f98       0x14 /opt/devkitpro//libctru/lib/libctru.a(archive_dev.o)
 .text.archive_chmod
                0x00108fac       0x14 /opt/devkitpro//libctru/lib/libctru.a(archive_dev.o)
 .text.error_cmp
                0x00108fc0       0x24 /opt/devkitpro//libctru/lib/libctru.a(archive_dev.o)
 .text.archive_translate_error
                0x00108fe4       0x50 /opt/devkitpro//libctru/lib/libctru.a(archive_dev.o)
 .text.archive_seek
                0x00109034       0xc8 /opt/devkitpro//libctru/lib/libctru.a(archive_dev.o)
 .text._archiveInit.part.0
                0x001090fc       0x7c /opt/devkitpro//libctru/lib/libctru.a(archive_dev.o)
 .text.archiveFindDevice.part.0
                0x00109178       0xc4 /opt/devkitpro//libctru/lib/libctru.a(archive_dev.o)
 .text.archive_utf16path
                0x0010923c      0x280 /opt/devkitpro//libctru/lib/libctru.a(archive_dev.o)
 .text._archiveUnmountDeviceStruct.part.0
                0x001094bc       0x9c /opt/devkitpro//libctru/lib/libctru.a(archive_dev.o)
 .text.archive_fchmod
                0x00109558       0x14 /opt/devkitpro//libctru/lib/libctru.a(archive_dev.o)
 .text.archive_statvfs
                0x0010956c       0x14 /opt/devkitpro//libctru/lib/libctru.a(archive_dev.o)
 .text._archiveMountDevice
                0x00109580      0x164 /opt/devkitpro//libctru/lib/libctru.a(archive_dev.o)
 .text.archive_diropen
                0x001096e4       0xe8 /opt/devkitpro//libctru/lib/libctru.a(archive_dev.o)
 .text.archive_fstat
                0x001097cc       0xa4 /opt/devkitpro//libctru/lib/libctru.a(archive_dev.o)
 .text.archive_fsync
                0x00109870       0x6c /opt/devkitpro//libctru/lib/libctru.a(archive_dev.o)
 .text.archive_close
                0x001098dc       0x6c /opt/devkitpro//libctru/lib/libctru.a(archive_dev.o)
 .text.archive_dirclose
                0x00109948       0x70 /opt/devkitpro//libctru/lib/libctru.a(archive_dev.o)
 .text.sdmc_statvfs
                0x001099b8       0xe8 /opt/devkitpro//libctru/lib/libctru.a(archive_dev.o)
 .text.archive_chdir
                0x00109aa0       0xec /opt/devkitpro//libctru/lib/libctru.a(archive_dev.o)
 .text.archive_ftruncate
                0x00109b8c       0x7c /opt/devkitpro//libctru/lib/libctru.a(archive_dev.o)
 .text.archive_read
                0x00109c08       0xac /opt/devkitpro//libctru/lib/libctru.a(archive_dev.o)
 .text.archive_unlink
                0x00109cb4       0xa4 /opt/devkitpro//libctru/lib/libctru.a(archive_dev.o)
 .text.archive_rmdir
                0x00109d58       0xbc /opt/devkitpro//libctru/lib/libctru.a(archive_dev.o)
 .text.archive_mkdir
                0x00109e14       0xdc /opt/devkitpro//libctru/lib/libctru.a(archive_dev.o)
 .text.archive_stat
                0x00109ef0      0x194 /opt/devkitpro//libctru/lib/libctru.a(archive_dev.o)
 .text.archive_dirnext
                0x0010a084      0x160 /opt/devkitpro//libctru/lib/libctru.a(archive_dev.o)
 .text.archive_write
                0x0010a1e4      0x124 /opt/devkitpro//libctru/lib/libctru.a(archive_dev.o)
 .text.archive_open
                0x0010a308      0x20c /opt/devkitpro//libctru/lib/libctru.a(archive_dev.o)
 .text.archive_rename
                0x0010a514      0x278 /opt/devkitpro//libctru/lib/libctru.a(archive_dev.o)
 .text.archiveMountSdmc
                0x0010a78c      0x19c /opt/devkitpro//libctru/lib/libctru.a(archive_dev.o)
                0x0010a78c                archiveMountSdmc
 .text.archiveUnmountAll
                0x0010a928       0x54 /opt/devkitpro//libctru/lib/libctru.a(archive_dev.o)
                0x0010a928                archiveUnmountAll
 .text.fsInit   0x0010a97c       0xcc /opt/devkitpro//libctru/lib/libctru.a(fs.o)
                0x0010a97c                fsInit
 .text.fsExit   0x0010aa48       0x3c /opt/devkitpro//libctru/lib/libctru.a(fs.o)
                0x0010aa48                fsExit
 .text.fsExemptFromSession
                0x0010aa84       0x60 /opt/devkitpro//libctru/lib/libctru.a(fs.o)
                0x0010aa84                fsExemptFromSession
 .text.fsUnexemptFromSession
                0x0010aae4       0x50 /opt/devkitpro//libctru/lib/libctru.a(fs.o)
                0x0010aae4                fsUnexemptFromSession
 .text.FSUSER_OpenFile
                0x0010ab34       0xcc /opt/devkitpro//libctru/lib/libctru.a(fs.o)
                0x0010ab34                FSUSER_OpenFile
 .text.FSUSER_DeleteFile
                0x0010ac00       0xbc /opt/devkitpro//libctru/lib/libctru.a(fs.o)
                0x0010ac00                FSUSER_DeleteFile
 .text.FSUSER_RenameFile
                0x0010acbc       0xf8 /opt/devkitpro//libctru/lib/libctru.a(fs.o)
                0x0010acbc                FSUSER_RenameFile
 .text.FSUSER_DeleteDirectory
                0x0010adb4       0xbc /opt/devkitpro//libctru/lib/libctru.a(fs.o)
                0x0010adb4                FSUSER_DeleteDirectory
 .text.FSUSER_CreateFile
                0x0010ae70       0xd4 /opt/devkitpro//libctru/lib/libctru.a(fs.o)
                0x0010ae70                FSUSER_CreateFile
 .text.FSUSER_CreateDirectory
                0x0010af44       0xc4 /opt/devkitpro//libctru/lib/libctru.a(fs.o)
                0x0010af44                FSUSER_CreateDirectory
 .text.FSUSER_RenameDirectory
                0x0010b008       0xf8 /opt/devkitpro//libctru/lib/libctru.a(fs.o)
                0x0010b008                FSUSER_RenameDirectory
 .text.FSUSER_OpenDirectory
                0x0010b100       0xb4 /opt/devkitpro//libctru/lib/libctru.a(fs.o)
                0x0010b100                FSUSER_OpenDirectory
 .text.FSUSER_OpenArchive
                0x0010b1b4       0x94 /opt/devkitpro//libctru/lib/libctru.a(fs.o)
                0x0010b1b4                FSUSER_OpenArchive
 .text.FSUSER_CloseArchive
                0x0010b248       0x8c /opt/devkitpro//libctru/lib/libctru.a(fs.o)
                0x0010b248                FSUSER_CloseArchive
 .text.FSUSER_GetSdmcArchiveResource
                0x0010b2d4       0x74 /opt/devkitpro//libctru/lib/libctru.a(fs.o)
                0x0010b2d4                FSUSER_GetSdmcArchiveResource
 .text.FSUSER_IsSdmcWritable
                0x0010b348       0x64 /opt/devkitpro//libctru/lib/libctru.a(fs.o)
                0x0010b348                FSUSER_IsSdmcWritable
 .text.FSFILE_Read
                0x0010b3ac       0x58 /opt/devkitpro//libctru/lib/libctru.a(fs.o)
                0x0010b3ac                FSFILE_Read
 .text.FSFILE_Write
                0x0010b404       0x60 /opt/devkitpro//libctru/lib/libctru.a(fs.o)
                0x0010b404                FSFILE_Write
 .text.FSFILE_GetSize
                0x0010b464       0x38 /opt/devkitpro//libctru/lib/libctru.a(fs.o)
                0x0010b464                FSFILE_GetSize
 .text.FSFILE_SetSize
                0x0010b49c       0x28 /opt/devkitpro//libctru/lib/libctru.a(fs.o)
                0x0010b49c                FSFILE_SetSize
 .text.FSFILE_Close
                0x0010b4c4       0x3c /opt/devkitpro//libctru/lib/libctru.a(fs.o)
                0x0010b4c4                FSFILE_Close
 .text.FSFILE_Flush
                0x0010b500       0x24 /opt/devkitpro//libctru/lib/libctru.a(fs.o)
                0x0010b500                FSFILE_Flush
 .text.FSDIR_Read
                0x0010b524       0x50 /opt/devkitpro//libctru/lib/libctru.a(fs.o)
                0x0010b524                FSDIR_Read
 .text.FSDIR_Close
                0x0010b574       0x3c /opt/devkitpro//libctru/lib/libctru.a(fs.o)
                0x0010b574                FSDIR_Close
 .text.rbtree_node_next
                0x0010b5b0       0x5c /opt/devkitpro//libctru/lib/libctru.a(rbtree_iterator.o)
                0x0010b5b0                rbtree_node_next
 .text.utf8_to_utf16
                0x0010b60c       0xc0 /opt/devkitpro//libctru/lib/libctru.a(utf8_to_utf16.o)
                0x0010b60c                utf8_to_utf16
 .text.decode_utf8
                0x0010b6cc      0x13c /opt/devkitpro//libctru/lib/libctru.a(decode_utf8.o)
                0x0010b6cc                decode_utf8
 .text.utf16_to_utf8
                0x0010b808       0xe8 /opt/devkitpro//libctru/lib/libctru.a(utf16_to_utf8.o)
                0x0010b808                utf16_to_utf8
 .text.__aeabi_read_tp
                0x0010b8f0        0xc /opt/devkitpro//libctru/lib/libctru.a(readtp.o)
                0x0010b8f0                __aeabi_read_tp
 .text.encode_utf16
                0x0010b8fc       0x54 /opt/devkitpro//libctru/lib/libctru.a(encode_utf16.o)
                0x0010b8fc                encode_utf16
 .text.encode_utf8
                0x0010b950       0xe0 /opt/devkitpro//libctru/lib/libctru.a(encode_utf8.o)
                0x0010b950                encode_utf8
 .text.decode_utf16
                0x0010ba30       0x64 /opt/devkitpro//libctru/lib/libctru.a(decode_utf16.o)
                0x0010ba30                decode_utf16
 .text.__udivmoddi4
                0x0010ba94      0x120 /opt/devkitpro/devkitARM/bin/../lib/gcc/arm-none-eabi/13.2.0/armv6k/fpu/libgcc.a(_udivmoddi4.o)
                0x0010ba94                __udivmoddi4
 .text.printf   0x0010bbb4       0x34 /opt/devkitpro/devkitARM/bin/../lib/gcc/arm-none-eabi/13.2.0/../../../../arm-none-eabi/lib/armv6k/fpu/libg.a(libc_a-printf.o)
                0x0010bbb4                printf
 .text.memalign
                0x0010bbe8       0x20 /opt/devkitpro/devkitARM/bin/../lib/gcc/arm-none-eabi/13.2.0/../../../../arm-none-eabi/lib/armv6k/fpu/libg.a(libc_a-malign.o)
                0x0010bbe8                memalign
 .text._memalign_r
                0x0010bc08      0x14c /opt/devkitpro/devkitARM/bin/../lib/gcc/arm-none-eabi/13.2.0/../../../../arm-none-eabi/lib/armv6k/fpu/libg.a(libc_a-malignr.o)
                0x0010bc08                _memalign_r
 .text.atexit   0x0010bd54       0x14 /opt/devkitpro/devkitARM/bin/../lib/gcc/arm-none-eabi/13.2.0/../../../../arm-none-eabi/lib/armv6k/fpu/libg.a(libc_a-atexit.o)
                0x0010bd54                atexit
 .text._puts_r  0x0010bd68       0xe0 /opt/devkitpro/devkitARM/bin/../lib/gcc/arm-none-eabi/13.2.0/../../../../arm-none-eabi/lib/armv6k/fpu/libg.a(libc_a-puts.o)
                0x0010bd68                _puts_r
 .text.puts     0x0010be48       0x18 /opt/devkitpro/devkitARM/bin/../lib/gcc/arm-none-eabi/13.2.0/../../../../arm-none-eabi/lib/armv6k/fpu/libg.a(libc_a-puts.o)
                0x0010be48                puts
 .text.bsearch  0x0010be60       0x78 /opt/devkitpro/devkitARM/bin/../lib/gcc/arm-none-eabi/13.2.0/../../../../arm-none-eabi/lib/armv6k/fpu/libg.a(libc_a-bsearch.o)
                0x0010be60                bsearch
 .text.sscanf   0x0010bed8       0x74 /opt/devkitpro/devkitARM/bin/../lib/gcc/arm-none-eabi/13.2.0/../../../../arm-none-eabi/lib/armv6k/fpu/libg.a(libc_a-sscanf.o)
                0x0010bed8                sscanf
 .text.__sread  0x0010bf4c       0x44 /opt/devkitpro/devkitARM/bin/../lib/gcc/arm-none-eabi/13.2.0/../../../../arm-none-eabi/lib/armv6k/fpu/libg.a(libc_a-stdio.o)
                0x0010bf4c                __sread
 .text.__seofread
                0x0010bf90        0x8 /opt/devkitpro/devkitARM/bin/../lib/gcc/arm-none-eabi/13.2.0/../../../../arm-none-eabi/lib/armv6k/fpu/libg.a(libc_a-stdio.o)
                0x0010bf90                __seofread
 .text.__swrite
                0x0010bf98       0x68 /opt/devkitpro/devkitARM/bin/../lib/gcc/arm-none-eabi/13.2.0/../../../../arm-none-eabi/lib/armv6k/fpu/libg.a(libc_a-stdio.o)
                0x0010bf98                __swrite
 .text.__sseek  0x0010c000       0x44 /opt/devkitpro/devkitARM/bin/../lib/gcc/arm-none-eabi/13.2.0/../../../../arm-none-eabi/lib/armv6k/fpu/libg.a(libc_a-stdio.o)
                0x0010c000                __sseek
 .text.__sclose
                0x0010c044        0x8 /opt/devkitpro/devkitARM/bin/../lib/gcc/arm-none-eabi/13.2.0/../../../../arm-none-eabi/lib/armv6k/fpu/libg.a(libc_a-stdio.o)
                0x0010c044                __sclose
 .text.calloc   0x0010c04c       0x20 /opt/devkitpro/devkitARM/bin/../lib/gcc/arm-none-eabi/13.2.0/../../../../arm-none-eabi/lib/armv6k/fpu/libg.a(libc_a-calloc.o)
                0x0010c04c                calloc
 .text._calloc_r
                0x0010c06c       0xc0 /opt/devkitpro/devkitARM/bin/../lib/gcc/arm-none-eabi/13.2.0/../../../../arm-none-eabi/lib/armv6k/fpu/libg.a(libc_a-callocr.o)
                0x0010c06c                _calloc_r
 .text.setvbuf  0x0010c12c      0x25c /opt/devkitpro/devkitARM/bin/../lib/gcc/arm-none-eabi/13.2.0/../../../../arm-none-eabi/lib/armv6k/fpu/libg.a(libc_a-setvbuf.o)
                0x0010c12c                setvbuf
 .text.exit     0x0010c388       0x30 /opt/devkitpro/devkitARM/bin/../lib/gcc/arm-none-eabi/13.2.0/../../../../arm-none-eabi/lib/armv6k/fpu/libg.a(libc_a-exit.o)
                0x0010c388                exit
 .text._malloc_trim_r
                0x0010c3b8       0xf8 /opt/devkitpro/devkitARM/bin/../lib/gcc/arm-none-eabi/13.2.0/../../../../arm-none-eabi/lib/armv6k/fpu/libg.a(libc_a-freer.o)
                0x0010c3b8                _malloc_trim_r
 .text._free_r  0x0010c4b0      0x2e8 /opt/devkitpro/devkitARM/bin/../lib/gcc/arm-none-eabi/13.2.0/../../../../arm-none-eabi/lib/armv6k/fpu/libg.a(libc_a-freer.o)
                0x0010c4b0                _free_r
 .text.vprintf  0x0010c798       0x24 /opt/devkitpro/devkitARM/bin/../lib/gcc/arm-none-eabi/13.2.0/../../../../arm-none-eabi/lib/armv6k/fpu/libg.a(libc_a-vprintf.o)
                0x0010c798                vprintf
 .text.malloc   0x0010c7bc       0x18 /opt/devkitpro/devkitARM/bin/../lib/gcc/arm-none-eabi/13.2.0/../../../../arm-none-eabi/lib/armv6k/fpu/libg.a(libc_a-malloc.o)
                0x0010c7bc                malloc
 .text.free     0x0010c7d4       0x18 /opt/devkitpro/devkitARM/bin/../lib/gcc/arm-none-eabi/13.2.0/../../../../arm-none-eabi/lib/armv6k/fpu/libg.a(libc_a-malloc.o)
                0x0010c7d4                free
 .text.get_arg  0x0010c7ec       0x50 /opt/devkitpro/devkitARM/bin/../lib/gcc/arm-none-eabi/13.2.0/../../../../arm-none-eabi/lib/armv6k/fpu/libg.a(libc_a-svfscanf.o)
 .text.__ssvfscanf_r
                0x0010c83c     0x2bf8 /opt/devkitpro/devkitARM/bin/../lib/gcc/arm-none-eabi/13.2.0/../../../../arm-none-eabi/lib/armv6k/fpu/libg.a(libc_a-svfscanf.o)
                0x0010c83c                __ssvfscanf_r
 .text._malloc_r
                0x0010f434      0x79c /opt/devkitpro/devkitARM/bin/../lib/gcc/arm-none-eabi/13.2.0/../../../../arm-none-eabi/lib/armv6k/fpu/libg.a(libc_a-mallocr.o)
                0x0010f434                _malloc_r
 .text.memset   0x0010fbd0       0xf4 /opt/devkitpro/devkitARM/bin/../lib/gcc/arm-none-eabi/13.2.0/../../../../arm-none-eabi/lib/armv6k/fpu/libg.a(libc_a-memset.o)
                0x0010fbd0                memset
 .text.__malloc_lock
                0x0010fcc4        0xc /opt/devkitpro/devkitARM/bin/../lib/gcc/arm-none-eabi/13.2.0/../../../../arm-none-eabi/lib/armv6k/fpu/libg.a(libc_a-mlock.o)
                0x0010fcc4                __malloc_lock
 .text.__malloc_unlock
                0x0010fcd0        0xc /opt/devkitpro/devkitARM/bin/../lib/gcc/arm-none-eabi/13.2.0/../../../../arm-none-eabi/lib/armv6k/fpu/libg.a(libc_a-mlock.o)
                0x0010fcd0                __malloc_unlock
 .text.get_arg  0x0010fcdc      0x64c /opt/devkitpro/devkitARM/bin/../lib/gcc/arm-none-eabi/13.2.0/../../../../arm-none-eabi/lib/armv6k/fpu/libg.a(libc_a-vfprintf.o)
 .text._vfprintf_r
                0x00110328     0x3378 /opt/devkitpro/devkitARM/bin/../lib/gcc/arm-none-eabi/13.2.0/../../../../arm-none-eabi/lib/armv6k/fpu/libg.a(libc_a-vfprintf.o)
                0x00110328                _vfprintf_r
 .text.__sbprintf
                0x001136a0       0xb8 /opt/devkitpro/devkitARM/bin/../lib/gcc/arm-none-eabi/13.2.0/../../../../arm-none-eabi/lib/armv6k/fpu/libg.a(libc_a-vfprintf.o)
 .text.strlen   0x00113758       0x90 /opt/devkitpro/devkitARM/bin/../lib/gcc/arm-none-eabi/13.2.0/../../../../arm-none-eabi/lib/armv6k/fpu/libg.a(libc_a-strlen.o)
                0x00113758                strlen
 .text.__sflush_r
                0x001137e8      0x22c /opt/devkitpro/devkitARM/bin/../lib/gcc/arm-none-eabi/13.2.0/../../../../arm-none-eabi/lib/armv6k/fpu/libg.a(libc_a-fflush.o)
                0x001137e8                __sflush_r
 .text._fflush_r
                0x00113a14       0x94 /opt/devkitpro/devkitARM/bin/../lib/gcc/arm-none-eabi/13.2.0/../../../../arm-none-eabi/lib/armv6k/fpu/libg.a(libc_a-fflush.o)
                0x00113a14                _fflush_r
 .text.strncat  0x00113aa8       0xe4 /opt/devkitpro/devkitARM/bin/../lib/gcc/arm-none-eabi/13.2.0/../../../../arm-none-eabi/lib/armv6k/fpu/libg.a(libc_a-strncat.o)
                0x00113aa8                strncat
 .text._strerror_r
                0x00113b8c      0x63c /opt/devkitpro/devkitARM/bin/../lib/gcc/arm-none-eabi/13.2.0/../../../../arm-none-eabi/lib/armv6k/fpu/libg.a(libc_a-strerror.o)
                0x00113b8c                _strerror_r
 .text.strerror
                0x001141c8       0x20 /opt/devkitpro/devkitARM/bin/../lib/gcc/arm-none-eabi/13.2.0/../../../../arm-none-eabi/lib/armv6k/fpu/libg.a(libc_a-strerror.o)
                0x001141c8                strerror
 .text.__sfvwrite_r
                0x001141e8      0x4b4 /opt/devkitpro/devkitARM/bin/../lib/gcc/arm-none-eabi/13.2.0/../../../../arm-none-eabi/lib/armv6k/fpu/libg.a(libc_a-fvwrite.o)
                0x001141e8                __sfvwrite_r
 .text.strncmp  0x0011469c       0xe4 /opt/devkitpro/devkitARM/bin/../lib/gcc/arm-none-eabi/13.2.0/../../../../arm-none-eabi/lib/armv6k/fpu/libg.a(libc_a-strncmp.o)
                0x0011469c                strncmp
 .text._fwalk_sglue
                0x00114780       0x70 /opt/devkitpro/devkitARM/bin/../lib/gcc/arm-none-eabi/13.2.0/../../../../arm-none-eabi/lib/armv6k/fpu/libg.a(libc_a-fwalk.o)
                0x00114780                _fwalk_sglue
 .text._realloc_r
                0x001147f0      0x4a0 /opt/devkitpro/devkitARM/bin/../lib/gcc/arm-none-eabi/13.2.0/../../../../arm-none-eabi/lib/armv6k/fpu/libg.a(libc_a-reallocr.o)
                0x001147f0                _realloc_r
 .text.strncpy  0x00114c90       0xc4 /opt/devkitpro/devkitARM/bin/../lib/gcc/arm-none-eabi/13.2.0/../../../../arm-none-eabi/lib/armv6k/fpu/libg.a(libc_a-strncpy.o)
                0x00114c90                strncpy
 .text.stdio_exit_handler
                0x00114d54       0x1c /opt/devkitpro/devkitARM/bin/../lib/gcc/arm-none-eabi/13.2.0/../../../../arm-none-eabi/lib/armv6k/fpu/libg.a(libc_a-findfp.o)
 .text.cleanup_stdio
                0x00114d70       0x5c /opt/devkitpro/devkitARM/bin/../lib/gcc/arm-none-eabi/13.2.0/../../../../arm-none-eabi/lib/armv6k/fpu/libg.a(libc_a-findfp.o)
 .text.global_stdio_init.part.0
                0x00114dcc      0x154 /opt/devkitpro/devkitARM/bin/../lib/gcc/arm-none-eabi/13.2.0/../../../../arm-none-eabi/lib/armv6k/fpu/libg.a(libc_a-findfp.o)
 .text.__sinit  0x00114f20       0x5c /opt/devkitpro/devkitARM/bin/../lib/gcc/arm-none-eabi/13.2.0/../../../../arm-none-eabi/lib/armv6k/fpu/libg.a(libc_a-findfp.o)
                0x00114f20                __sinit
 .text.__sfp_lock_acquire
                0x00114f7c        0xc /opt/devkitpro/devkitARM/bin/../lib/gcc/arm-none-eabi/13.2.0/../../../../arm-none-eabi/lib/armv6k/fpu/libg.a(libc_a-findfp.o)
                0x00114f7c                __sfp_lock_acquire
 .text.__sfp_lock_release
                0x00114f88        0xc /opt/devkitpro/devkitARM/bin/../lib/gcc/arm-none-eabi/13.2.0/../../../../arm-none-eabi/lib/armv6k/fpu/libg.a(libc_a-findfp.o)
                0x00114f88                __sfp_lock_release
 .text.strnlen  0x00114f94       0x48 /opt/devkitpro/devkitARM/bin/../lib/gcc/arm-none-eabi/13.2.0/../../../../arm-none-eabi/lib/armv6k/fpu/libg.a(libc_a-strnlen.o)
                0x00114f94                strnlen
 .text.sulp     0x00114fdc       0x64 /opt/devkitpro/devkitARM/bin/../lib/gcc/arm-none-eabi/13.2.0/../../../../arm-none-eabi/lib/armv6k/fpu/libg.a(libc_a-strtod.o)
 .text._strtod_l
                0x00115040     0x13a4 /opt/devkitpro/devkitARM/bin/../lib/gcc/arm-none-eabi/13.2.0/../../../../arm-none-eabi/lib/armv6k/fpu/libg.a(libc_a-strtod.o)
                0x00115040                _strtod_l
 .text._strtod_r
                0x001163e4       0x3c /opt/devkitpro/devkitARM/bin/../lib/gcc/arm-none-eabi/13.2.0/../../../../arm-none-eabi/lib/armv6k/fpu/libg.a(libc_a-strtod.o)
                0x001163e4                _strtod_r
 .text._user_strerror
                0x00116420        0x8 /opt/devkitpro/devkitARM/bin/../lib/gcc/arm-none-eabi/13.2.0/../../../../arm-none-eabi/lib/armv6k/fpu/libg.a(libc_a-u_strerr.o)
                0x00116420                _user_strerror
 .text._strtol_l.part.0
                0x00116428      0x1b0 /opt/devkitpro/devkitARM/bin/../lib/gcc/arm-none-eabi/13.2.0/../../../../arm-none-eabi/lib/armv6k/fpu/libg.a(libc_a-strtol.o)
 .text._strtol_r
                0x001165d8       0x60 /opt/devkitpro/devkitARM/bin/../lib/gcc/arm-none-eabi/13.2.0/../../../../arm-none-eabi/lib/armv6k/fpu/libg.a(libc_a-strtol.o)
                0x001165d8                _strtol_r
 .text.realloc  0x00116638       0x20 /opt/devkitpro/devkitARM/bin/../lib/gcc/arm-none-eabi/13.2.0/../../../../arm-none-eabi/lib/armv6k/fpu/libg.a(libc_a-realloc.o)
                0x00116638                realloc
 .text._strtoul_l.isra.0
                0x00116658      0x1d8 /opt/devkitpro/devkitARM/bin/../lib/gcc/arm-none-eabi/13.2.0/../../../../arm-none-eabi/lib/armv6k/fpu/libg.a(libc_a-strtoul.o)
 .text._strtoul_r
                0x00116830       0x30 /opt/devkitpro/devkitARM/bin/../lib/gcc/arm-none-eabi/13.2.0/../../../../arm-none-eabi/lib/armv6k/fpu/libg.a(libc_a-strtoul.o)
                0x00116830                _strtoul_r
 .text.strtoul  0x00116860       0x34 /opt/devkitpro/devkitARM/bin/../lib/gcc/arm-none-eabi/13.2.0/../../../../arm-none-eabi/lib/armv6k/fpu/libg.a(libc_a-strtoul.o)
                0x00116860                strtoul
 .text.__locale_mb_cur_max
                0x00116894       0x24 /opt/devkitpro/devkitARM/bin/../lib/gcc/arm-none-eabi/13.2.0/../../../../arm-none-eabi/lib/armv6k/fpu/libg.a(libc_a-locale.o)
                0x00116894                __locale_mb_cur_max
 .text._localeconv_r
                0x001168b8       0x24 /opt/devkitpro/devkitARM/bin/../lib/gcc/arm-none-eabi/13.2.0/../../../../arm-none-eabi/lib/armv6k/fpu/libg.a(libc_a-localeconv.o)
                0x001168b8                _localeconv_r
 .text.memchr   0x001168dc       0xe0 /opt/devkitpro/devkitARM/bin/../lib/gcc/arm-none-eabi/13.2.0/../../../../arm-none-eabi/lib/armv6k/fpu/libg.a(libc_a-memchr-stub.o)
                0x001168dc                memchr
 .text.__utf8_wctomb
                0x001169bc       0xf0 /opt/devkitpro/devkitARM/bin/../lib/gcc/arm-none-eabi/13.2.0/../../../../arm-none-eabi/lib/armv6k/fpu/libg.a(libc_a-wctomb_r.o)
                0x001169bc                __utf8_wctomb
 .text.memcpy   0x00116aac      0x11c /opt/devkitpro/devkitARM/bin/../lib/gcc/arm-none-eabi/13.2.0/../../../../arm-none-eabi/lib/armv6k/fpu/libg.a(libc_a-memcpy-stub.o)
                0x00116aac                memcpy
 .text.stpncpy  0x00116bc8       0xdc /opt/devkitpro/devkitARM/bin/../lib/gcc/arm-none-eabi/13.2.0/../../../../arm-none-eabi/lib/armv6k/fpu/libg.a(libc_a-stpncpy.o)
                0x00116bc8                stpncpy
 .text.__libc_init_array
                0x00116ca4       0x84 /opt/devkitpro/devkitARM/bin/../lib/gcc/arm-none-eabi/13.2.0/../../../../arm-none-eabi/lib/armv6k/fpu/libg.a(libc_a-init.o)
                0x00116ca4                __libc_init_array
 .text.__libc_fini_array
                0x00116d28       0x3c /opt/devkitpro/devkitARM/bin/../lib/gcc/arm-none-eabi/13.2.0/../../../../arm-none-eabi/lib/armv6k/fpu/libg.a(libc_a-fini.o)
                0x00116d28                __libc_fini_array
 .text.close    0x00116d64       0x18 /opt/devkitpro/devkitARM/bin/../lib/gcc/arm-none-eabi/13.2.0/../../../../arm-none-eabi/lib/armv6k/fpu/libg.a(libc_a-sysclose.o)
                0x00116d64                close
 .text.__errno  0x00116d7c        0xc /opt/devkitpro/devkitARM/bin/../lib/gcc/arm-none-eabi/13.2.0/../../../../arm-none-eabi/lib/armv6k/fpu/libg.a(libc_a-errno.o)
                0x00116d7c                __errno
 .text.write    0x00116d88       0x28 /opt/devkitpro/devkitARM/bin/../lib/gcc/arm-none-eabi/13.2.0/../../../../arm-none-eabi/lib/armv6k/fpu/libg.a(libc_a-syswrite.o)
                0x00116d88                write
 .text.read     0x00116db0       0x28 /opt/devkitpro/devkitARM/bin/../lib/gcc/arm-none-eabi/13.2.0/../../../../arm-none-eabi/lib/armv6k/fpu/libg.a(libc_a-sysread.o)
                0x00116db0                read
 .text.nan      0x00116dd8       0x10 /opt/devkitpro/devkitARM/bin/../lib/gcc/arm-none-eabi/13.2.0/../../../../arm-none-eabi/lib/armv6k/fpu/libg.a(libm_a-s_nan.o)
                0x00116dd8                nan
 .text.nanf     0x00116de8        0xc /opt/devkitpro/devkitARM/bin/../lib/gcc/arm-none-eabi/13.2.0/../../../../arm-none-eabi/lib/armv6k/fpu/libg.a(libm_a-sf_nan.o)
                0x00116de8                nanf
 *fill*         0x00116df4        0x4 
 .text.frexp    0x00116df8       0x88 /opt/devkitpro/devkitARM/bin/../lib/gcc/arm-none-eabi/13.2.0/../../../../arm-none-eabi/lib/armv6k/fpu/libg.a(libm_a-s_frexp.o)
                0x00116df8                frexp
 .text._strtoll_l.isra.0
                0x00116e80      0x234 /opt/devkitpro/devkitARM/bin/../lib/gcc/arm-none-eabi/13.2.0/../../../../arm-none-eabi/lib/armv6k/fpu/libg.a(libc_a-strtoll.o)
 .text._strtoll_r
                0x001170b4       0x30 /opt/devkitpro/devkitARM/bin/../lib/gcc/arm-none-eabi/13.2.0/../../../../arm-none-eabi/lib/armv6k/fpu/libg.a(libc_a-strtoll.o)
                0x001170b4                _strtoll_r
 .text._strtoull_l.isra.0
                0x001170e4      0x25c /opt/devkitpro/devkitARM/bin/../lib/gcc/arm-none-eabi/13.2.0/../../../../arm-none-eabi/lib/armv6k/fpu/libg.a(libc_a-strtoull.o)
 .text._strtoull_r
                0x00117340       0x30 /opt/devkitpro/devkitARM/bin/../lib/gcc/arm-none-eabi/13.2.0/../../../../arm-none-eabi/lib/armv6k/fpu/libg.a(libc_a-strtoull.o)
                0x00117340                _strtoull_r
 .text.iswspace
                0x00117370        0x8 /opt/devkitpro/devkitARM/bin/../lib/gcc/arm-none-eabi/13.2.0/../../../../arm-none-eabi/lib/armv6k/fpu/libg.a(libc_a-iswspace.o)
                0x00117370                iswspace
 .text._mbrtowc_r
                0x00117378       0xb4 /opt/devkitpro/devkitARM/bin/../lib/gcc/arm-none-eabi/13.2.0/../../../../arm-none-eabi/lib/armv6k/fpu/libg.a(libc_a-mbrtowc.o)
                0x00117378                _mbrtowc_r
 .text.__smakebuf_r
                0x0011742c      0x12c /opt/devkitpro/devkitARM/bin/../lib/gcc/arm-none-eabi/13.2.0/../../../../arm-none-eabi/lib/armv6k/fpu/libg.a(libc_a-makebuf.o)
                0x0011742c                __smakebuf_r
 .text.__swhatbuf_r
                0x00117558       0x8c /opt/devkitpro/devkitARM/bin/../lib/gcc/arm-none-eabi/13.2.0/../../../../arm-none-eabi/lib/armv6k/fpu/libg.a(libc_a-makebuf.o)
                0x00117558                __swhatbuf_r
 .text._wcrtomb_r
                0x001175e4       0xa0 /opt/devkitpro/devkitARM/bin/../lib/gcc/arm-none-eabi/13.2.0/../../../../arm-none-eabi/lib/armv6k/fpu/libg.a(libc_a-wcrtomb.o)
                0x001175e4                _wcrtomb_r
 .text.iswspace_l
                0x00117684       0x38 /opt/devkitpro/devkitARM/bin/../lib/gcc/arm-none-eabi/13.2.0/../../../../arm-none-eabi/lib/armv6k/fpu/libg.a(libc_a-iswspace_l.o)
                0x00117684                iswspace_l
 .text._wcsrtombs_r
                0x001176bc       0x28 /opt/devkitpro/devkitARM/bin/../lib/gcc/arm-none-eabi/13.2.0/../../../../arm-none-eabi/lib/armv6k/fpu/libg.a(libc_a-wcsrtombs.o)
                0x001176bc                _wcsrtombs_r
 .text.__register_exitproc
                0x001176e4       0xb0 /opt/devkitpro/devkitARM/bin/../lib/gcc/arm-none-eabi/13.2.0/../../../../arm-none-eabi/lib/armv6k/fpu/libg.a(libc_a-__atexit.o)
                0x001176e4                __register_exitproc
 .text.__call_exitprocs
                0x00117794      0x12c /opt/devkitpro/devkitARM/bin/../lib/gcc/arm-none-eabi/13.2.0/../../../../arm-none-eabi/lib/armv6k/fpu/libg.a(libc_a-__call_atexit.o)
                0x00117794                __call_exitprocs
 .text.sprintf  0x001178c0       0x64 /opt/devkitpro/devkitARM/bin/../lib/gcc/arm-none-eabi/13.2.0/../../../../arm-none-eabi/lib/armv6k/fpu/libg.a(libc_a-sprintf.o)
                0x001178c0                sprintf
 .text.__sccl   0x00117924       0xf0 /opt/devkitpro/devkitARM/bin/../lib/gcc/arm-none-eabi/13.2.0/../../../../arm-none-eabi/lib/armv6k/fpu/libg.a(libc_a-sccl.o)
                0x00117924                __sccl
 .text.category
                0x00117a14       0x90 /opt/devkitpro/devkitARM/bin/../lib/gcc/arm-none-eabi/13.2.0/../../../../arm-none-eabi/lib/armv6k/fpu/libg.a(libc_a-categories.o)
                0x00117a14                category
 .text.get_arg  0x00117aa4      0x64c /opt/devkitpro/devkitARM/bin/../lib/gcc/arm-none-eabi/13.2.0/../../../../arm-none-eabi/lib/armv6k/fpu/libg.a(libc_a-vfiprintf.o)
 .text.__sprint_r
                0x001180f0       0x30 /opt/devkitpro/devkitARM/bin/../lib/gcc/arm-none-eabi/13.2.0/../../../../arm-none-eabi/lib/armv6k/fpu/libg.a(libc_a-vfiprintf.o)
                0x001180f0                __sprint_r
 .text._vfiprintf_r
                0x00118120     0x2304 /opt/devkitpro/devkitARM/bin/../lib/gcc/arm-none-eabi/13.2.0/../../../../arm-none-eabi/lib/armv6k/fpu/libg.a(libc_a-vfiprintf.o)
                0x00118120                _vfiprintf_r
 .text.__sbprintf
                0x0011a424       0xb8 /opt/devkitpro/devkitARM/bin/../lib/gcc/arm-none-eabi/13.2.0/../../../../arm-none-eabi/lib/armv6k/fpu/libg.a(libc_a-vfiprintf.o)
 .text.__ssprint_r
                0x0011a4dc      0x18c /opt/devkitpro/devkitARM/bin/../lib/gcc/arm-none-eabi/13.2.0/../../../../arm-none-eabi/lib/armv6k/fpu/libg.a(libc_a-svfiprintf.o)
                0x0011a4dc                __ssprint_r
 .text._sungetc_r
                0x0011a668       0xe0 /opt/devkitpro/devkitARM/bin/../lib/gcc/arm-none-eabi/13.2.0/../../../../arm-none-eabi/lib/armv6k/fpu/libg.a(libc_a-svfiscanf.o)
                0x0011a668                _sungetc_r
 .text.__ssrefill_r
                0x0011a748       0x6c /opt/devkitpro/devkitARM/bin/../lib/gcc/arm-none-eabi/13.2.0/../../../../arm-none-eabi/lib/armv6k/fpu/libg.a(libc_a-svfiscanf.o)
                0x0011a748                __ssrefill_r
 .text._sfread_r
                0x0011a7b4       0xc4 /opt/devkitpro/devkitARM/bin/../lib/gcc/arm-none-eabi/13.2.0/../../../../arm-none-eabi/lib/armv6k/fpu/libg.a(libc_a-svfiscanf.o)
                0x0011a7b4                _sfread_r
 .text.__swsetup_r
                0x0011a878      0x138 /opt/devkitpro/devkitARM/bin/../lib/gcc/arm-none-eabi/13.2.0/../../../../arm-none-eabi/lib/armv6k/fpu/libg.a(libc_a-wsetup.o)
                0x0011a878                __swsetup_r
 .text.rshift   0x0011a9b0       0xf0 /opt/devkitpro/devkitARM/bin/../lib/gcc/arm-none-eabi/13.2.0/../../../../arm-none-eabi/lib/armv6k/fpu/libg.a(libc_a-gdtoa-gethex.o)
 .text.__gethex
                0x0011aaa0      0x89c /opt/devkitpro/devkitARM/bin/../lib/gcc/arm-none-eabi/13.2.0/../../../../arm-none-eabi/lib/armv6k/fpu/libg.a(libc_a-gdtoa-gethex.o)
                0x0011aaa0                __gethex
 .text.quorem   0x0011b33c      0x1b4 /opt/devkitpro/devkitARM/bin/../lib/gcc/arm-none-eabi/13.2.0/../../../../arm-none-eabi/lib/armv6k/fpu/libg.a(libc_a-dtoa.o)
 .text._dtoa_r  0x0011b4f0     0x1218 /opt/devkitpro/devkitARM/bin/../lib/gcc/arm-none-eabi/13.2.0/../../../../arm-none-eabi/lib/armv6k/fpu/libg.a(libc_a-dtoa.o)
                0x0011b4f0                _dtoa_r
 .text.strchr   0x0011c708      0x130 /opt/devkitpro/devkitARM/bin/../lib/gcc/arm-none-eabi/13.2.0/../../../../arm-none-eabi/lib/armv6k/fpu/libg.a(libc_a-strchr.o)
                0x0011c708                strchr
 .text._fclose_r
                0x0011c838      0x148 /opt/devkitpro/devkitARM/bin/../lib/gcc/arm-none-eabi/13.2.0/../../../../arm-none-eabi/lib/armv6k/fpu/libg.a(libc_a-fclose.o)
                0x0011c838                _fclose_r
 .text.get_arg  0x0011c980      0x64c /opt/devkitpro/devkitARM/bin/../lib/gcc/arm-none-eabi/13.2.0/../../../../arm-none-eabi/lib/armv6k/fpu/libg.a(libc_a-svfprintf.o)
 *fill*         0x0011cfcc        0x4 
 .text._svfprintf_r
                0x0011cfd0     0x3324 /opt/devkitpro/devkitARM/bin/../lib/gcc/arm-none-eabi/13.2.0/../../../../arm-none-eabi/lib/armv6k/fpu/libg.a(libc_a-svfprintf.o)
                0x0011cfd0                _svfprintf_r
 .text.__match  0x001202f4       0x4c /opt/devkitpro/devkitARM/bin/../lib/gcc/arm-none-eabi/13.2.0/../../../../arm-none-eabi/lib/armv6k/fpu/libg.a(libc_a-gdtoa-hexnan.o)
                0x001202f4                __match
 .text.__hexnan
                0x00120340      0x29c /opt/devkitpro/devkitARM/bin/../lib/gcc/arm-none-eabi/13.2.0/../../../../arm-none-eabi/lib/armv6k/fpu/libg.a(libc_a-gdtoa-hexnan.o)
                0x00120340                __hexnan
 .text.memmove  0x001205dc      0x150 /opt/devkitpro/devkitARM/bin/../lib/gcc/arm-none-eabi/13.2.0/../../../../arm-none-eabi/lib/armv6k/fpu/libg.a(libc_a-memmove.o)
                0x001205dc                memmove
 .text._Balloc  0x0012072c       0x88 /opt/devkitpro/devkitARM/bin/../lib/gcc/arm-none-eabi/13.2.0/../../../../arm-none-eabi/lib/armv6k/fpu/libg.a(libc_a-mprec.o)
                0x0012072c                _Balloc
 .text._Bfree   0x001207b4       0x1c /opt/devkitpro/devkitARM/bin/../lib/gcc/arm-none-eabi/13.2.0/../../../../arm-none-eabi/lib/armv6k/fpu/libg.a(libc_a-mprec.o)
                0x001207b4                _Bfree
 .text.__multadd
                0x001207d0       0xf4 /opt/devkitpro/devkitARM/bin/../lib/gcc/arm-none-eabi/13.2.0/../../../../arm-none-eabi/lib/armv6k/fpu/libg.a(libc_a-mprec.o)
                0x001207d0                __multadd
 .text.__s2b    0x001208c4      0x110 /opt/devkitpro/devkitARM/bin/../lib/gcc/arm-none-eabi/13.2.0/../../../../arm-none-eabi/lib/armv6k/fpu/libg.a(libc_a-mprec.o)
                0x001208c4                __s2b
 .text.__hi0bits
                0x001209d4       0x60 /opt/devkitpro/devkitARM/bin/../lib/gcc/arm-none-eabi/13.2.0/../../../../arm-none-eabi/lib/armv6k/fpu/libg.a(libc_a-mprec.o)
                0x001209d4                __hi0bits
 .text.__lo0bits
                0x00120a34       0x9c /opt/devkitpro/devkitARM/bin/../lib/gcc/arm-none-eabi/13.2.0/../../../../arm-none-eabi/lib/armv6k/fpu/libg.a(libc_a-mprec.o)
                0x00120a34                __lo0bits
 .text.__i2b    0x00120ad0       0xa4 /opt/devkitpro/devkitARM/bin/../lib/gcc/arm-none-eabi/13.2.0/../../../../arm-none-eabi/lib/armv6k/fpu/libg.a(libc_a-mprec.o)
                0x00120ad0                __i2b
 .text.__multiply
                0x00120b74      0x204 /opt/devkitpro/devkitARM/bin/../lib/gcc/arm-none-eabi/13.2.0/../../../../arm-none-eabi/lib/armv6k/fpu/libg.a(libc_a-mprec.o)
                0x00120b74                __multiply
 .text.__pow5mult
                0x00120d78      0x128 /opt/devkitpro/devkitARM/bin/../lib/gcc/arm-none-eabi/13.2.0/../../../../arm-none-eabi/lib/armv6k/fpu/libg.a(libc_a-mprec.o)
                0x00120d78                __pow5mult
 .text.__lshift
                0x00120ea0      0x140 /opt/devkitpro/devkitARM/bin/../lib/gcc/arm-none-eabi/13.2.0/../../../../arm-none-eabi/lib/armv6k/fpu/libg.a(libc_a-mprec.o)
                0x00120ea0                __lshift
 .text.__mcmp   0x00120fe0       0x58 /opt/devkitpro/devkitARM/bin/../lib/gcc/arm-none-eabi/13.2.0/../../../../arm-none-eabi/lib/armv6k/fpu/libg.a(libc_a-mprec.o)
                0x00120fe0                __mcmp
 .text.__mdiff  0x00121038      0x1fc /opt/devkitpro/devkitARM/bin/../lib/gcc/arm-none-eabi/13.2.0/../../../../arm-none-eabi/lib/armv6k/fpu/libg.a(libc_a-mprec.o)
                0x00121038                __mdiff
 .text.__ulp    0x00121234       0x68 /opt/devkitpro/devkitARM/bin/../lib/gcc/arm-none-eabi/13.2.0/../../../../arm-none-eabi/lib/armv6k/fpu/libg.a(libc_a-mprec.o)
                0x00121234                __ulp
 .text.__b2d    0x0012129c       0xd0 /opt/devkitpro/devkitARM/bin/../lib/gcc/arm-none-eabi/13.2.0/../../../../arm-none-eabi/lib/armv6k/fpu/libg.a(libc_a-mprec.o)
                0x0012129c                __b2d
 .text.__d2b    0x0012136c      0x124 /opt/devkitpro/devkitARM/bin/../lib/gcc/arm-none-eabi/13.2.0/../../../../arm-none-eabi/lib/armv6k/fpu/libg.a(libc_a-mprec.o)
                0x0012136c                __d2b
 .text.__ratio  0x00121490       0x78 /opt/devkitpro/devkitARM/bin/../lib/gcc/arm-none-eabi/13.2.0/../../../../arm-none-eabi/lib/armv6k/fpu/libg.a(libc_a-mprec.o)
                0x00121490                __ratio
 .text.__copybits
                0x00121508       0x88 /opt/devkitpro/devkitARM/bin/../lib/gcc/arm-none-eabi/13.2.0/../../../../arm-none-eabi/lib/armv6k/fpu/libg.a(libc_a-mprec.o)
                0x00121508                __copybits
 .text.__any_on
                0x00121590       0x5c /opt/devkitpro/devkitARM/bin/../lib/gcc/arm-none-eabi/13.2.0/../../../../arm-none-eabi/lib/armv6k/fpu/libg.a(libc_a-mprec.o)
                0x00121590                __any_on
 .text.__utf8_mbtowc
                0x001215ec      0x2f8 /opt/devkitpro/devkitARM/bin/../lib/gcc/arm-none-eabi/13.2.0/../../../../arm-none-eabi/lib/armv6k/fpu/libg.a(libc_a-mbtowc_r.o)
                0x001215ec                __utf8_mbtowc
 .text._wcsnrtombs_l
                0x001218e4      0x188 /opt/devkitpro/devkitARM/bin/../lib/gcc/arm-none-eabi/13.2.0/../../../../arm-none-eabi/lib/armv6k/fpu/libg.a(libc_a-wcsnrtombs.o)
                0x001218e4                _wcsnrtombs_l
 .text._wcsnrtombs_r
                0x00121a6c       0x64 /opt/devkitpro/devkitARM/bin/../lib/gcc/arm-none-eabi/13.2.0/../../../../arm-none-eabi/lib/armv6k/fpu/libg.a(libc_a-wcsnrtombs.o)
                0x00121a6c                _wcsnrtombs_r
 .text.__submore
                0x00121ad0       0xa8 /opt/devkitpro/devkitARM/bin/../lib/gcc/arm-none-eabi/13.2.0/../../../../arm-none-eabi/lib/armv6k/fpu/libg.a(libc_a-ungetc.o)
                0x00121ad0                __submore
 .text.__assert_func
                0x00121b78       0x5c /opt/devkitpro/devkitARM/bin/../lib/gcc/arm-none-eabi/13.2.0/../../../../arm-none-eabi/lib/armv6k/fpu/libg.a(libc_a-assert.o)
                0x00121b78                __assert_func
 .text.fiprintf
                0x00121bd4       0x3c /opt/devkitpro/devkitARM/bin/../lib/gcc/arm-none-eabi/13.2.0/../../../../arm-none-eabi/lib/armv6k/fpu/libg.a(libc_a-fiprintf.o)
                0x00121bd4                fiprintf
 .text.abort    0x00121c10       0x14 /opt/devkitpro/devkitARM/bin/../lib/gcc/arm-none-eabi/13.2.0/../../../../arm-none-eabi/lib/armv6k/fpu/libg.a(libc_a-abort.o)
                0x00121c10                abort
 .text._raise_r
                0x00121c24       0x90 /opt/devkitpro/devkitARM/bin/../lib/gcc/arm-none-eabi/13.2.0/../../../../arm-none-eabi/lib/armv6k/fpu/libg.a(libc_a-signal.o)
                0x00121c24                _raise_r
 .text.raise    0x00121cb4       0x18 /opt/devkitpro/devkitARM/bin/../lib/gcc/arm-none-eabi/13.2.0/../../../../arm-none-eabi/lib/armv6k/fpu/libg.a(libc_a-signal.o)
                0x00121cb4                raise
 .text._exit    0x00121ccc       0x20 /opt/devkitpro/devkitARM/bin/../lib/gcc/arm-none-eabi/13.2.0/../../../../arm-none-eabi/lib/armv6k/fpu/libsysbase.a(libsysbase_libsysbase_a-_exit.o)
                0x00121ccc                _exit
 .text.chdir    0x00121cec      0x13c /opt/devkitpro/devkitARM/bin/../lib/gcc/arm-none-eabi/13.2.0/../../../../arm-none-eabi/lib/armv6k/fpu/libsysbase.a(libsysbase_libsysbase_a-chdir.o)
                0x00121cec                chdir
 .text._concatenate_path
                0x00121e28      0x1cc /opt/devkitpro/devkitARM/bin/../lib/gcc/arm-none-eabi/13.2.0/../../../../arm-none-eabi/lib/armv6k/fpu/libsysbase.a(libsysbase_libsysbase_a-concatenate.o)
                0x00121e28                _concatenate_path
 .text._fstat_r
                0x00121ff4       0x78 /opt/devkitpro/devkitARM/bin/../lib/gcc/arm-none-eabi/13.2.0/../../../../arm-none-eabi/lib/armv6k/fpu/libsysbase.a(libsysbase_libsysbase_a-fstat.o)
                0x00121ff4                _fstat_r
 .text._getpid_r
                0x0012206c       0x14 /opt/devkitpro/devkitARM/bin/../lib/gcc/arm-none-eabi/13.2.0/../../../../arm-none-eabi/lib/armv6k/fpu/libsysbase.a(libsysbase_libsysbase_a-getpid.o)
                0x0012206c                _getpid_r
 .text.__getreent
                0x00122080       0x2c /opt/devkitpro/devkitARM/bin/../lib/gcc/arm-none-eabi/13.2.0/../../../../arm-none-eabi/lib/armv6k/fpu/libsysbase.a(libsysbase_libsysbase_a-getreent.o)
                0x00122080                __getreent
 .text.__release_handle
                0x001220ac       0x8c /opt/devkitpro/devkitARM/bin/../lib/gcc/arm-none-eabi/13.2.0/../../../../arm-none-eabi/lib/armv6k/fpu/libsysbase.a(libsysbase_libsysbase_a-handle_manager.o)
                0x001220ac                __release_handle
 .text.__alloc_handle
                0x00122138       0xb0 /opt/devkitpro/devkitARM/bin/../lib/gcc/arm-none-eabi/13.2.0/../../../../arm-none-eabi/lib/armv6k/fpu/libsysbase.a(libsysbase_libsysbase_a-handle_manager.o)
                0x00122138                __alloc_handle
 .text.__get_handle
                0x001221e8       0x3c /opt/devkitpro/devkitARM/bin/../lib/gcc/arm-none-eabi/13.2.0/../../../../arm-none-eabi/lib/armv6k/fpu/libsysbase.a(libsysbase_libsysbase_a-handle_manager.o)
                0x001221e8                __get_handle
 .text._close_r
                0x00122224       0xf4 /opt/devkitpro/devkitARM/bin/../lib/gcc/arm-none-eabi/13.2.0/../../../../arm-none-eabi/lib/armv6k/fpu/libsysbase.a(libsysbase_libsysbase_a-handle_manager.o)
                0x00122224                _close_r
 .text.null_write
                0x00122318        0x8 /opt/devkitpro/devkitARM/bin/../lib/gcc/arm-none-eabi/13.2.0/../../../../arm-none-eabi/lib/armv6k/fpu/libsysbase.a(libsysbase_libsysbase_a-iosupport.o)
 .text.setDefaultDevice
                0x00122320       0x18 /opt/devkitpro/devkitARM/bin/../lib/gcc/arm-none-eabi/13.2.0/../../../../arm-none-eabi/lib/armv6k/fpu/libsysbase.a(libsysbase_libsysbase_a-iosupport.o)
                0x00122320                setDefaultDevice
 .text.FindDevice
                0x00122338       0xc8 /opt/devkitpro/devkitARM/bin/../lib/gcc/arm-none-eabi/13.2.0/../../../../arm-none-eabi/lib/armv6k/fpu/libsysbase.a(libsysbase_libsysbase_a-iosupport.o)
                0x00122338                FindDevice
 .text.RemoveDevice
                0x00122400       0x28 /opt/devkitpro/devkitARM/bin/../lib/gcc/arm-none-eabi/13.2.0/../../../../arm-none-eabi/lib/armv6k/fpu/libsysbase.a(libsysbase_libsysbase_a-iosupport.o)
                0x00122400                RemoveDevice
 .text.AddDevice
                0x00122428       0x9c /opt/devkitpro/devkitARM/bin/../lib/gcc/arm-none-eabi/13.2.0/../../../../arm-none-eabi/lib/armv6k/fpu/libsysbase.a(libsysbase_libsysbase_a-iosupport.o)
                0x00122428                AddDevice
 .text.GetDeviceOpTab
                0x001224c4       0x20 /opt/devkitpro/devkitARM/bin/../lib/gcc/arm-none-eabi/13.2.0/../../../../arm-none-eabi/lib/armv6k/fpu/libsysbase.a(libsysbase_libsysbase_a-iosupport.o)
                0x001224c4                GetDeviceOpTab
 .text._isatty_r
                0x001224e4        0x8 /opt/devkitpro/devkitARM/bin/../lib/gcc/arm-none-eabi/13.2.0/../../../../arm-none-eabi/lib/armv6k/fpu/libsysbase.a(libsysbase_libsysbase_a-isatty.o)
                0x001224e4                _isatty_r
 .text._kill_r  0x001224ec       0x14 /opt/devkitpro/devkitARM/bin/../lib/gcc/arm-none-eabi/13.2.0/../../../../arm-none-eabi/lib/armv6k/fpu/libsysbase.a(libsysbase_libsysbase_a-kill.o)
                0x001224ec                _kill_r
 .text._lseek_r
                0x00122500       0x84 /opt/devkitpro/devkitARM/bin/../lib/gcc/arm-none-eabi/13.2.0/../../../../arm-none-eabi/lib/armv6k/fpu/libsysbase.a(libsysbase_libsysbase_a-lseek.o)
                0x00122500                _lseek_r
 .text._read_r  0x00122584       0x80 /opt/devkitpro/devkitARM/bin/../lib/gcc/arm-none-eabi/13.2.0/../../../../arm-none-eabi/lib/armv6k/fpu/libsysbase.a(libsysbase_libsysbase_a-read.o)
                0x00122584                _read_r
 .text._sbrk_r  0x00122604       0x78 /opt/devkitpro/devkitARM/bin/../lib/gcc/arm-none-eabi/13.2.0/../../../../arm-none-eabi/lib/armv6k/fpu/libsysbase.a(libsysbase_libsysbase_a-sbrk.o)
                0x00122604                _sbrk_r
 .text.__libc_lock_acquire
                0x0012267c       0x1c /opt/devkitpro/devkitARM/bin/../lib/gcc/arm-none-eabi/13.2.0/../../../../arm-none-eabi/lib/armv6k/fpu/libsysbase.a(libsysbase_libsysbase_a-syscall_support.o)
                0x0012267c                __libc_lock_acquire
 .text.__libc_lock_release
                0x00122698       0x1c /opt/devkitpro/devkitARM/bin/../lib/gcc/arm-none-eabi/13.2.0/../../../../arm-none-eabi/lib/armv6k/fpu/libsysbase.a(libsysbase_libsysbase_a-syscall_support.o)
                0x00122698                __libc_lock_release
 .text.__libc_lock_acquire_recursive
                0x001226b4       0x1c /opt/devkitpro/devkitARM/bin/../lib/gcc/arm-none-eabi/13.2.0/../../../../arm-none-eabi/lib/armv6k/fpu/libsysbase.a(libsysbase_libsysbase_a-syscall_support.o)
                0x001226b4                __libc_lock_acquire_recursive
 .text.__libc_lock_release_recursive
                0x001226d0       0x1c /opt/devkitpro/devkitARM/bin/../lib/gcc/arm-none-eabi/13.2.0/../../../../arm-none-eabi/lib/armv6k/fpu/libsysbase.a(libsysbase_libsysbase_a-syscall_support.o)
                0x001226d0                __libc_lock_release_recursive
 .text._write_r
                0x001226ec       0x80 /opt/devkitpro/devkitARM/bin/../lib/gcc/arm-none-eabi/13.2.0/../../../../arm-none-eabi/lib/armv6k/fpu/libsysbase.a(libsysbase_libsysbase_a-write.o)
                0x001226ec                _write_r
 .text.__fixdfdi
                0x0012276c       0x38 /opt/devkitpro/devkitARM/bin/../lib/gcc/arm-none-eabi/13.2.0/armv6k/fpu/libgcc.a(_fixdfdi.o)
                0x0012276c                __aeabi_d2lz
                0x0012276c                __fixdfdi
 *fill*         0x001227a4        0x4 
 .text.__fixunsdfdi
                0x001227a8       0x40 /opt/devkitpro/devkitARM/bin/../lib/gcc/arm-none-eabi/13.2.0/armv6k/fpu/libgcc.a(_fixunsdfdi.o)
                0x001227a8                __aeabi_d2ulz
                0x001227a8                __fixunsdfdi
 .text.strrchr  0x001227e8       0x48 /opt/devkitpro/devkitARM/bin/../lib/gcc/arm-none-eabi/13.2.0/../../../../arm-none-eabi/lib/armv6k/fpu/libg.a(libc_a-strrchr.o)
                0x001227e8                strrchr
 *(.glue_7)
 .glue_7        0x00122830        0x0 linker stubs
 *(.glue_7t)
 .glue_7t       0x00122830        0x0 linker stubs
 *(.stub)
 *(.gnu.warning)
 *(.gnu.linkonce.t*)
                0x00122830                        . = ALIGN (0x4)
 *(.fini)
 .fini          0x00122830        0xc /opt/devkitpro/devkitARM/bin/../lib/gcc/arm-none-eabi/13.2.0/armv6k/fpu/crti.o
                0x00122830                _fini
 .fini          0x0012283c        0xc /opt/devkitpro/devkitARM/bin/../lib/gcc/arm-none-eabi/13.2.0/armv6k/fpu/crtn.o
                0x00122848                        . = ALIGN (0x4)

.vfp11_veneer   0x00122848        0x0
 .vfp11_veneer  0x00122848        0x0 linker stubs

.v4_bx          0x00122848        0x0
 .v4_bx         0x00122848        0x0 linker stubs

.iplt           0x00122848        0x0
 .iplt          0x00122848        0x0 /opt/devkitpro/devkitARM/bin/../lib/gcc/arm-none-eabi/13.2.0/../../../../arm-none-eabi/lib/armv6k/fpu/3dsx_crt0.o
                0x00123000                        . = ALIGN (0x1000)

.rodata         0x00123000     0x50c4
 *(.rodata)
 .rodata        0x00123000        0xc /opt/devkitpro//libctru/lib/libctru.a(archive_dev.o)
 *(.roda)
 *(.rodata.*)
 .rodata.str1.4
                0x0012300c      0xb33 sockets.o
                                0x188 (size before relaxing)
 .rodata.parseColor.str1.4
                0x00123b3f       0x1b /opt/devkitpro//libctru/lib/libctru.a(console.o)
 .rodata.con_write.str1.4
                0x00123b3f       0x4a /opt/devkitpro//libctru/lib/libctru.a(console.o)
 .rodata.str1.4
                0x00123b3f       0x10 /opt/devkitpro//libctru/lib/libctru.a(console.o)
 *fill*         0x00123b3f        0x1 
 .rodata.dotab_stdout
                0x00123b40       0x80 /opt/devkitpro//libctru/lib/libctru.a(console.o)
 .rodata.grayScale
                0x00123bc0       0x18 /opt/devkitpro//libctru/lib/libctru.a(console.o)
 .rodata.colorCube
                0x00123bd8        0x6 /opt/devkitpro//libctru/lib/libctru.a(console.o)
 *fill*         0x00123bde        0x2 
 .rodata.colorTable
                0x00123be0       0x30 /opt/devkitpro//libctru/lib/libctru.a(console.o)
 .rodata.gspInit.str1.4
                0x00123c10        0x9 /opt/devkitpro//libctru/lib/libctru.a(gspgpu.o)
 .rodata.hidInit.str1.4
                0x00123c10       0x15 /opt/devkitpro//libctru/lib/libctru.a(hid.o)
 .rodata.aptSendCommand.str1.4
                0x00123c10       0x16 /opt/devkitpro//libctru/lib/libctru.a(apt.o)
 .rodata.morton_y.2
                0x00123c10        0x8 /opt/devkitpro//libctru/lib/libctru.a(apt.o)
 .rodata.morton_x.3
                0x00123c18        0x8 /opt/devkitpro//libctru/lib/libctru.a(apt.o)
 .rodata.s_sleepWakeEvents.4
                0x00123c20        0x8 /opt/devkitpro//libctru/lib/libctru.a(apt.o)
 .rodata.connect.str1.4
                0x00123c28        0x4 /opt/devkitpro//libctru/lib/libctru.a(soc_connect.o)
 .rodata.socket.str1.4
                0x00123c28        0x5 /opt/devkitpro//libctru/lib/libctru.a(soc_socket.o)
 .rodata.socInit.str1.4
                0x00123c28        0xe /opt/devkitpro//libctru/lib/libctru.a(soc_init.o)
 .rodata.str1.4
                0x00123c28        0x4 /opt/devkitpro//libctru/lib/libctru.a(soc_init.o)
 .rodata._net_error_code_map
                0x00123c28       0x4d /opt/devkitpro//libctru/lib/libctru.a(soc_common.o)
 .rodata.__system_initArgv.str1.4
                0x00123c75        0xa /opt/devkitpro//libctru/lib/libctru.a(initArgv.o)
 *fill*         0x00123c75        0x3 
 .rodata.default_font_bin
                0x00123c78      0x800 /opt/devkitpro//libctru/lib/libctru.a(default_font.bin.o)
                0x00123c78                default_font_bin
                0x00124478                default_font_bin_end
 .rodata.srvInit.str1.4
                0x00124478        0x5 /opt/devkitpro//libctru/lib/libctru.a(srv.o)
 .rodata.irrstInit.str1.4
                0x00124478        0x7 /opt/devkitpro//libctru/lib/libctru.a(irrst.o)
 .rodata.ptmSysmInit.str1.4
                0x00124478        0x9 /opt/devkitpro//libctru/lib/libctru.a(ptmsysm.o)
 .rodata.archive_utf16path.str1.4
                0x00124478        0x2 /opt/devkitpro//libctru/lib/libctru.a(archive_dev.o)
 .rodata._archiveUnmountDeviceStruct.part.0.str1.4
                0x00124478        0x2 /opt/devkitpro//libctru/lib/libctru.a(archive_dev.o)
 .rodata._archiveMountDevice.str1.4
                0x00124478        0xc /opt/devkitpro//libctru/lib/libctru.a(archive_dev.o)
 .rodata.archiveMountSdmc.str1.4
                0x00124478        0x5 /opt/devkitpro//libctru/lib/libctru.a(archive_dev.o)
 .rodata.error_table
                0x00124478       0x30 /opt/devkitpro//libctru/lib/libctru.a(archive_dev.o)
 .rodata.str1.4
                0x001244a8        0x8 /opt/devkitpro//libctru/lib/libctru.a(archive_dev.o)
 .rodata.archive_devoptab
                0x001244a8       0x80 /opt/devkitpro//libctru/lib/libctru.a(archive_dev.o)
 .rodata.fsInit.str1.4
                0x00124528        0x8 /opt/devkitpro//libctru/lib/libctru.a(fs.o)
 .rodata._puts_r.str1.4
                0x00124528        0x2 /opt/devkitpro/devkitARM/bin/../lib/gcc/arm-none-eabi/13.2.0/../../../../arm-none-eabi/lib/armv6k/fpu/libg.a(libc_a-puts.o)
 .rodata.__ssvfscanf_r.str1.1
                0x00124528       0x40 /opt/devkitpro/devkitARM/bin/../lib/gcc/arm-none-eabi/13.2.0/../../../../arm-none-eabi/lib/armv6k/fpu/libg.a(libc_a-svfscanf.o)
                                  0x6 (size before relaxing)
 .rodata.basefix.0
                0x00124568       0x22 /opt/devkitpro/devkitARM/bin/../lib/gcc/arm-none-eabi/13.2.0/../../../../arm-none-eabi/lib/armv6k/fpu/libg.a(libc_a-svfscanf.o)
 .rodata._vfprintf_r.str1.1
                0x0012458a       0x3b /opt/devkitpro/devkitARM/bin/../lib/gcc/arm-none-eabi/13.2.0/../../../../arm-none-eabi/lib/armv6k/fpu/libg.a(libc_a-vfprintf.o)
 *fill*         0x0012458a        0x2 
 .rodata.zeroes.0
                0x0012458c       0x10 /opt/devkitpro/devkitARM/bin/../lib/gcc/arm-none-eabi/13.2.0/../../../../arm-none-eabi/lib/armv6k/fpu/libg.a(libc_a-vfprintf.o)
 .rodata.blanks.1
                0x0012459c       0x10 /opt/devkitpro/devkitARM/bin/../lib/gcc/arm-none-eabi/13.2.0/../../../../arm-none-eabi/lib/armv6k/fpu/libg.a(libc_a-vfprintf.o)
 .rodata._strerror_r.str1.4
                0x001245ac      0x701 /opt/devkitpro/devkitARM/bin/../lib/gcc/arm-none-eabi/13.2.0/../../../../arm-none-eabi/lib/armv6k/fpu/libg.a(libc_a-strerror.o)
 .rodata._strtod_l.str1.4
                0x001245ac       0x15 /opt/devkitpro/devkitARM/bin/../lib/gcc/arm-none-eabi/13.2.0/../../../../arm-none-eabi/lib/armv6k/fpu/libg.a(libc_a-strtod.o)
 .rodata.fpinan.0
                0x001245ac       0x14 /opt/devkitpro/devkitARM/bin/../lib/gcc/arm-none-eabi/13.2.0/../../../../arm-none-eabi/lib/armv6k/fpu/libg.a(libc_a-strtod.o)
 .rodata.fpi.1  0x001245c0       0x14 /opt/devkitpro/devkitARM/bin/../lib/gcc/arm-none-eabi/13.2.0/../../../../arm-none-eabi/lib/armv6k/fpu/libg.a(libc_a-strtod.o)
 *fill*         0x001245d4        0x4 
 .rodata.tinytens
                0x001245d8       0x28 /opt/devkitpro/devkitARM/bin/../lib/gcc/arm-none-eabi/13.2.0/../../../../arm-none-eabi/lib/armv6k/fpu/libg.a(libc_a-strtod.o)
 .rodata.str1.4
                0x00124600       0x4c /opt/devkitpro/devkitARM/bin/../lib/gcc/arm-none-eabi/13.2.0/../../../../arm-none-eabi/lib/armv6k/fpu/libg.a(libc_a-locale.o)
 .rodata._mbrtowc_r.str1.4
                0x00124600        0x1 /opt/devkitpro/devkitARM/bin/../lib/gcc/arm-none-eabi/13.2.0/../../../../arm-none-eabi/lib/armv6k/fpu/libg.a(libc_a-mbrtowc.o)
 .rodata._ctype_
                0x00124600      0x101 /opt/devkitpro/devkitARM/bin/../lib/gcc/arm-none-eabi/13.2.0/../../../../arm-none-eabi/lib/armv6k/fpu/libg.a(libc_a-ctype_.o)
                0x00124600                _ctype_
 *fill*         0x00124701        0x3 
 .rodata.categories
                0x00124704     0x3528 /opt/devkitpro/devkitARM/bin/../lib/gcc/arm-none-eabi/13.2.0/../../../../arm-none-eabi/lib/armv6k/fpu/libg.a(libc_a-categories.o)
 .rodata._vfiprintf_r.str1.1
                0x00127c2c       0x29 /opt/devkitpro/devkitARM/bin/../lib/gcc/arm-none-eabi/13.2.0/../../../../arm-none-eabi/lib/armv6k/fpu/libg.a(libc_a-vfiprintf.o)
 .rodata.zeroes.0
                0x00127c2c       0x10 /opt/devkitpro/devkitARM/bin/../lib/gcc/arm-none-eabi/13.2.0/../../../../arm-none-eabi/lib/armv6k/fpu/libg.a(libc_a-vfiprintf.o)
 .rodata.blanks.1
                0x00127c3c       0x10 /opt/devkitpro/devkitARM/bin/../lib/gcc/arm-none-eabi/13.2.0/../../../../arm-none-eabi/lib/armv6k/fpu/libg.a(libc_a-vfiprintf.o)
 .rodata.__action_table
                0x00127c4c       0x6c /opt/devkitpro/devkitARM/bin/../lib/gcc/arm-none-eabi/13.2.0/../../../../arm-none-eabi/lib/armv6k/fpu/libg.a(libc_a-svfiprintf.o)
                0x00127c4c                __action_table
 .rodata.__state_table
                0x00127cb8       0x6c /opt/devkitpro/devkitARM/bin/../lib/gcc/arm-none-eabi/13.2.0/../../../../arm-none-eabi/lib/armv6k/fpu/libg.a(libc_a-svfiprintf.o)
                0x00127cb8                __state_table
 .rodata.__chclass
                0x00127d24      0x100 /opt/devkitpro/devkitARM/bin/../lib/gcc/arm-none-eabi/13.2.0/../../../../arm-none-eabi/lib/armv6k/fpu/libg.a(libc_a-svfiprintf.o)
                0x00127d24                __chclass
 .rodata.__gethex.str1.4
                0x00127e24       0x62 /opt/devkitpro/devkitARM/bin/../lib/gcc/arm-none-eabi/13.2.0/../../../../arm-none-eabi/lib/armv6k/fpu/libg.a(libc_a-gdtoa-gethex.o)
 .rodata.__hexdig
                0x00127e24      0x100 /opt/devkitpro/devkitARM/bin/../lib/gcc/arm-none-eabi/13.2.0/../../../../arm-none-eabi/lib/armv6k/fpu/libg.a(libc_a-gdtoa-gethex.o)
                0x00127e24                __hexdig
 .rodata._dtoa_r.str1.4
                0x00127f24       0x6a /opt/devkitpro/devkitARM/bin/../lib/gcc/arm-none-eabi/13.2.0/../../../../arm-none-eabi/lib/armv6k/fpu/libg.a(libc_a-dtoa.o)
 .rodata._svfprintf_r.str1.1
                0x00127f24       0x3b /opt/devkitpro/devkitARM/bin/../lib/gcc/arm-none-eabi/13.2.0/../../../../arm-none-eabi/lib/armv6k/fpu/libg.a(libc_a-svfprintf.o)
 .rodata.zeroes.0
                0x00127f24       0x10 /opt/devkitpro/devkitARM/bin/../lib/gcc/arm-none-eabi/13.2.0/../../../../arm-none-eabi/lib/armv6k/fpu/libg.a(libc_a-svfprintf.o)
 .rodata.blanks.1
                0x00127f34       0x10 /opt/devkitpro/devkitARM/bin/../lib/gcc/arm-none-eabi/13.2.0/../../../../arm-none-eabi/lib/armv6k/fpu/libg.a(libc_a-svfprintf.o)
 .rodata.__multadd.str1.4
                0x00127f44       0x57 /opt/devkitpro/devkitARM/bin/../lib/gcc/arm-none-eabi/13.2.0/../../../../arm-none-eabi/lib/armv6k/fpu/libg.a(libc_a-mprec.o)
 .rodata.p05.0  0x00127f44        0xc /opt/devkitpro/devkitARM/bin/../lib/gcc/arm-none-eabi/13.2.0/../../../../arm-none-eabi/lib/armv6k/fpu/libg.a(libc_a-mprec.o)
 .rodata.__mprec_bigtens
                0x00127f50       0x28 /opt/devkitpro/devkitARM/bin/../lib/gcc/arm-none-eabi/13.2.0/../../../../arm-none-eabi/lib/armv6k/fpu/libg.a(libc_a-mprec.o)
                0x00127f50                __mprec_bigtens
 .rodata.__mprec_tens
                0x00127f78       0xc8 /opt/devkitpro/devkitARM/bin/../lib/gcc/arm-none-eabi/13.2.0/../../../../arm-none-eabi/lib/armv6k/fpu/libg.a(libc_a-mprec.o)
                0x00127f78                __mprec_tens
 .rodata.__assert_func.str1.4
                0x00128040       0x43 /opt/devkitpro/devkitARM/bin/../lib/gcc/arm-none-eabi/13.2.0/../../../../arm-none-eabi/lib/armv6k/fpu/libg.a(libc_a-assert.o)
 .rodata.AddDevice.str1.4
                0x00128040        0x8 /opt/devkitpro/devkitARM/bin/../lib/gcc/arm-none-eabi/13.2.0/../../../../arm-none-eabi/lib/armv6k/fpu/libsysbase.a(libsysbase_libsysbase_a-iosupport.o)
 .rodata.dotab_stdnull
                0x00128040       0x80 /opt/devkitpro/devkitARM/bin/../lib/gcc/arm-none-eabi/13.2.0/../../../../arm-none-eabi/lib/armv6k/fpu/libsysbase.a(libsysbase_libsysbase_a-iosupport.o)
                0x00128040                dotab_stdnull
 *all.rodata*(*)
 *(.gnu.linkonce.r*)
                0x001280c0                        . = ALIGN (0x4)
                0x001280c0                        __tdata_align = .
                0x001280c0        0x4 LONG 0x4 ALIGNOF (.tdata)
                0x001280c4                        . = ALIGN (0x4)

.eh_frame       0x001280c4        0x0
 .eh_frame      0x001280c4        0x0 /opt/devkitpro/devkitARM/bin/../lib/gcc/arm-none-eabi/13.2.0/armv6k/fpu/crtbegin.o

.rel.dyn        0x001280c4        0x0
 .rel.iplt      0x001280c4        0x0 /opt/devkitpro/devkitARM/bin/../lib/gcc/arm-none-eabi/13.2.0/../../../../arm-none-eabi/lib/armv6k/fpu/3dsx_crt0.o
 .rel.got       0x001280c4        0x0 /opt/devkitpro/devkitARM/bin/../lib/gcc/arm-none-eabi/13.2.0/../../../../arm-none-eabi/lib/armv6k/fpu/3dsx_crt0.o

.ARM.extab
 *(.ARM.extab* .gnu.linkonce.armextab.*)
                0x001280c4                        __exidx_start = .

ARM.exidx
 *(.ARM.exidx* .gnu.linkonce.armexidx.*)
                0x001280c4                        __exidx_end = .
                0x00129000                        . = ALIGN (0x1000)

.data           0x00129000     0x1c4c
 *(.data)
 .data          0x00129000        0x4 sockets.o
                0x00129000                clientsock
 *(.data.*)
 .data.firstConsoleInit.0
                0x00129004        0x1 /opt/devkitpro//libctru/lib/libctru.a(console.o)
 *fill*         0x00129005        0x3 
 .data.currentConsole
                0x00129008        0x4 /opt/devkitpro//libctru/lib/libctru.a(console.o)
                0x00129008                currentConsole
 .data.defaultConsole
                0x0012900c       0x48 /opt/devkitpro//libctru/lib/libctru.a(console.o)
                0x0012900c                defaultConsole
 .data.kCount   0x00129054        0x4 /opt/devkitpro//libctru/lib/libctru.a(hid.o)
 .data.kInterval
                0x00129058        0x4 /opt/devkitpro//libctru/lib/libctru.a(hid.o)
 .data.kDelay   0x0012905c        0x4 /opt/devkitpro//libctru/lib/libctru.a(hid.o)
 .data.aptChainloadDeliverArgSize
                0x00129060        0x4 /opt/devkitpro//libctru/lib/libctru.a(apt.o)
 .data.soc_devoptab
                0x00129064       0x80 /opt/devkitpro//libctru/lib/libctru.a(soc_init.o)
 .data.__stacksize__
                0x001290e4        0x4 /opt/devkitpro//libctru/lib/libctru.a(stack_adjust.o)
                0x001290e4                __stacksize__
 .data.__malloc_sbrk_base
                0x001290e8        0x4 /opt/devkitpro/devkitARM/bin/../lib/gcc/arm-none-eabi/13.2.0/../../../../arm-none-eabi/lib/armv6k/fpu/libg.a(libc_a-mallocr.o)
                0x001290e8                __malloc_sbrk_base
 .data.__malloc_trim_threshold
                0x001290ec        0x4 /opt/devkitpro/devkitARM/bin/../lib/gcc/arm-none-eabi/13.2.0/../../../../arm-none-eabi/lib/armv6k/fpu/libg.a(libc_a-mallocr.o)
                0x001290ec                __malloc_trim_threshold
 .data.__malloc_av_
                0x001290f0      0x408 /opt/devkitpro/devkitARM/bin/../lib/gcc/arm-none-eabi/13.2.0/../../../../arm-none-eabi/lib/armv6k/fpu/libg.a(libc_a-mallocr.o)
                0x001290f0                __malloc_av_