Archive member included to satisfy reference by file (symbol)

/opt/devkitpro//portlibs/3ds/lib/libmbedtls.a(debug.o)
                              sockets.o (mbedtls_debug_set_threshold)
/opt/devkitpro//portlibs/3ds/lib/libmbedtls.a(net_sockets.o)
                              sockets.o (mbedtls_net_init)
/opt/devkitpro//portlibs/3ds/lib/libmbedtls.a(ssl_msg.o)
                              sockets.o (mbedtls_ssl_read)
/opt/devkitpro//portlibs/3ds/lib/libmbedtls.a(ssl_tls.o)
                              /opt/devkitpro//portlibs/3ds/lib/libmbedtls.a(ssl_msg.o) (mbedtls_ssl_resend_hello_request)
/opt/devkitpro//portlibs/3ds/lib/libmbedtls.a(ssl_ciphersuites.o)
                              /opt/devkitpro//portlibs/3ds/lib/libmbedtls.a(ssl_tls.o) (mbedtls_ssl_list_ciphersuites)
/opt/devkitpro//portlibs/3ds/lib/libmbedtls.a(ssl_cli.o)
                              /opt/devkitpro//portlibs/3ds/lib/libmbedtls.a(ssl_tls.o) (mbedtls_ssl_handshake_client_step)
/opt/devkitpro//portlibs/3ds/lib/libmbedtls.a(ssl_srv.o)
                              /opt/devkitpro//portlibs/3ds/lib/libmbedtls.a(ssl_tls.o) (mbedtls_ssl_handshake_server_step)
/opt/devkitpro//portlibs/3ds/lib/libmbedx509.a(x509_crt.o)
                              /opt/devkitpro//portlibs/3ds/lib/libmbedtls.a(ssl_tls.o) (mbedtls_x509_crt_parse_der)
/opt/devkitpro//portlibs/3ds/lib/libmbedx509.a(x509.o)
                              /opt/devkitpro//portlibs/3ds/lib/libmbedx509.a(x509_crt.o) (mbedtls_x509_get_serial)
/opt/devkitpro//portlibs/3ds/lib/libmbedcrypto.a(asn1parse.o)
                              /opt/devkitpro//portlibs/3ds/lib/libmbedx509.a(x509_crt.o) (mbedtls_asn1_get_len)
/opt/devkitpro//portlibs/3ds/lib/libmbedcrypto.a(bignum.o)
                              /opt/devkitpro//portlibs/3ds/lib/libmbedtls.a(ssl_tls.o) (mbedtls_mpi_free)
/opt/devkitpro//portlibs/3ds/lib/libmbedcrypto.a(cipher.o)
                              /opt/devkitpro//portlibs/3ds/lib/libmbedtls.a(ssl_tls.o) (mbedtls_cipher_info_from_type)
/opt/devkitpro//portlibs/3ds/lib/libmbedcrypto.a(cipher_wrap.o)
                              /opt/devkitpro//portlibs/3ds/lib/libmbedcrypto.a(cipher.o) (mbedtls_cipher_supported)
/opt/devkitpro//portlibs/3ds/lib/libmbedcrypto.a(constant_time.o)
                              /opt/devkitpro//portlibs/3ds/lib/libmbedtls.a(ssl_msg.o) (mbedtls_ct_memcmp)
/opt/devkitpro//portlibs/3ds/lib/libmbedcrypto.a(ctr_drbg.o)
                              sockets.o (mbedtls_ctr_drbg_init)
/opt/devkitpro//portlibs/3ds/lib/libmbedcrypto.a(des.o)
                              /opt/devkitpro//portlibs/3ds/lib/libmbedcrypto.a(cipher_wrap.o) (mbedtls_des_init)
/opt/devkitpro//portlibs/3ds/lib/libmbedcrypto.a(dhm.o)
                              /opt/devkitpro//portlibs/3ds/lib/libmbedtls.a(ssl_tls.o) (mbedtls_dhm_init)
/opt/devkitpro//portlibs/3ds/lib/libmbedcrypto.a(ecdh.o)
                              /opt/devkitpro//portlibs/3ds/lib/libmbedtls.a(ssl_tls.o) (mbedtls_ecdh_init)
/opt/devkitpro//portlibs/3ds/lib/libmbedcrypto.a(ecp.o)
                              /opt/devkitpro//portlibs/3ds/lib/libmbedtls.a(ssl_tls.o) (mbedtls_ecp_grp_id_list)
/opt/devkitpro//portlibs/3ds/lib/libmbedcrypto.a(ecp_curves.o)
                              /opt/devkitpro//portlibs/3ds/lib/libmbedcrypto.a(ecdh.o) (mbedtls_ecp_group_load)
/opt/devkitpro//portlibs/3ds/lib/libmbedcrypto.a(entropy.o)
                              sockets.o (mbedtls_entropy_init)
/opt/devkitpro//portlibs/3ds/lib/libmbedcrypto.a(gcm.o)
                              /opt/devkitpro//portlibs/3ds/lib/libmbedcrypto.a(cipher_wrap.o) (mbedtls_gcm_init)
/opt/devkitpro//portlibs/3ds/lib/libmbedcrypto.a(hmac_drbg.o)
                              /opt/devkitpro//portlibs/3ds/lib/libmbedcrypto.a(ecp.o) (mbedtls_hmac_drbg_init)
/opt/devkitpro//portlibs/3ds/lib/libmbedcrypto.a(md.o)
                              /opt/devkitpro//portlibs/3ds/lib/libmbedcrypto.a(ecp.o) (mbedtls_md_list)
/opt/devkitpro//portlibs/3ds/lib/libmbedcrypto.a(md5.o)
                              /opt/devkitpro//portlibs/3ds/lib/libmbedtls.a(ssl_tls.o) (mbedtls_md5_init)
/opt/devkitpro//portlibs/3ds/lib/libmbedcrypto.a(oid.o)
                              /opt/devkitpro//portlibs/3ds/lib/libmbedx509.a(x509.o) (mbedtls_oid_get_attr_short_name)
/opt/devkitpro//portlibs/3ds/lib/libmbedcrypto.a(pem.o)
                              /opt/devkitpro//portlibs/3ds/lib/libmbedx509.a(x509_crt.o) (mbedtls_pem_init)
/opt/devkitpro//portlibs/3ds/lib/libmbedcrypto.a(pk.o)
                              /opt/devkitpro//portlibs/3ds/lib/libmbedx509.a(x509_crt.o) (mbedtls_pk_free)
/opt/devkitpro//portlibs/3ds/lib/libmbedcrypto.a(pk_wrap.o)
                              /opt/devkitpro//portlibs/3ds/lib/libmbedcrypto.a(pk.o) (mbedtls_rsa_alt_info)
/opt/devkitpro//portlibs/3ds/lib/libmbedcrypto.a(pkparse.o)
                              /opt/devkitpro//portlibs/3ds/lib/libmbedx509.a(x509_crt.o) (mbedtls_pk_load_file)
[...]
Memory Configuration

Name             Origin             Length             Attributes
*default*        0x00000000         0xffffffff

Linker script and memory map

                0x00100000                        PROVIDE (__start__ = 0x100000)
                0x00100000                        . = __start__

.text           0x00100000    0x5f584
 *(.crt0)
 .crt0          0x00100000       0x94 /opt/devkitpro/devkitARM/bin/../lib/gcc/arm-none-eabi/13.2.0/../../../../arm-none-eabi/lib/armv6k/fpu/3dsx_crt0.o
                0x00100000                _start
                0x00100008                __service_ptr
                0x0010000c                __apt_appid
                0x00100010                __heap_size
                0x00100014                __linear_heap_size
                0x00100018                __system_arglist
                0x0010001c                __system_runflags
 *(.init)
 .init          0x00100094        0xc /opt/devkitpro/devkitARM/bin/../lib/gcc/arm-none-eabi/13.2.0/armv6k/fpu/crti.o
                0x00100094                _init
 .init          0x001000a0        0xc /opt/devkitpro/devkitARM/bin/../lib/gcc/arm-none-eabi/13.2.0/armv6k/fpu/crtn.o
                0x001000ac                        . = ALIGN (0x4)
 *(.text)
 .text          0x001000ac      0x20c /opt/devkitpro/devkitARM/bin/../lib/gcc/arm-none-eabi/13.2.0/armv6k/fpu/libgcc.a(_udivsi3.o)
                0x001000ac                __udivsi3
                0x001000ac                __aeabi_uidiv
                0x00100298                __aeabi_uidivmod
 .text          0x001002b8      0x240 /opt/devkitpro/devkitARM/bin/../lib/gcc/arm-none-eabi/13.2.0/armv6k/fpu/libgcc.a(_divsi3.o)
                0x001002b8                __aeabi_idiv
                0x001002b8                __divsi3
                0x001004d8                __aeabi_idivmod
 .text          0x001004f8        0x4 /opt/devkitpro/devkitARM/bin/../lib/gcc/arm-none-eabi/13.2.0/armv6k/fpu/libgcc.a(_dvmd_tls.o)
                0x001004f8                __aeabi_ldiv0
                0x001004f8                __aeabi_idiv0
 .text          0x001004fc       0xd4 /opt/devkitpro/devkitARM/bin/../lib/gcc/arm-none-eabi/13.2.0/armv6k/fpu/libgcc.a(_aeabi_ldivmod.o)
                0x001004fc                __aeabi_ldivmod
 .text          0x001005d0       0x3c /opt/devkitpro/devkitARM/bin/../lib/gcc/arm-none-eabi/13.2.0/armv6k/fpu/libgcc.a(_aeabi_uldivmod.o)
                0x001005d0                __aeabi_uldivmod
 *fill*         0x0010060c       0x14 
 .text          0x00100620      0x390 /opt/devkitpro/devkitARM/bin/../lib/gcc/arm-none-eabi/13.2.0/../../../../arm-none-eabi/lib/armv6k/fpu/libg.a(libc_a-strcmp.o)
                0x00100628                strcmp
 *(.text.*)
 .text.__do_global_dtors_aux
                0x001009b0       0x40 /opt/devkitpro/devkitARM/bin/../lib/gcc/arm-none-eabi/13.2.0/armv6k/fpu/crtbegin.o
 .text.frame_dummy
                0x001009f0       0x2c /opt/devkitpro/devkitARM/bin/../lib/gcc/arm-none-eabi/13.2.0/armv6k/fpu/crtbegin.o
 .text.socShutdown
                0x00100a1c        0x4 sockets.o
                0x00100a1c                socShutdown
 .text.my_debug
                0x00100a20        0x8 sockets.o
 .text.drawText
                0x00100a28       0xa4 sockets.o
                0x00100a28                drawText
 .text.drawButton
                0x00100acc      0x178 sockets.o
                0x00100acc                drawButton
 .text.getKeyboardInput
                0x00100c44       0x9c sockets.o
                0x00100c44                getKeyboardInput
 .text.parseGemtext
                0x00100ce0      0x3f4 sockets.o
                0x00100ce0                parseGemtext
 .text.parseUrl
                0x001010d4      0x150 sockets.o
                0x001010d4                parseUrl
 .text.failExit
                0x00101224       0x84 sockets.o
                0x00101224                failExit
 .text.getGeminiPage
                0x001012a8      0x318 sockets.o
                0x001012a8                getGeminiPage
 .text.startup.main
                0x001015c0      0x768 sockets.o
                0x001015c0                main
 .text.mbedtls_debug_print_mpi.part.0
                0x00101d28      0x168 /opt/devkitpro//portlibs/3ds/lib/libmbedtls.a(debug.o)
 .text.mbedtls_debug_print_ecp.part.0
                0x00101e90      0x12c /opt/devkitpro//portlibs/3ds/lib/libmbedtls.a(debug.o)
 .text.mbedtls_debug_set_threshold
                0x00101fbc       0x10 /opt/devkitpro//portlibs/3ds/lib/libmbedtls.a(debug.o)
                0x00101fbc                mbedtls_debug_set_threshold
 .text.mbedtls_debug_print_msg
                0x00101fcc       0xac /opt/devkitpro//portlibs/3ds/lib/libmbedtls.a(debug.o)
                0x00101fcc                mbedtls_debug_print_msg
 .text.mbedtls_debug_print_ret
                0x00102078       0xb8 /opt/devkitpro//portlibs/3ds/lib/libmbedtls.a(debug.o)
                0x00102078                mbedtls_debug_print_ret
 .text.mbedtls_debug_print_buf
                0x00102130      0x200 /opt/devkitpro//portlibs/3ds/lib/libmbedtls.a(debug.o)
                0x00102130                mbedtls_debug_print_buf
 .text.mbedtls_debug_print_mpi
                0x00102330       0x50 /opt/devkitpro//portlibs/3ds/lib/libmbedtls.a(debug.o)
                0x00102330                mbedtls_debug_print_mpi
 .text.mbedtls_debug_print_crt
                0x00102380      0x2fc /opt/devkitpro//portlibs/3ds/lib/libmbedtls.a(debug.o)
                0x00102380                mbedtls_debug_print_crt
 .text.mbedtls_debug_printf_ecdh
                0x0010267c      0x110 /opt/devkitpro//portlibs/3ds/lib/libmbedtls.a(debug.o)
                0x0010267c                mbedtls_debug_printf_ecdh
 .text.net_would_block
                0x0010278c       0x54 /opt/devkitpro//portlibs/3ds/lib/libmbedtls.a(net_sockets.o)
 .text.mbedtls_net_init
                0x001027e0        0xc /opt/devkitpro//portlibs/3ds/lib/libmbedtls.a(net_sockets.o)
                0x001027e0                mbedtls_net_init
 .text.mbedtls_net_connect
                0x001027ec       0xf0 /opt/devkitpro//portlibs/3ds/lib/libmbedtls.a(net_sockets.o)
                0x001027ec                mbedtls_net_connect
 .text.mbedtls_net_recv
                0x001028dc       0x84 /opt/devkitpro//portlibs/3ds/lib/libmbedtls.a(net_sockets.o)
                0x001028dc                mbedtls_net_recv
 .text.mbedtls_net_send
                0x00102960       0x84 /opt/devkitpro//portlibs/3ds/lib/libmbedtls.a(net_sockets.o)
                0x00102960                mbedtls_net_send
 .text.mbedtls_net_free
                0x001029e4       0x30 /opt/devkitpro//portlibs/3ds/lib/libmbedtls.a(net_sockets.o)
                0x001029e4                mbedtls_net_free
 .text.ssl_hs_is_proper_fragment
                0x00102a14       0x7c /opt/devkitpro//portlibs/3ds/lib/libmbedtls.a(ssl_msg.o)
 .text.ssl_check_ctr_renegotiate
                0x00102a90       0xdc /opt/devkitpro//portlibs/3ds/lib/libmbedtls.a(ssl_msg.o)
 .text.ssl_buffering_free_slot.isra.0
                0x00102b6c       0x64 /opt/devkitpro//portlibs/3ds/lib/libmbedtls.a(ssl_msg.o)
 .text.mbedtls_ssl_set_timer
                0x00102bd0       0x58 /opt/devkitpro//portlibs/3ds/lib/libmbedtls.a(ssl_msg.o)
                0x00102bd0                mbedtls_ssl_set_timer
 .text.mbedtls_ssl_encrypt_buf
                0x00102c28      0xaf0 /opt/devkitpro//portlibs/3ds/lib/libmbedtls.a(ssl_msg.o)
                0x00102c28                mbedtls_ssl_encrypt_buf
 .text.mbedtls_ssl_decrypt_buf
                0x00103718      0xaa4 /opt/devkitpro//portlibs/3ds/lib/libmbedtls.a(ssl_msg.o)
                0x00103718                mbedtls_ssl_decrypt_buf
 .text.mbedtls_ssl_flight_free
                0x001041bc       0x30 /opt/devkitpro//portlibs/3ds/lib/libmbedtls.a(ssl_msg.o)
                0x001041bc                mbedtls_ssl_flight_free
 .text.mbedtls_ssl_recv_flight_completed
                0x001041ec      0x120 /opt/devkitpro//portlibs/3ds/lib/libmbedtls.a(ssl_msg.o)
                0x001041ec                mbedtls_ssl_recv_flight_completed
 .text.mbedtls_ssl_send_flight_completed
                0x0010430c       0xc0 /opt/devkitpro//portlibs/3ds/lib/libmbedtls.a(ssl_msg.o)
                0x0010430c                mbedtls_ssl_send_flight_completed
 .text.mbedtls_ssl_update_handshake_status
                0x001043cc       0x80 /opt/devkitpro//portlibs/3ds/lib/libmbedtls.a(ssl_msg.o)
                0x001043cc                mbedtls_ssl_update_handshake_status
 .text.mbedtls_ssl_dtls_replay_reset
                0x0010444c       0x14 /opt/devkitpro//portlibs/3ds/lib/libmbedtls.a(ssl_msg.o)
                0x0010444c                mbedtls_ssl_dtls_replay_reset
 .text.mbedtls_ssl_dtls_replay_check
                0x00104460       0xa4 /opt/devkitpro//portlibs/3ds/lib/libmbedtls.a(ssl_msg.o)
                0x00104460                mbedtls_ssl_dtls_replay_check
 .text.ssl_parse_record_header
                0x00104504      0x328 /opt/devkitpro//portlibs/3ds/lib/libmbedtls.a(ssl_msg.o)
 .text.mbedtls_ssl_dtls_replay_update
                0x0010482c       0xf0 /opt/devkitpro//portlibs/3ds/lib/libmbedtls.a(ssl_msg.o)
                0x0010482c                mbedtls_ssl_dtls_replay_update
 .text.mbedtls_ssl_update_out_pointers
                0x0010491c       0x64 /opt/devkitpro//portlibs/3ds/lib/libmbedtls.a(ssl_msg.o)
                0x0010491c                mbedtls_ssl_update_out_pointers
 .text.mbedtls_ssl_flush_output
                0x00104980      0x1e8 /opt/devkitpro//portlibs/3ds/lib/libmbedtls.a(ssl_msg.o)
                0x00104980                mbedtls_ssl_flush_output
 .text.ssl_swap_epochs
                0x00104b68       0xcc /opt/devkitpro//portlibs/3ds/lib/libmbedtls.a(ssl_msg.o)
 .text.mbedtls_ssl_reset_in_out_pointers
                0x00104c34       0x6c /opt/devkitpro//portlibs/3ds/lib/libmbedtls.a(ssl_msg.o)
                0x00104c34                mbedtls_ssl_reset_in_out_pointers
 .text.mbedtls_ssl_get_record_expansion
                0x00104ca0       0xb8 /opt/devkitpro//portlibs/3ds/lib/libmbedtls.a(ssl_msg.o)
                0x00104ca0                mbedtls_ssl_get_record_expansion
 .text.ssl_get_remaining_payload_in_datagram
                0x00104d58       0xa0 /opt/devkitpro//portlibs/3ds/lib/libmbedtls.a(ssl_msg.o)
 .text.mbedtls_ssl_write_record
                0x00104df8      0x48c /opt/devkitpro//portlibs/3ds/lib/libmbedtls.a(ssl_msg.o)
                0x00104df8                mbedtls_ssl_write_record
 .text.mbedtls_ssl_write_handshake_msg
                0x00105284      0x53c /opt/devkitpro//portlibs/3ds/lib/libmbedtls.a(ssl_msg.o)
                0x00105284                mbedtls_ssl_write_handshake_msg
 .text.mbedtls_ssl_write_change_cipher_spec
                0x001057c0       0xc4 /opt/devkitpro//portlibs/3ds/lib/libmbedtls.a(ssl_msg.o)
                0x001057c0                mbedtls_ssl_write_change_cipher_spec
 .text.mbedtls_ssl_send_alert_message
                0x00105884      0x128 /opt/devkitpro//portlibs/3ds/lib/libmbedtls.a(ssl_msg.o)
                0x00105884                mbedtls_ssl_send_alert_message
 .text.ssl_write_real
                0x001059ac      0x164 /opt/devkitpro//portlibs/3ds/lib/libmbedtls.a(ssl_msg.o)
 .text.mbedtls_ssl_flight_transmit
                0x00105b10      0x414 /opt/devkitpro//portlibs/3ds/lib/libmbedtls.a(ssl_msg.o)
                0x00105b10                mbedtls_ssl_flight_transmit
 .text.mbedtls_ssl_prepare_handshake_record
                0x00105f24      0x36c /opt/devkitpro//portlibs/3ds/lib/libmbedtls.a(ssl_msg.o)
                0x00105f24                mbedtls_ssl_prepare_handshake_record
 .text.mbedtls_ssl_handle_message_type
                0x00106290      0x30c /opt/devkitpro//portlibs/3ds/lib/libmbedtls.a(ssl_msg.o)
                0x00106290                mbedtls_ssl_handle_message_type
 .text.mbedtls_ssl_fetch_input
                0x0010659c      0x764 /opt/devkitpro//portlibs/3ds/lib/libmbedtls.a(ssl_msg.o)
                0x0010659c                mbedtls_ssl_fetch_input
 .text.mbedtls_ssl_read_record
                0x00106d00     0x1b40 /opt/devkitpro//portlibs/3ds/lib/libmbedtls.a(ssl_msg.o)
                0x00106d00                mbedtls_ssl_read_record
 .text.mbedtls_ssl_parse_change_cipher_spec
                0x00108840      0x1ec /opt/devkitpro//portlibs/3ds/lib/libmbedtls.a(ssl_msg.o)
                0x00108840                mbedtls_ssl_parse_change_cipher_spec
 .text.mbedtls_ssl_read
                0x00108a2c      0x680 /opt/devkitpro//portlibs/3ds/lib/libmbedtls.a(ssl_msg.o)
                0x00108a2c                mbedtls_ssl_read
 .text.mbedtls_ssl_write
                0x001090ac      0x1b4 /opt/devkitpro//portlibs/3ds/lib/libmbedtls.a(ssl_msg.o)
                0x001090ac                mbedtls_ssl_write
 .text.mbedtls_ssl_transform_free
                0x00109260       0x3c /opt/devkitpro//portlibs/3ds/lib/libmbedtls.a(ssl_msg.o)
                0x00109260                mbedtls_ssl_transform_free
 .text.mbedtls_ssl_buffering_free
                0x0010929c       0xb4 /opt/devkitpro//portlibs/3ds/lib/libmbedtls.a(ssl_msg.o)
                0x0010929c                mbedtls_ssl_buffering_free
 .text.mbedtls_ssl_write_version
                0x00109350       0x34 /opt/devkitpro//portlibs/3ds/lib/libmbedtls.a(ssl_msg.o)
                0x00109350                mbedtls_ssl_write_version
 .text.mbedtls_ssl_read_version
                0x00109384       0x40 /opt/devkitpro//portlibs/3ds/lib/libmbedtls.a(ssl_msg.o)
                0x00109384                mbedtls_ssl_read_version
 .text.ssl_cookie_write_dummy
                0x001093c4        0xc /opt/devkitpro//portlibs/3ds/lib/libmbedtls.a(ssl_tls.o)
 .text.ssl_cookie_check_dummy
                0x001093d0        0xc /opt/devkitpro//portlibs/3ds/lib/libmbedtls.a(ssl_tls.o)
 .text.tls_prf_generic
                0x001093dc      0x238 /opt/devkitpro//portlibs/3ds/lib/libmbedtls.a(ssl_tls.o)
 .text.tls_prf_sha256
                0x00109614       0x50 /opt/devkitpro//portlibs/3ds/lib/libmbedtls.a(ssl_tls.o)
 .text.tls_prf_sha384
                0x00109664       0x50 /opt/devkitpro//portlibs/3ds/lib/libmbedtls.a(ssl_tls.o)
 .text.tls1_prf
                0x001096b4      0x3e0 /opt/devkitpro//portlibs/3ds/lib/libmbedtls.a(ssl_tls.o)
 .text.ssl_calc_finished_tls_sha256
                0x00109a94      0x144 /opt/devkitpro//portlibs/3ds/lib/libmbedtls.a(ssl_tls.o)
 .text.ssl_calc_verify_tls_sha256
                0x00109bd8       0xcc /opt/devkitpro//portlibs/3ds/lib/libmbedtls.a(ssl_tls.o)
 .text.ssl_calc_finished_tls_sha384
                0x00109ca4      0x14c /opt/devkitpro//portlibs/3ds/lib/libmbedtls.a(ssl_tls.o)
 .text.ssl_calc_verify_tls_sha384
                0x00109df0       0xcc /opt/devkitpro//portlibs/3ds/lib/libmbedtls.a(ssl_tls.o)
 .text.ssl_calc_finished_tls
                0x00109ebc      0x1ac /opt/devkitpro//portlibs/3ds/lib/libmbedtls.a(ssl_tls.o)
 .text.ssl_calc_verify_tls
                0x0010a068       0xf4 /opt/devkitpro//portlibs/3ds/lib/libmbedtls.a(ssl_tls.o)
 .text.ssl_populate_transform
                0x0010a15c      0x778 /opt/devkitpro//portlibs/3ds/lib/libmbedtls.a(ssl_tls.o)
 .text.ssl_write_hello_request
                0x0010a8d4       0xbc /opt/devkitpro//portlibs/3ds/lib/libmbedtls.a(ssl_tls.o)
 .text.ssl_update_checksum_sha256
                0x0010a990        0xc /opt/devkitpro//portlibs/3ds/lib/libmbedtls.a(ssl_tls.o)
 .text.ssl_update_checksum_sha384
                0x0010a99c        0xc /opt/devkitpro//portlibs/3ds/lib/libmbedtls.a(ssl_tls.o)
 .text.ssl_update_checksum_md5sha1
                0x0010a9a8       0x34 /opt/devkitpro//portlibs/3ds/lib/libmbedtls.a(ssl_tls.o)
 .text.ssl_update_checksum_start
                0x0010a9dc       0x5c /opt/devkitpro//portlibs/3ds/lib/libmbedtls.a(ssl_tls.o)
 .text.mbedtls_ssl_derive_keys
                0x0010aa38      0x3c8 /opt/devkitpro//portlibs/3ds/lib/libmbedtls.a(ssl_tls.o)
                0x0010aa38                mbedtls_ssl_derive_keys
 .text.mbedtls_ssl_psk_derive_premaster
                0x0010ae00      0x2cc /opt/devkitpro//portlibs/3ds/lib/libmbedtls.a(ssl_tls.o)
                0x0010ae00                mbedtls_ssl_psk_derive_premaster
 .text.mbedtls_ssl_resend_hello_request
                0x0010b0cc       0x98 /opt/devkitpro//portlibs/3ds/lib/libmbedtls.a(ssl_tls.o)
                0x0010b0cc                mbedtls_ssl_resend_hello_request
 .text.mbedtls_ssl_write_certificate
                0x0010b164      0x360 /opt/devkitpro//portlibs/3ds/lib/libmbedtls.a(ssl_tls.o)
                0x0010b164                mbedtls_ssl_write_certificate
 .text.mbedtls_ssl_optimize_checksum
                0x0010b4c4       0x44 /opt/devkitpro//portlibs/3ds/lib/libmbedtls.a(ssl_tls.o)
                0x0010b4c4                mbedtls_ssl_optimize_checksum
 .text.mbedtls_ssl_reset_checksum
                0x0010b508       0x44 /opt/devkitpro//portlibs/3ds/lib/libmbedtls.a(ssl_tls.o)
                0x0010b508                mbedtls_ssl_reset_checksum
 .text.mbedtls_ssl_write_finished
                0x0010b54c      0x2b0 /opt/devkitpro//portlibs/3ds/lib/libmbedtls.a(ssl_tls.o)
                0x0010b54c                mbedtls_ssl_write_finished
 .text.mbedtls_ssl_parse_finished
                0x0010b7fc      0x254 /opt/devkitpro//portlibs/3ds/lib/libmbedtls.a(ssl_tls.o)
                0x0010b7fc                mbedtls_ssl_parse_finished
 .text.mbedtls_ssl_session_init
                0x0010ba50        0xc /opt/devkitpro//portlibs/3ds/lib/libmbedtls.a(ssl_tls.o)
                0x0010ba50                mbedtls_ssl_session_init
 .text.mbedtls_ssl_init
                0x0010ba5c        0xc /opt/devkitpro//portlibs/3ds/lib/libmbedtls.a(ssl_tls.o)
                0x0010ba5c                mbedtls_ssl_init
 .text.mbedtls_ssl_conf_handshake_timeout
                0x0010ba68        0xc /opt/devkitpro//portlibs/3ds/lib/libmbedtls.a(ssl_tls.o)
                0x0010ba68                mbedtls_ssl_conf_handshake_timeout
 .text.mbedtls_ssl_conf_authmode
                0x0010ba74        0x8 /opt/devkitpro//portlibs/3ds/lib/libmbedtls.a(ssl_tls.o)
                0x0010ba74                mbedtls_ssl_conf_authmode
 .text.mbedtls_ssl_conf_rng
                0x0010ba7c        0xc /opt/devkitpro//portlibs/3ds/lib/libmbedtls.a(ssl_tls.o)
                0x0010ba7c                mbedtls_ssl_conf_rng
 .text.mbedtls_ssl_conf_dbg
                0x0010ba88        0xc /opt/devkitpro//portlibs/3ds/lib/libmbedtls.a(ssl_tls.o)
                0x0010ba88                mbedtls_ssl_conf_dbg
 .text.mbedtls_ssl_set_bio
                0x0010ba94       0x14 /opt/devkitpro//portlibs/3ds/lib/libmbedtls.a(ssl_tls.o)
                0x0010ba94                mbedtls_ssl_set_bio
 .text.mbedtls_ssl_conf_ca_chain
                0x0010baa8        0xc /opt/devkitpro//portlibs/3ds/lib/libmbedtls.a(ssl_tls.o)
                0x0010baa8                mbedtls_ssl_conf_ca_chain
 .text.mbedtls_ssl_conf_dh_param_bin
                0x0010bab4       0x78 /opt/devkitpro//portlibs/3ds/lib/libmbedtls.a(ssl_tls.o)
                0x0010bab4                mbedtls_ssl_conf_dh_param_bin
 .text.mbedtls_ssl_set_hostname
                0x0010bb2c       0xd4 /opt/devkitpro//portlibs/3ds/lib/libmbedtls.a(ssl_tls.o)
                0x0010bb2c                mbedtls_ssl_set_hostname
 .text.mbedtls_ssl_get_output_max_frag_len
                0x0010bc00       0x84 /opt/devkitpro//portlibs/3ds/lib/libmbedtls.a(ssl_tls.o)
                0x0010bc00                mbedtls_ssl_get_output_max_frag_len
 .text.mbedtls_ssl_get_current_mtu
                0x0010bc84       0x5c /opt/devkitpro//portlibs/3ds/lib/libmbedtls.a(ssl_tls.o)
                0x0010bc84                mbedtls_ssl_get_current_mtu
 .text.mbedtls_ssl_get_max_out_record_payload
                0x0010bce0       0xe4 /opt/devkitpro//portlibs/3ds/lib/libmbedtls.a(ssl_tls.o)
                0x0010bce0                mbedtls_ssl_get_max_out_record_payload
 .text.mbedtls_ssl_handshake
                0x0010bdc4      0x14c /opt/devkitpro//portlibs/3ds/lib/libmbedtls.a(ssl_tls.o)
                0x0010bdc4                mbedtls_ssl_handshake
 .text.mbedtls_ssl_handshake_free
                0x0010bf10       0xb4 /opt/devkitpro//portlibs/3ds/lib/libmbedtls.a(ssl_tls.o)
                0x0010bf10                mbedtls_ssl_handshake_free
 .text.mbedtls_ssl_handshake_wrapup_free_hs_transform
                0x0010bfc4       0x9c /opt/devkitpro//portlibs/3ds/lib/libmbedtls.a(ssl_tls.o)
                0x0010bfc4                mbedtls_ssl_handshake_wrapup_free_hs_transform
 .text.mbedtls_ssl_handshake_wrapup
                0x0010c060      0x1a0 /opt/devkitpro//portlibs/3ds/lib/libmbedtls.a(ssl_tls.o)
                0x0010c060                mbedtls_ssl_handshake_wrapup
 .text.mbedtls_ssl_free.part.0
                0x0010c200      0x1b8 /opt/devkitpro//portlibs/3ds/lib/libmbedtls.a(ssl_tls.o)
 .text.ssl_handshake_init
                0x0010c3b8      0x27c /opt/devkitpro//portlibs/3ds/lib/libmbedtls.a(ssl_tls.o)
 .text.mbedtls_ssl_setup
                0x0010c634      0x124 /opt/devkitpro//portlibs/3ds/lib/libmbedtls.a(ssl_tls.o)
                0x0010c634                mbedtls_ssl_setup
 .text.mbedtls_ssl_session_reset_int
                0x0010c758      0x24c /opt/devkitpro//portlibs/3ds/lib/libmbedtls.a(ssl_tls.o)
                0x0010c758                mbedtls_ssl_session_reset_int
 .text.mbedtls_ssl_start_renegotiation
                0x0010c9a4       0xf4 /opt/devkitpro//portlibs/3ds/lib/libmbedtls.a(ssl_tls.o)
                0x0010c9a4                mbedtls_ssl_start_renegotiation
 .text.mbedtls_ssl_renegotiate
                0x0010ca98      0x108 /opt/devkitpro//portlibs/3ds/lib/libmbedtls.a(ssl_tls.o)
                0x0010ca98                mbedtls_ssl_renegotiate
 .text.mbedtls_ssl_session_free
                0x0010cba0       0x44 /opt/devkitpro//portlibs/3ds/lib/libmbedtls.a(ssl_tls.o)
                0x0010cba0                mbedtls_ssl_session_free
 .text.mbedtls_ssl_free
                0x0010cbe4        0xc /opt/devkitpro//portlibs/3ds/lib/libmbedtls.a(ssl_tls.o)
                0x0010cbe4                mbedtls_ssl_free
 .text.mbedtls_ssl_config_init
                0x0010cbf0        0xc /opt/devkitpro//portlibs/3ds/lib/libmbedtls.a(ssl_tls.o)
                0x0010cbf0                mbedtls_ssl_config_init
 .text.mbedtls_ssl_config_defaults
                0x0010cbfc      0x1ec /opt/devkitpro//portlibs/3ds/lib/libmbedtls.a(ssl_tls.o)
                0x0010cbfc                mbedtls_ssl_config_defaults
 .text.mbedtls_ssl_config_free
                0x0010cde8       0x98 /opt/devkitpro//portlibs/3ds/lib/libmbedtls.a(ssl_tls.o)
                0x0010cde8                mbedtls_ssl_config_free
 .text.mbedtls_ssl_sig_from_pk
                0x0010ce80       0x3c /opt/devkitpro//portlibs/3ds/lib/libmbedtls.a(ssl_tls.o)
                0x0010ce80                mbedtls_ssl_sig_from_pk
 .text.mbedtls_ssl_sig_from_pk_alg
                0x0010cebc       0x1c /opt/devkitpro//portlibs/3ds/lib/libmbedtls.a(ssl_tls.o)
                0x0010cebc                mbedtls_ssl_sig_from_pk_alg
 .text.mbedtls_ssl_pk_alg_from_sig
                0x0010ced8       0x18 /opt/devkitpro//portlibs/3ds/lib/libmbedtls.a(ssl_tls.o)
                0x0010ced8                mbedtls_ssl_pk_alg_from_sig
 .text.mbedtls_ssl_sig_hash_set_find
                0x0010cef0       0x28 /opt/devkitpro//portlibs/3ds/lib/libmbedtls.a(ssl_tls.o)
                0x0010cef0                mbedtls_ssl_sig_hash_set_find
 .text.mbedtls_ssl_sig_hash_set_add
                0x0010cf18       0x30 /opt/devkitpro//portlibs/3ds/lib/libmbedtls.a(ssl_tls.o)
                0x0010cf18                mbedtls_ssl_sig_hash_set_add
 .text.mbedtls_ssl_sig_hash_set_const_hash
                0x0010cf48        0xc /opt/devkitpro//portlibs/3ds/lib/libmbedtls.a(ssl_tls.o)
                0x0010cf48                mbedtls_ssl_sig_hash_set_const_hash
 .text.mbedtls_ssl_md_alg_from_hash
                0x0010cf54       0x18 /opt/devkitpro//portlibs/3ds/lib/libmbedtls.a(ssl_tls.o)
                0x0010cf54                mbedtls_ssl_md_alg_from_hash
 .text.mbedtls_ssl_hash_from_md_alg
                0x0010cf6c       0x18 /opt/devkitpro//portlibs/3ds/lib/libmbedtls.a(ssl_tls.o)
                0x0010cf6c                mbedtls_ssl_hash_from_md_alg
 .text.mbedtls_ssl_check_curve
                0x0010cf84       0x44 /opt/devkitpro//portlibs/3ds/lib/libmbedtls.a(ssl_tls.o)
                0x0010cf84                mbedtls_ssl_check_curve
 .text.mbedtls_ssl_check_sig_hash
                0x0010cfc8       0x44 /opt/devkitpro//portlibs/3ds/lib/libmbedtls.a(ssl_tls.o)
                0x0010cfc8                mbedtls_ssl_check_sig_hash
 .text.mbedtls_ssl_check_cert_usage
                0x0010d00c      0x10c /opt/devkitpro//portlibs/3ds/lib/libmbedtls.a(ssl_tls.o)
                0x0010d00c                mbedtls_ssl_check_cert_usage
 .text.mbedtls_ssl_parse_certificate
                0x0010d118      0xa04 /opt/devkitpro//portlibs/3ds/lib/libmbedtls.a(ssl_tls.o)
                0x0010d118                mbedtls_ssl_parse_certificate
 .text.mbedtls_ssl_set_calc_verify_md
                0x0010db1c       0x74 /opt/devkitpro//portlibs/3ds/lib/libmbedtls.a(ssl_tls.o)
                0x0010db1c                mbedtls_ssl_set_calc_verify_md
 .text.mbedtls_ssl_get_key_exchange_md_ssl_tls
                0x0010db90      0x1e0 /opt/devkitpro//portlibs/3ds/lib/libmbedtls.a(ssl_tls.o)
                0x0010db90                mbedtls_ssl_get_key_exchange_md_ssl_tls
 .text.mbedtls_ssl_get_key_exchange_md_tls1_2
                0x0010dd70      0x174 /opt/devkitpro//portlibs/3ds/lib/libmbedtls.a(ssl_tls.o)
                0x0010dd70                mbedtls_ssl_get_key_exchange_md_tls1_2
 .text.mbedtls_ssl_list_ciphersuites
                0x0010dee4       0xa0 /opt/devkitpro//portlibs/3ds/lib/libmbedtls.a(ssl_ciphersuites.o)
                0x0010dee4                mbedtls_ssl_list_ciphersuites
 .text.mbedtls_ssl_ciphersuite_from_id
                0x0010df84       0x38 /opt/devkitpro//portlibs/3ds/lib/libmbedtls.a(ssl_ciphersuites.o)
                0x0010df84                mbedtls_ssl_ciphersuite_from_id
 .text.mbedtls_ssl_get_ciphersuite_name
                0x0010dfbc       0x3c /opt/devkitpro//portlibs/3ds/lib/libmbedtls.a(ssl_ciphersuites.o)
                0x0010dfbc                mbedtls_ssl_get_ciphersuite_name
 .text.mbedtls_ssl_get_ciphersuite_sig_pk_alg
                0x0010dff8       0x54 /opt/devkitpro//portlibs/3ds/lib/libmbedtls.a(ssl_ciphersuites.o)
                0x0010dff8                mbedtls_ssl_get_ciphersuite_sig_pk_alg
 .text.mbedtls_ssl_get_ciphersuite_sig_alg
                0x0010e04c       0x2c /opt/devkitpro//portlibs/3ds/lib/libmbedtls.a(ssl_ciphersuites.o)
                0x0010e04c                mbedtls_ssl_get_ciphersuite_sig_alg
 .text.mbedtls_ssl_ciphersuite_uses_ec
                0x0010e078       0x30 /opt/devkitpro//portlibs/3ds/lib/libmbedtls.a(ssl_ciphersuites.o)
                0x0010e078                mbedtls_ssl_ciphersuite_uses_ec
 .text.mbedtls_ssl_ciphersuite_uses_psk
                0x0010e0a8       0x18 /opt/devkitpro//portlibs/3ds/lib/libmbedtls.a(ssl_ciphersuites.o)
                0x0010e0a8                mbedtls_ssl_ciphersuite_uses_psk
 .text.ssl_check_server_ecdh_params
                0x0010e0c0       0xd8 /opt/devkitpro//portlibs/3ds/lib/libmbedtls.a(ssl_cli.o)
 .text.ssl_write_encrypted_pms
                0x0010e198      0x224 /opt/devkitpro//portlibs/3ds/lib/libmbedtls.a(ssl_cli.o)
 .text.ssl_validate_ciphersuite
                0x0010e3bc       0xb0 /opt/devkitpro//portlibs/3ds/lib/libmbedtls.a(ssl_cli.o)
 .text.ssl_write_client_hello
                0x0010e46c     0x1288 /opt/devkitpro//portlibs/3ds/lib/libmbedtls.a(ssl_cli.o)
 .text.mbedtls_ssl_handshake_client_step
                0x0010f6f4     0x3018 /opt/devkitpro//portlibs/3ds/lib/libmbedtls.a(ssl_cli.o)
                0x0010f6f4                mbedtls_ssl_handshake_client_step
 .text.ssl_parse_client_dh_public
                0x0011270c      0x120 /opt/devkitpro//portlibs/3ds/lib/libmbedtls.a(ssl_srv.o)
 .text.ssl_parse_client_hello
                0x0011282c     0x2290 /opt/devkitpro//portlibs/3ds/lib/libmbedtls.a(ssl_srv.o)
 .text.ssl_parse_client_psk_identity
                0x00114abc      0x1b4 /opt/devkitpro//portlibs/3ds/lib/libmbedtls.a(ssl_srv.o)
 .text.ssl_parse_encrypted_pms
                0x00114c70      0x2a8 /opt/devkitpro//portlibs/3ds/lib/libmbedtls.a(ssl_srv.o)
 .text.mbedtls_ssl_handshake_server_step
                0x00114f18     0x2744 /opt/devkitpro//portlibs/3ds/lib/libmbedtls.a(ssl_srv.o)
                0x00114f18                mbedtls_ssl_handshake_server_step
 .text.x509_profile_check_key
                0x0011765c       0xbc /opt/devkitpro//portlibs/3ds/lib/libmbedx509.a(x509_crt.o)
 .text.mbedtls_x509_crt_free.part.0
                0x00117718      0x178 /opt/devkitpro//portlibs/3ds/lib/libmbedx509.a(x509_crt.o)
 .text.x509_name_cmp
                0x00117890      0x12c /opt/devkitpro//portlibs/3ds/lib/libmbedx509.a(x509_crt.o)
 .text.x509_crt_check_cn
                0x001179bc      0x134 /opt/devkitpro//portlibs/3ds/lib/libmbedx509.a(x509_crt.o)
 .text.x509_crt_verify_restartable_ca_cb.constprop.0.isra.0
                0x00117af0      0x820 /opt/devkitpro//portlibs/3ds/lib/libmbedx509.a(x509_crt.o)
 .text.mbedtls_x509_parse_subject_alt_name
                0x00118310      0x210 /opt/devkitpro//portlibs/3ds/lib/libmbedx509.a(x509_crt.o)
                0x00118310                mbedtls_x509_parse_subject_alt_name
 .text.mbedtls_x509_crt_parse_der_internal
                0x00118520      0xe7c /opt/devkitpro//portlibs/3ds/lib/libmbedx509.a(x509_crt.o)
 .text.mbedtls_x509_crt_parse_der
                0x0011939c       0x24 /opt/devkitpro//portlibs/3ds/lib/libmbedx509.a(x509_crt.o)
                0x0011939c                mbedtls_x509_crt_parse_der
 .text.mbedtls_x509_crt_info
                0x001193c0      0xd7c /opt/devkitpro//portlibs/3ds/lib/libmbedx509.a(x509_crt.o)
                0x001193c0                mbedtls_x509_crt_info
 .text.mbedtls_x509_crt_check_key_usage
                0x0011a13c       0x4c /opt/devkitpro//portlibs/3ds/lib/libmbedx509.a(x509_crt.o)
                0x0011a13c                mbedtls_x509_crt_check_key_usage
 .text.mbedtls_x509_crt_check_extended_key_usage
                0x0011a188       0xac /opt/devkitpro//portlibs/3ds/lib/libmbedx509.a(x509_crt.o)
                0x0011a188                mbedtls_x509_crt_check_extended_key_usage
 .text.mbedtls_x509_crt_verify_restartable
                0x0011a234        0x4 /opt/devkitpro//portlibs/3ds/lib/libmbedx509.a(x509_crt.o)
                0x0011a234                mbedtls_x509_crt_verify_restartable
 .text.mbedtls_x509_crt_init
                0x0011a238        0xc /opt/devkitpro//portlibs/3ds/lib/libmbedx509.a(x509_crt.o)
                0x0011a238                mbedtls_x509_crt_init
 .text.mbedtls_x509_crt_free
                0x0011a244        0xc /opt/devkitpro//portlibs/3ds/lib/libmbedx509.a(x509_crt.o)
                0x0011a244                mbedtls_x509_crt_free
 .text.x509_check_time
                0x0011a250       0xb4 /opt/devkitpro//portlibs/3ds/lib/libmbedx509.a(x509.o)
 .text.x509_get_current_time
                0x0011a304       0x84 /opt/devkitpro//portlibs/3ds/lib/libmbedx509.a(x509.o)
 .text.mbedtls_x509_get_serial
                0x0011a388       0x7c /opt/devkitpro//portlibs/3ds/lib/libmbedx509.a(x509.o)
                0x0011a388                mbedtls_x509_get_serial
 .text.mbedtls_x509_get_alg
                0x0011a404       0x14 /opt/devkitpro//portlibs/3ds/lib/libmbedx509.a(x509.o)
                0x0011a404                mbedtls_x509_get_alg
 .text.mbedtls_x509_get_rsassa_pss_params
                0x0011a418      0x340 /opt/devkitpro//portlibs/3ds/lib/libmbedx509.a(x509.o)
                0x0011a418                mbedtls_x509_get_rsassa_pss_params
 .text.mbedtls_x509_get_name
                0x0011a758      0x218 /opt/devkitpro//portlibs/3ds/lib/libmbedx509.a(x509.o)
                0x0011a758                mbedtls_x509_get_name
 .text.mbedtls_x509_get_time
                0x0011a970      0x3d4 /opt/devkitpro//portlibs/3ds/lib/libmbedx509.a(x509.o)
                0x0011a970                mbedtls_x509_get_time
 .text.mbedtls_x509_get_sig
                0x0011ad44       0x64 /opt/devkitpro//portlibs/3ds/lib/libmbedx509.a(x509.o)
                0x0011ad44                mbedtls_x509_get_sig
 .text.mbedtls_x509_get_sig_alg
                0x0011ada8       0xd4 /opt/devkitpro//portlibs/3ds/lib/libmbedx509.a(x509.o)
                0x0011ada8                mbedtls_x509_get_sig_alg
 .text.mbedtls_x509_get_ext
                0x0011ae7c       0x88 /opt/devkitpro//portlibs/3ds/lib/libmbedx509.a(x509.o)
                0x0011ae7c                mbedtls_x509_get_ext
 .text.mbedtls_x509_dn_gets
                0x0011af04      0x220 /opt/devkitpro//portlibs/3ds/lib/libmbedx509.a(x509.o)
                0x0011af04                mbedtls_x509_dn_gets
 .text.mbedtls_x509_serial_gets
                0x0011b124      0x148 /opt/devkitpro//portlibs/3ds/lib/libmbedx509.a(x509.o)
                0x0011b124                mbedtls_x509_serial_gets
 .text.mbedtls_x509_sig_alg_gets
                0x0011b26c      0x140 /opt/devkitpro//portlibs/3ds/lib/libmbedx509.a(x509.o)
                0x0011b26c                mbedtls_x509_sig_alg_gets
 .text.mbedtls_x509_key_size_helper
                0x0011b3ac       0x3c /opt/devkitpro//portlibs/3ds/lib/libmbedx509.a(x509.o)
                0x0011b3ac                mbedtls_x509_key_size_helper
 .text.mbedtls_x509_time_is_past
                0x0011b3e8       0x34 /opt/devkitpro//portlibs/3ds/lib/libmbedx509.a(x509.o)
                0x0011b3e8                mbedtls_x509_time_is_past
 .text.mbedtls_x509_time_is_future
                0x0011b41c       0x34 /opt/devkitpro//portlibs/3ds/lib/libmbedx509.a(x509.o)
                0x0011b41c                mbedtls_x509_time_is_future
 .text.asn1_get_sequence_of_cb
                0x0011b450       0x64 /opt/devkitpro//portlibs/3ds/lib/libmbedcrypto.a(asn1parse.o)
 .text.mbedtls_asn1_get_len
                0x0011b4b4      0x108 /opt/devkitpro//portlibs/3ds/lib/libmbedcrypto.a(asn1parse.o)
                0x0011b4b4                mbedtls_asn1_get_len
 .text.asn1_get_tagged_int
                0x0011b5bc      0x114 /opt/devkitpro//portlibs/3ds/lib/libmbedcrypto.a(asn1parse.o)
 .text.mbedtls_asn1_get_tag
                0x0011b6d0       0x40 /opt/devkitpro//portlibs/3ds/lib/libmbedcrypto.a(asn1parse.o)
                0x0011b6d0                mbedtls_asn1_get_tag
 .text.mbedtls_asn1_get_bool
                0x0011b710       0x88 /opt/devkitpro//portlibs/3ds/lib/libmbedcrypto.a(asn1parse.o)
                0x0011b710                mbedtls_asn1_get_bool
 .text.mbedtls_asn1_get_int
                0x0011b798        0xc /opt/devkitpro//portlibs/3ds/lib/libmbedcrypto.a(asn1parse.o)
                0x0011b798                mbedtls_asn1_get_int
 .text.mbedtls_asn1_get_mpi
                0x0011b7a4       0x7c /opt/devkitpro//portlibs/3ds/lib/libmbedcrypto.a(asn1parse.o)
                0x0011b7a4                mbedtls_asn1_get_mpi
 .text.mbedtls_asn1_get_bitstring
                0x0011b820       0xa4 /opt/devkitpro//portlibs/3ds/lib/libmbedcrypto.a(asn1parse.o)
                0x0011b820                mbedtls_asn1_get_bitstring
 .text.mbedtls_asn1_traverse_sequence_of
                0x0011b8c4      0x15c /opt/devkitpro//portlibs/3ds/lib/libmbedcrypto.a(asn1parse.o)
                0x0011b8c4                mbedtls_asn1_traverse_sequence_of
 .text.mbedtls_asn1_get_bitstring_null
                0x0011ba20       0x84 /opt/devkitpro//portlibs/3ds/lib/libmbedcrypto.a(asn1parse.o)
                0x0011ba20                mbedtls_asn1_get_bitstring_null
 .text.mbedtls_asn1_get_sequence_of
                0x0011baa4       0x58 /opt/devkitpro//portlibs/3ds/lib/libmbedcrypto.a(asn1parse.o)
                0x0011baa4                mbedtls_asn1_get_sequence_of
 .text.mbedtls_asn1_get_alg
                0x0011bafc      0x130 /opt/devkitpro//portlibs/3ds/lib/libmbedcrypto.a(asn1parse.o)
                0x0011bafc                mbedtls_asn1_get_alg
 .text.mbedtls_asn1_get_alg_null
                0x0011bc2c       0x54 /opt/devkitpro//portlibs/3ds/lib/libmbedcrypto.a(asn1parse.o)
                0x0011bc2c                mbedtls_asn1_get_alg_null
 .text.mpi_mul_hlp
                0x0011bc80      0x200 /opt/devkitpro//portlibs/3ds/lib/libmbedcrypto.a(bignum.o)
 .text.mpi_montmul
                0x0011be80      0x18c /opt/devkitpro//portlibs/3ds/lib/libmbedcrypto.a(bignum.o)
 .text.mpi_fill_random_internal
                0x0011c00c       0xc0 /opt/devkitpro//portlibs/3ds/lib/libmbedcrypto.a(bignum.o)
 .text.mbedtls_mpi_init
                0x0011c0cc       0x14 /opt/devkitpro//portlibs/3ds/lib/libmbedcrypto.a(bignum.o)
                0x0011c0cc                mbedtls_mpi_init
 .text.mbedtls_mpi_free
                0x0011c0e0       0x40 /opt/devkitpro//portlibs/3ds/lib/libmbedcrypto.a(bignum.o)
                0x0011c0e0                mbedtls_mpi_free
 .text.mbedtls_mpi_grow
                0x0011c120       0x90 /opt/devkitpro//portlibs/3ds/lib/libmbedcrypto.a(bignum.o)
                0x0011c120                mbedtls_mpi_grow
 .text.mbedtls_mpi_resize_clear
                0x0011c1b0       0xb4 /opt/devkitpro//portlibs/3ds/lib/libmbedcrypto.a(bignum.o)
 .text.mbedtls_mpi_shrink
                0x0011c264       0xc8 /opt/devkitpro//portlibs/3ds/lib/libmbedcrypto.a(bignum.o)
                0x0011c264                mbedtls_mpi_shrink
 .text.mbedtls_mpi_copy
                0x0011c32c       0xec /opt/devkitpro//portlibs/3ds/lib/libmbedcrypto.a(bignum.o)
                0x0011c32c                mbedtls_mpi_copy
 .text.mbedtls_mpi_lset
                0x0011c418       0x98 /opt/devkitpro//portlibs/3ds/lib/libmbedcrypto.a(bignum.o)
                0x0011c418                mbedtls_mpi_lset
 .text.mbedtls_mpi_get_bit
                0x0011c4b0       0x28 /opt/devkitpro//portlibs/3ds/lib/libmbedcrypto.a(bignum.o)
                0x0011c4b0                mbedtls_mpi_get_bit
 .text.mbedtls_mpi_set_bit
                0x0011c4d8       0x6c /opt/devkitpro//portlibs/3ds/lib/libmbedcrypto.a(bignum.o)
                0x0011c4d8                mbedtls_mpi_set_bit
 .text.mbedtls_mpi_lsb
                0x0011c544       0x6c /opt/devkitpro//portlibs/3ds/lib/libmbedcrypto.a(bignum.o)
                0x0011c544                mbedtls_mpi_lsb
 .text.mbedtls_mpi_bitlen
                0x0011c5b0       0x8c /opt/devkitpro//portlibs/3ds/lib/libmbedcrypto.a(bignum.o)
                0x0011c5b0                mbedtls_mpi_bitlen
 .text.mbedtls_mpi_size
                0x0011c63c       0x14 /opt/devkitpro//portlibs/3ds/lib/libmbedcrypto.a(bignum.o)
                0x0011c63c                mbedtls_mpi_size
 .text.mbedtls_mpi_read_binary_le
                0x0011c650       0x68 /opt/devkitpro//portlibs/3ds/lib/libmbedcrypto.a(bignum.o)
                0x0011c650                mbedtls_mpi_read_binary_le
 .text.mbedtls_mpi_read_binary
                0x0011c6b8       0xa4 /opt/devkitpro//portlibs/3ds/lib/libmbedcrypto.a(bignum.o)
                0x0011c6b8                mbedtls_mpi_read_binary
 .text.mbedtls_mpi_write_binary_le
                0x0011c75c      0x124 /opt/devkitpro//portlibs/3ds/lib/libmbedcrypto.a(bignum.o)
                0x0011c75c                mbedtls_mpi_write_binary_le
 .text.mbedtls_mpi_write_binary
                0x0011c880       0xdc /opt/devkitpro//portlibs/3ds/lib/libmbedcrypto.a(bignum.o)
                0x0011c880                mbedtls_mpi_write_binary
 .text.mbedtls_mpi_shift_l
                0x0011c95c       0xf8 /opt/devkitpro//portlibs/3ds/lib/libmbedcrypto.a(bignum.o)
                0x0011c95c                mbedtls_mpi_shift_l
 .text.mbedtls_mpi_shift_r
                0x0011ca54      0x12c /opt/devkitpro//portlibs/3ds/lib/libmbedcrypto.a(bignum.o)
                0x0011ca54                mbedtls_mpi_shift_r
 .text.mbedtls_mpi_cmp_abs
                0x0011cb80       0xf0 /opt/devkitpro//portlibs/3ds/lib/libmbedcrypto.a(bignum.o)
                0x0011cb80                mbedtls_mpi_cmp_abs
 .text.mbedtls_mpi_cmp_mpi
                0x0011cc70      0x120 /opt/devkitpro//portlibs/3ds/lib/libmbedcrypto.a(bignum.o)
                0x0011cc70                mbedtls_mpi_cmp_mpi
 .text.mbedtls_mpi_cmp_int
                0x0011cd90       0x38 /opt/devkitpro//portlibs/3ds/lib/libmbedcrypto.a(bignum.o)
                0x0011cd90                mbedtls_mpi_cmp_int
 .text.mbedtls_mpi_add_abs
                0x0011cdc8      0x11c /opt/devkitpro//portlibs/3ds/lib/libmbedcrypto.a(bignum.o)
                0x0011cdc8                mbedtls_mpi_add_abs
 .text.mbedtls_mpi_sub_abs
                0x0011cee4      0x18c /opt/devkitpro//portlibs/3ds/lib/libmbedcrypto.a(bignum.o)
                0x0011cee4                mbedtls_mpi_sub_abs
 .text.add_sub_mpi
                0x0011d070       0x98 /opt/devkitpro//portlibs/3ds/lib/libmbedcrypto.a(bignum.o)
 .text.mbedtls_mpi_add_mpi
                0x0011d108        0x8 /opt/devkitpro//portlibs/3ds/lib/libmbedcrypto.a(bignum.o)
                0x0011d108                mbedtls_mpi_add_mpi
 .text.mbedtls_mpi_sub_mpi
                0x0011d110        0x8 /opt/devkitpro//portlibs/3ds/lib/libmbedcrypto.a(bignum.o)
                0x0011d110                mbedtls_mpi_sub_mpi
 .text.mbedtls_mpi_add_int
                0x0011d118       0x38 /opt/devkitpro//portlibs/3ds/lib/libmbedcrypto.a(bignum.o)
                0x0011d118                mbedtls_mpi_add_int
 .text.mbedtls_mpi_sub_int
                0x0011d150       0x3c /opt/devkitpro//portlibs/3ds/lib/libmbedcrypto.a(bignum.o)
                0x0011d150                mbedtls_mpi_sub_int
 .text.mbedtls_mpi_mul_mpi
                0x0011d18c      0x1e8 /opt/devkitpro//portlibs/3ds/lib/libmbedcrypto.a(bignum.o)
                0x0011d18c                mbedtls_mpi_mul_mpi
 .text.mbedtls_mpi_mul_int
                0x0011d374       0xd0 /opt/devkitpro//portlibs/3ds/lib/libmbedcrypto.a(bignum.o)
                0x0011d374                mbedtls_mpi_mul_int
 .text.mbedtls_mpi_div_mpi
                0x0011d444      0x64c /opt/devkitpro//portlibs/3ds/lib/libmbedcrypto.a(bignum.o)
                0x0011d444                mbedtls_mpi_div_mpi
 .text.mbedtls_mpi_mod_mpi
                0x0011da90       0xfc /opt/devkitpro//portlibs/3ds/lib/libmbedcrypto.a(bignum.o)
                0x0011da90                mbedtls_mpi_mod_mpi
 .text.mbedtls_mpi_mod_int
                0x0011db8c       0xb4 /opt/devkitpro//portlibs/3ds/lib/libmbedcrypto.a(bignum.o)
                0x0011db8c                mbedtls_mpi_mod_int
 .text.mpi_check_small_factors
                0x0011dc40       0xa8 /opt/devkitpro//portlibs/3ds/lib/libmbedcrypto.a(bignum.o)
 .text.mbedtls_mpi_exp_mod
                0x0011dce8      0xa30 /opt/devkitpro//portlibs/3ds/lib/libmbedcrypto.a(bignum.o)
                0x0011dce8                mbedtls_mpi_exp_mod
 .text.mpi_miller_rabin
                0x0011e718      0x4c0 /opt/devkitpro//portlibs/3ds/lib/libmbedcrypto.a(bignum.o)
 .text.mbedtls_mpi_gcd
                0x0011ebd8      0x45c /opt/devkitpro//portlibs/3ds/lib/libmbedcrypto.a(bignum.o)
                0x0011ebd8                mbedtls_mpi_gcd
 .text.mbedtls_mpi_fill_random
                0x0011f034       0x4c /opt/devkitpro//portlibs/3ds/lib/libmbedcrypto.a(bignum.o)
                0x0011f034                mbedtls_mpi_fill_random
 .text.mbedtls_mpi_random
                0x0011f080      0x184 /opt/devkitpro//portlibs/3ds/lib/libmbedcrypto.a(bignum.o)
                0x0011f080                mbedtls_mpi_random
 .text.mbedtls_mpi_inv_mod
                0x0011f204      0x87c /opt/devkitpro//portlibs/3ds/lib/libmbedcrypto.a(bignum.o)
                0x0011f204                mbedtls_mpi_inv_mod
 .text.mbedtls_mpi_is_prime_ext
                0x0011fa80       0xd4 /opt/devkitpro//portlibs/3ds/lib/libmbedcrypto.a(bignum.o)
                0x0011fa80                mbedtls_mpi_is_prime_ext
 .text.add_pkcs_padding
                0x0011fb54       0x38 /opt/devkitpro//portlibs/3ds/lib/libmbedcrypto.a(cipher.o)
 .text.get_pkcs_padding
                0x0011fb8c       0x90 /opt/devkitpro//portlibs/3ds/lib/libmbedcrypto.a(cipher.o)
 .text.add_one_and_zeros_padding
                0x0011fc1c       0x44 /opt/devkitpro//portlibs/3ds/lib/libmbedcrypto.a(cipher.o)
 .text.add_zeros_and_len_padding
                0x0011fc60       0x48 /opt/devkitpro//portlibs/3ds/lib/libmbedcrypto.a(cipher.o)
 .text.get_zeros_and_len_padding
                0x0011fca8       0x90 /opt/devkitpro//portlibs/3ds/lib/libmbedcrypto.a(cipher.o)
 .text.add_zeros_padding
                0x0011fd38       0x20 /opt/devkitpro//portlibs/3ds/lib/libmbedcrypto.a(cipher.o)
 .text.get_no_padding
                0x0011fd58       0x20 /opt/devkitpro//portlibs/3ds/lib/libmbedcrypto.a(cipher.o)
 .text.mbedtls_cipher_aead_encrypt
                0x0011fd78       0xf8 /opt/devkitpro//portlibs/3ds/lib/libmbedcrypto.a(cipher.o)
 .text.mbedtls_cipher_aead_decrypt
                0x0011fe70      0x160 /opt/devkitpro//portlibs/3ds/lib/libmbedcrypto.a(cipher.o)
 .text.get_zeros_padding
                0x0011ffd0       0x6c /opt/devkitpro//portlibs/3ds/lib/libmbedcrypto.a(cipher.o)
 .text.get_one_and_zeros_padding
                0x0012003c       0x98 /opt/devkitpro//portlibs/3ds/lib/libmbedcrypto.a(cipher.o)
 .text.mbedtls_cipher_info_from_type
                0x001200d4       0x40 /opt/devkitpro//portlibs/3ds/lib/libmbedcrypto.a(cipher.o)
                0x001200d4                mbedtls_cipher_info_from_type
 .text.mbedtls_cipher_info_from_values
                0x00120114       0x64 /opt/devkitpro//portlibs/3ds/lib/libmbedcrypto.a(cipher.o)
                0x00120114                mbedtls_cipher_info_from_values
 .text.mbedtls_cipher_init
                0x00120178        0xc /opt/devkitpro//portlibs/3ds/lib/libmbedcrypto.a(cipher.o)
                0x00120178                mbedtls_cipher_init
 .text.mbedtls_cipher_free
                0x00120184       0x54 /opt/devkitpro//portlibs/3ds/lib/libmbedcrypto.a(cipher.o)
                0x00120184                mbedtls_cipher_free
 .text.mbedtls_cipher_setup
                0x001201d8       0x74 /opt/devkitpro//portlibs/3ds/lib/libmbedcrypto.a(cipher.o)
                0x001201d8                mbedtls_cipher_setup
 .text.mbedtls_cipher_setkey
                0x0012024c       0x8c /opt/devkitpro//portlibs/3ds/lib/libmbedcrypto.a(cipher.o)
                0x0012024c                mbedtls_cipher_setkey
 .text.mbedtls_cipher_set_iv
                0x001202d8       0xdc /opt/devkitpro//portlibs/3ds/lib/libmbedcrypto.a(cipher.o)
                0x001202d8                mbedtls_cipher_set_iv
 .text.mbedtls_cipher_update
                0x001203b4      0x3f8 /opt/devkitpro//portlibs/3ds/lib/libmbedcrypto.a(cipher.o)
                0x001203b4                mbedtls_cipher_update
 .text.mbedtls_cipher_finish
                0x001207ac      0x16c /opt/devkitpro//portlibs/3ds/lib/libmbedcrypto.a(cipher.o)
                0x001207ac                mbedtls_cipher_finish
 .text.mbedtls_cipher_set_padding_mode
                0x00120918       0xc0 /opt/devkitpro//portlibs/3ds/lib/libmbedcrypto.a(cipher.o)
                0x00120918                mbedtls_cipher_set_padding_mode
 .text.mbedtls_cipher_crypt
                0x001209d8       0x98 /opt/devkitpro//portlibs/3ds/lib/libmbedcrypto.a(cipher.o)
                0x001209d8                mbedtls_cipher_crypt
 .text.mbedtls_cipher_auth_encrypt_ext
                0x00120a70       0x74 /opt/devkitpro//portlibs/3ds/lib/libmbedcrypto.a(cipher.o)
                0x00120a70                mbedtls_cipher_auth_encrypt_ext
 .text.mbedtls_cipher_auth_decrypt_ext
                0x00120ae4       0x58 /opt/devkitpro//portlibs/3ds/lib/libmbedcrypto.a(cipher.o)
                0x00120ae4                mbedtls_cipher_auth_decrypt_ext
 .text.chachapoly_ctx_free
                0x00120b3c       0x18 /opt/devkitpro//portlibs/3ds/lib/libmbedcrypto.a(cipher_wrap.o)
 .text.chachapoly_ctx_alloc
                0x00120b54       0x24 /opt/devkitpro//portlibs/3ds/lib/libmbedcrypto.a(cipher_wrap.o)
 .text.chachapoly_setkey_wrap
                0x00120b78       0x2c /opt/devkitpro//portlibs/3ds/lib/libmbedcrypto.a(cipher_wrap.o)
 .text.chacha20_ctx_free
                0x00120ba4       0x18 /opt/devkitpro//portlibs/3ds/lib/libmbedcrypto.a(cipher_wrap.o)
 .text.chacha20_ctx_alloc
                0x00120bbc       0x24 /opt/devkitpro//portlibs/3ds/lib/libmbedcrypto.a(cipher_wrap.o)
 .text.chacha20_setkey_wrap
                0x00120be0       0x2c /opt/devkitpro//portlibs/3ds/lib/libmbedcrypto.a(cipher_wrap.o)
 .text.chacha20_stream_wrap
                0x00120c0c       0x1c /opt/devkitpro//portlibs/3ds/lib/libmbedcrypto.a(cipher_wrap.o)
 .text.des3_ctx_free
                0x00120c28       0x18 /opt/devkitpro//portlibs/3ds/lib/libmbedcrypto.a(cipher_wrap.o)
 .text.des3_ctx_alloc
                0x00120c40       0x24 /opt/devkitpro//portlibs/3ds/lib/libmbedcrypto.a(cipher_wrap.o)
 .text.des3_set3key_dec_wrap
                0x00120c64        0x4 /opt/devkitpro//portlibs/3ds/lib/libmbedcrypto.a(cipher_wrap.o)
 .text.des3_set3key_enc_wrap
                0x00120c68        0x4 /opt/devkitpro//portlibs/3ds/lib/libmbedcrypto.a(cipher_wrap.o)
 .text.des3_crypt_cbc_wrap
                0x00120c6c        0x4 /opt/devkitpro//portlibs/3ds/lib/libmbedcrypto.a(cipher_wrap.o)
 .text.des3_crypt_ecb_wrap
                0x00120c70        0xc /opt/devkitpro//portlibs/3ds/lib/libmbedcrypto.a(cipher_wrap.o)
 .text.des3_set2key_dec_wrap
                0x00120c7c        0x4 /opt/devkitpro//portlibs/3ds/lib/libmbedcrypto.a(cipher_wrap.o)
 .text.des3_set2key_enc_wrap
                0x00120c80        0x4 /opt/devkitpro//portlibs/3ds/lib/libmbedcrypto.a(cipher_wrap.o)
 .text.des_ctx_free
                0x00120c84       0x18 /opt/devkitpro//portlibs/3ds/lib/libmbedcrypto.a(cipher_wrap.o)
 .text.des_ctx_alloc
                0x00120c9c       0x24 /opt/devkitpro//portlibs/3ds/lib/libmbedcrypto.a(cipher_wrap.o)
 .text.des_setkey_dec_wrap
                0x00120cc0        0x4 /opt/devkitpro//portlibs/3ds/lib/libmbedcrypto.a(cipher_wrap.o)
 .text.des_setkey_enc_wrap
                0x00120cc4        0x4 /opt/devkitpro//portlibs/3ds/lib/libmbedcrypto.a(cipher_wrap.o)
 .text.des_crypt_cbc_wrap
                0x00120cc8        0x4 /opt/devkitpro//portlibs/3ds/lib/libmbedcrypto.a(cipher_wrap.o)
 .text.des_crypt_ecb_wrap
                0x00120ccc        0xc /opt/devkitpro//portlibs/3ds/lib/libmbedcrypto.a(cipher_wrap.o)
 .text.ccm_ctx_free
                0x00120cd8       0x18 /opt/devkitpro//portlibs/3ds/lib/libmbedcrypto.a(cipher_wrap.o)
 .text.ccm_ctx_alloc
                0x00120cf0       0x24 /opt/devkitpro//portlibs/3ds/lib/libmbedcrypto.a(cipher_wrap.o)
 .text.ccm_camellia_setkey_wrap
                0x00120d14       0x14 /opt/devkitpro//portlibs/3ds/lib/libmbedcrypto.a(cipher_wrap.o)
 .text.ccm_aes_setkey_wrap
                0x00120d28       0x14 /opt/devkitpro//portlibs/3ds/lib/libmbedcrypto.a(cipher_wrap.o)
 .text.gcm_ctx_free
                0x00120d3c       0x18 /opt/devkitpro//portlibs/3ds/lib/libmbedcrypto.a(cipher_wrap.o)
 .text.gcm_ctx_alloc
                0x00120d54       0x24 /opt/devkitpro//portlibs/3ds/lib/libmbedcrypto.a(cipher_wrap.o)
 .text.gcm_camellia_setkey_wrap
                0x00120d78       0x14 /opt/devkitpro//portlibs/3ds/lib/libmbedcrypto.a(cipher_wrap.o)
 .text.gcm_aes_setkey_wrap
                0x00120d8c       0x14 /opt/devkitpro//portlibs/3ds/lib/libmbedcrypto.a(cipher_wrap.o)
 .text.camellia_ctx_free
                0x00120da0       0x18 /opt/devkitpro//portlibs/3ds/lib/libmbedcrypto.a(cipher_wrap.o)
 .text.camellia_ctx_alloc
                0x00120db8       0x24 /opt/devkitpro//portlibs/3ds/lib/libmbedcrypto.a(cipher_wrap.o)
 .text.camellia_setkey_dec_wrap
                0x00120ddc        0x4 /opt/devkitpro//portlibs/3ds/lib/libmbedcrypto.a(cipher_wrap.o)
 .text.camellia_setkey_enc_wrap
                0x00120de0        0x4 /opt/devkitpro//portlibs/3ds/lib/libmbedcrypto.a(cipher_wrap.o)
 .text.camellia_crypt_ctr_wrap
                0x00120de4        0x4 /opt/devkitpro//portlibs/3ds/lib/libmbedcrypto.a(cipher_wrap.o)
 .text.camellia_crypt_cfb128_wrap
                0x00120de8        0x4 /opt/devkitpro//portlibs/3ds/lib/libmbedcrypto.a(cipher_wrap.o)
 .text.camellia_crypt_cbc_wrap
                0x00120dec        0x4 /opt/devkitpro//portlibs/3ds/lib/libmbedcrypto.a(cipher_wrap.o)
 .text.camellia_crypt_ecb_wrap
                0x00120df0        0x4 /opt/devkitpro//portlibs/3ds/lib/libmbedcrypto.a(cipher_wrap.o)
 .text.blowfish_ctx_free
                0x00120df4       0x18 /opt/devkitpro//portlibs/3ds/lib/libmbedcrypto.a(cipher_wrap.o)
 .text.blowfish_ctx_alloc
                0x00120e0c       0x28 /opt/devkitpro//portlibs/3ds/lib/libmbedcrypto.a(cipher_wrap.o)
 .text.blowfish_setkey_wrap
                0x00120e34        0x4 /opt/devkitpro//portlibs/3ds/lib/libmbedcrypto.a(cipher_wrap.o)
 .text.blowfish_crypt_ctr_wrap
                0x00120e38        0x4 /opt/devkitpro//portlibs/3ds/lib/libmbedcrypto.a(cipher_wrap.o)
 .text.blowfish_crypt_cfb64_wrap
                0x00120e3c        0x4 /opt/devkitpro//portlibs/3ds/lib/libmbedcrypto.a(cipher_wrap.o)
 .text.blowfish_crypt_cbc_wrap
                0x00120e40        0x4 /opt/devkitpro//portlibs/3ds/lib/libmbedcrypto.a(cipher_wrap.o)
 .text.blowfish_crypt_ecb_wrap
                0x00120e44        0x4 /opt/devkitpro//portlibs/3ds/lib/libmbedcrypto.a(cipher_wrap.o)
 .text.arc4_ctx_free
                0x00120e48       0x18 /opt/devkitpro//portlibs/3ds/lib/libmbedcrypto.a(cipher_wrap.o)
 .text.arc4_ctx_alloc
                0x00120e60       0x24 /opt/devkitpro//portlibs/3ds/lib/libmbedcrypto.a(cipher_wrap.o)
 .text.arc4_setkey_wrap
                0x00120e84       0x28 /opt/devkitpro//portlibs/3ds/lib/libmbedcrypto.a(cipher_wrap.o)
 .text.arc4_crypt_stream_wrap
                0x00120eac        0x4 /opt/devkitpro//portlibs/3ds/lib/libmbedcrypto.a(cipher_wrap.o)
 .text.xts_aes_ctx_alloc
                0x00120eb0       0x24 /opt/devkitpro//portlibs/3ds/lib/libmbedcrypto.a(cipher_wrap.o)
 .text.xts_aes_setkey_dec_wrap
                0x00120ed4        0x4 /opt/devkitpro//portlibs/3ds/lib/libmbedcrypto.a(cipher_wrap.o)
 .text.xts_aes_setkey_enc_wrap
                0x00120ed8        0x4 /opt/devkitpro//portlibs/3ds/lib/libmbedcrypto.a(cipher_wrap.o)
 .text.aes_crypt_xts_wrap
                0x00120edc       0x30 /opt/devkitpro//portlibs/3ds/lib/libmbedcrypto.a(cipher_wrap.o)
 .text.aes_ctx_free
                0x00120f0c       0x18 /opt/devkitpro//portlibs/3ds/lib/libmbedcrypto.a(cipher_wrap.o)
 .text.aes_ctx_alloc
                0x00120f24       0x24 /opt/devkitpro//portlibs/3ds/lib/libmbedcrypto.a(cipher_wrap.o)
 .text.aes_setkey_dec_wrap
                0x00120f48        0x4 /opt/devkitpro//portlibs/3ds/lib/libmbedcrypto.a(cipher_wrap.o)
 .text.aes_setkey_enc_wrap
                0x00120f4c        0x4 /opt/devkitpro//portlibs/3ds/lib/libmbedcrypto.a(cipher_wrap.o)
 .text.aes_crypt_ctr_wrap
                0x00120f50        0x4 /opt/devkitpro//portlibs/3ds/lib/libmbedcrypto.a(cipher_wrap.o)
 .text.aes_crypt_ofb_wrap
                0x00120f54        0x4 /opt/devkitpro//portlibs/3ds/lib/libmbedcrypto.a(cipher_wrap.o)
 .text.aes_crypt_cfb128_wrap
                0x00120f58        0x4 /opt/devkitpro//portlibs/3ds/lib/libmbedcrypto.a(cipher_wrap.o)
 .text.aes_crypt_cbc_wrap
                0x00120f5c        0x4 /opt/devkitpro//portlibs/3ds/lib/libmbedcrypto.a(cipher_wrap.o)
 .text.aes_crypt_ecb_wrap
                0x00120f60        0x4 /opt/devkitpro//portlibs/3ds/lib/libmbedcrypto.a(cipher_wrap.o)
 .text.xts_aes_ctx_free
                0x00120f64       0x1c /opt/devkitpro//portlibs/3ds/lib/libmbedcrypto.a(cipher_wrap.o)
 .text.mbedtls_ct_memcmp
                0x00120f80       0x48 /opt/devkitpro//portlibs/3ds/lib/libmbedcrypto.a(constant_time.o)
                0x00120f80                mbedtls_ct_memcmp
 .text.mbedtls_ct_uint_mask
                0x00120fc8       0x10 /opt/devkitpro//portlibs/3ds/lib/libmbedcrypto.a(constant_time.o)
                0x00120fc8                mbedtls_ct_uint_mask
 .text.mbedtls_ct_size_mask
                0x00120fd8       0x10 /opt/devkitpro//portlibs/3ds/lib/libmbedcrypto.a(constant_time.o)
                0x00120fd8                mbedtls_ct_size_mask
 .text.mbedtls_ct_size_mask_ge
                0x00120fe8       0x14 /opt/devkitpro//portlibs/3ds/lib/libmbedcrypto.a(constant_time.o)
                0x00120fe8                mbedtls_ct_size_mask_ge
 .text.mbedtls_ct_size_bool_eq
                0x00120ffc       0x18 /opt/devkitpro//portlibs/3ds/lib/libmbedcrypto.a(constant_time.o)
                0x00120ffc                mbedtls_ct_size_bool_eq
 .text.mbedtls_ct_mpi_uint_cond_assign
                0x00121014       0x44 /opt/devkitpro//portlibs/3ds/lib/libmbedcrypto.a(constant_time.o)
                0x00121014                mbedtls_ct_mpi_uint_cond_assign
 .text.mbedtls_ct_memcpy_offset
                0x00121058       0x8c /opt/devkitpro//portlibs/3ds/lib/libmbedcrypto.a(constant_time.o)
                0x00121058                mbedtls_ct_memcpy_offset
 .text.mbedtls_ct_hmac
                0x001210e4      0x214 /opt/devkitpro//portlibs/3ds/lib/libmbedcrypto.a(constant_time.o)
                0x001210e4                mbedtls_ct_hmac
 .text.mbedtls_mpi_safe_cond_assign
                0x001212f8       0xcc /opt/devkitpro//portlibs/3ds/lib/libmbedcrypto.a(constant_time.o)
                0x001212f8                mbedtls_mpi_safe_cond_assign
 .text.mbedtls_mpi_safe_cond_swap
                0x001213c4       0xf0 /opt/devkitpro//portlibs/3ds/lib/libmbedcrypto.a(constant_time.o)
                0x001213c4                mbedtls_mpi_safe_cond_swap
 .text.mbedtls_mpi_lt_mpi_ct
                0x001214b4       0xc4 /opt/devkitpro//portlibs/3ds/lib/libmbedcrypto.a(constant_time.o)
                0x001214b4                mbedtls_mpi_lt_mpi_ct
 .text.mbedtls_ct_rsaes_pkcs1_v15_unpadding
                0x00121578      0x254 /opt/devkitpro//portlibs/3ds/lib/libmbedcrypto.a(constant_time.o)
                0x00121578                mbedtls_ct_rsaes_pkcs1_v15_unpadding
 .text.block_cipher_df
                0x001217cc      0x25c /opt/devkitpro//portlibs/3ds/lib/libmbedcrypto.a(ctr_drbg.o)
 .text.ctr_drbg_update_internal
                0x00121a28       0xf0 /opt/devkitpro//portlibs/3ds/lib/libmbedcrypto.a(ctr_drbg.o)
 .text.mbedtls_ctr_drbg_reseed_internal
                0x00121b18      0x118 /opt/devkitpro//portlibs/3ds/lib/libmbedcrypto.a(ctr_drbg.o)
 .text.mbedtls_ctr_drbg_init
                0x00121c30       0x2c /opt/devkitpro//portlibs/3ds/lib/libmbedcrypto.a(ctr_drbg.o)
                0x00121c30                mbedtls_ctr_drbg_init
 .text.mbedtls_ctr_drbg_free
                0x00121c5c       0x38 /opt/devkitpro//portlibs/3ds/lib/libmbedcrypto.a(ctr_drbg.o)
                0x00121c5c                mbedtls_ctr_drbg_free
 .text.mbedtls_ctr_drbg_seed
                0x00121c94       0xbc /opt/devkitpro//portlibs/3ds/lib/libmbedcrypto.a(ctr_drbg.o)
                0x00121c94                mbedtls_ctr_drbg_seed
 .text.mbedtls_ctr_drbg_random_with_add
                0x00121d50      0x184 /opt/devkitpro//portlibs/3ds/lib/libmbedcrypto.a(ctr_drbg.o)
                0x00121d50                mbedtls_ctr_drbg_random_with_add
 .text.mbedtls_ctr_drbg_random
                0x00121ed4       0x1c /opt/devkitpro//portlibs/3ds/lib/libmbedcrypto.a(ctr_drbg.o)
                0x00121ed4                mbedtls_ctr_drbg_random
 .text.mbedtls_des_init
                0x00121ef0        0xc /opt/devkitpro//portlibs/3ds/lib/libmbedcrypto.a(des.o)
                0x00121ef0                mbedtls_des_init
 .text.mbedtls_des_free
                0x00121efc       0x10 /opt/devkitpro//portlibs/3ds/lib/libmbedcrypto.a(des.o)
                0x00121efc                mbedtls_des_free
 .text.mbedtls_des3_init
                0x00121f0c        0xc /opt/devkitpro//portlibs/3ds/lib/libmbedcrypto.a(des.o)
                0x00121f0c                mbedtls_des3_init
 .text.mbedtls_des3_free
                0x00121f18       0x10 /opt/devkitpro//portlibs/3ds/lib/libmbedcrypto.a(des.o)
                0x00121f18                mbedtls_des3_free
 .text.mbedtls_des_setkey
                0x00121f28      0x3b0 /opt/devkitpro//portlibs/3ds/lib/libmbedcrypto.a(des.o)
                0x00121f28                mbedtls_des_setkey
 .text.des3_set2key
                0x001222d8       0x94 /opt/devkitpro//portlibs/3ds/lib/libmbedcrypto.a(des.o)
 .text.des3_set3key
                0x0012236c       0x90 /opt/devkitpro//portlibs/3ds/lib/libmbedcrypto.a(des.o)
 .text.mbedtls_des_setkey_enc
                0x001223fc       0x10 /opt/devkitpro//portlibs/3ds/lib/libmbedcrypto.a(des.o)
                0x001223fc                mbedtls_des_setkey_enc
 .text.mbedtls_des_setkey_dec
                0x0012240c       0x50 /opt/devkitpro//portlibs/3ds/lib/libmbedcrypto.a(des.o)
                0x0012240c                mbedtls_des_setkey_dec
 .text.mbedtls_des3_set2key_enc
                0x0012245c       0x2c /opt/devkitpro//portlibs/3ds/lib/libmbedcrypto.a(des.o)
                0x0012245c                mbedtls_des3_set2key_enc
 .text.mbedtls_des3_set2key_dec
                0x00122488       0x34 /opt/devkitpro//portlibs/3ds/lib/libmbedcrypto.a(des.o)
                0x00122488                mbedtls_des3_set2key_dec
 .text.mbedtls_des3_set3key_enc
                0x001224bc       0x2c /opt/devkitpro//portlibs/3ds/lib/libmbedcrypto.a(des.o)
                0x001224bc                mbedtls_des3_set3key_enc
 .text.mbedtls_des3_set3key_dec
                0x001224e8       0x34 /opt/devkitpro//portlibs/3ds/lib/libmbedcrypto.a(des.o)
                0x001224e8                mbedtls_des3_set3key_dec
 .text.mbedtls_des_crypt_ecb
                0x0012251c      0x290 /opt/devkitpro//portlibs/3ds/lib/libmbedcrypto.a(des.o)
                0x0012251c                mbedtls_des_crypt_ecb
 .text.mbedtls_des_crypt_cbc
                0x001227ac      0x130 /opt/devkitpro//portlibs/3ds/lib/libmbedcrypto.a(des.o)
                0x001227ac                mbedtls_des_crypt_cbc
 .text.mbedtls_des3_crypt_ecb
                0x001228dc      0x504 /opt/devkitpro//portlibs/3ds/lib/libmbedcrypto.a(des.o)
                0x001228dc                mbedtls_des3_crypt_ecb
 .text.mbedtls_des3_crypt_cbc
                0x00122de0      0x130 /opt/devkitpro//portlibs/3ds/lib/libmbedcrypto.a(des.o)
                0x00122de0                mbedtls_des3_crypt_cbc
 .text.dhm_read_bignum
                0x00122f10       0x60 /opt/devkitpro//portlibs/3ds/lib/libmbedcrypto.a(dhm.o)
 .text.dhm_check_range
                0x00122f70       0x78 /opt/devkitpro//portlibs/3ds/lib/libmbedcrypto.a(dhm.o)
 .text.mbedtls_dhm_free.part.0
                0x00122fe8       0x68 /opt/devkitpro//portlibs/3ds/lib/libmbedcrypto.a(dhm.o)
 .text.dhm_make_common
                0x00123050      0x110 /opt/devkitpro//portlibs/3ds/lib/libmbedcrypto.a(dhm.o)
 .text.mbedtls_dhm_init
                0x00123160        0xc /opt/devkitpro//portlibs/3ds/lib/libmbedcrypto.a(dhm.o)
                0x00123160                mbedtls_dhm_init
 .text.mbedtls_dhm_read_params
                0x0012316c       0x84 /opt/devkitpro//portlibs/3ds/lib/libmbedcrypto.a(dhm.o)
                0x0012316c                mbedtls_dhm_read_params
 .text.mbedtls_dhm_make_params
                0x001231f0      0x104 /opt/devkitpro//portlibs/3ds/lib/libmbedcrypto.a(dhm.o)
                0x001231f0                mbedtls_dhm_make_params
 .text.mbedtls_dhm_set_group
                0x001232f4       0x54 /opt/devkitpro//portlibs/3ds/lib/libmbedcrypto.a(dhm.o)
                0x001232f4                mbedtls_dhm_set_group
 .text.mbedtls_dhm_read_public
                0x00123348       0x38 /opt/devkitpro//portlibs/3ds/lib/libmbedcrypto.a(dhm.o)
                0x00123348                mbedtls_dhm_read_public
 .text.mbedtls_dhm_make_public
                0x00123380       0x80 /opt/devkitpro//portlibs/3ds/lib/libmbedcrypto.a(dhm.o)
                0x00123380                mbedtls_dhm_make_public
 .text.mbedtls_dhm_calc_secret
                0x00123400      0x3a0 /opt/devkitpro//portlibs/3ds/lib/libmbedcrypto.a(dhm.o)
                0x00123400                mbedtls_dhm_calc_secret
 .text.mbedtls_dhm_free
                0x001237a0        0xc /opt/devkitpro//portlibs/3ds/lib/libmbedcrypto.a(dhm.o)
                0x001237a0                mbedtls_dhm_free
 .text.ecdh_compute_shared_restartable.constprop.0
                0x001237ac       0x98 /opt/devkitpro//portlibs/3ds/lib/libmbedcrypto.a(ecdh.o)
 .text.mbedtls_ecdh_init
                0x00123844       0x50 /opt/devkitpro//portlibs/3ds/lib/libmbedcrypto.a(ecdh.o)
                0x00123844                mbedtls_ecdh_init
 .text.mbedtls_ecdh_setup
                0x00123894       0x1c /opt/devkitpro//portlibs/3ds/lib/libmbedcrypto.a(ecdh.o)
                0x00123894                mbedtls_ecdh_setup
 .text.mbedtls_ecdh_free
                0x001238b0       0x50 /opt/devkitpro//portlibs/3ds/lib/libmbedcrypto.a(ecdh.o)
                0x001238b0                mbedtls_ecdh_free
 .text.mbedtls_ecdh_make_params
                0x00123900       0xe0 /opt/devkitpro//portlibs/3ds/lib/libmbedcrypto.a(ecdh.o)
                0x00123900                mbedtls_ecdh_make_params
 .text.mbedtls_ecdh_read_params
                0x001239e0       0x74 /opt/devkitpro//portlibs/3ds/lib/libmbedcrypto.a(ecdh.o)
                0x001239e0                mbedtls_ecdh_read_params
 .text.mbedtls_ecdh_get_params
                0x00123a54       0x90 /opt/devkitpro//portlibs/3ds/lib/libmbedcrypto.a(ecdh.o)
                0x00123a54                mbedtls_ecdh_get_params
 .text.mbedtls_ecdh_make_public
                0x00123ae4       0xa8 /opt/devkitpro//portlibs/3ds/lib/libmbedcrypto.a(ecdh.o)
                0x00123ae4                mbedtls_ecdh_make_public
 .text.mbedtls_ecdh_read_public
                0x00123b8c       0x4c /opt/devkitpro//portlibs/3ds/lib/libmbedcrypto.a(ecdh.o)
                0x00123b8c                mbedtls_ecdh_read_public
 .text.mbedtls_ecdh_calc_secret
                0x00123bd8       0xbc /opt/devkitpro//portlibs/3ds/lib/libmbedcrypto.a(ecdh.o)
                0x00123bd8                mbedtls_ecdh_calc_secret
 .text.ecp_drbg_random
                0x00123c94        0x4 /opt/devkitpro//portlibs/3ds/lib/libmbedcrypto.a(ecp.o)
 .text.ecp_drbg_seed
                0x00123c98       0x88 /opt/devkitpro//portlibs/3ds/lib/libmbedcrypto.a(ecp.o)
 .text.ecp_modp
                0x00123d20       0xfc /opt/devkitpro//portlibs/3ds/lib/libmbedcrypto.a(ecp.o)
 .text.mbedtls_mpi_mul_mod
                0x00123e1c       0x34 /opt/devkitpro//portlibs/3ds/lib/libmbedcrypto.a(ecp.o)
 .text.ecp_safe_invert_jac
                0x00123e50       0x78 /opt/devkitpro//portlibs/3ds/lib/libmbedcrypto.a(ecp.o)
 .text.ecp_select_comb
                0x00123ec8       0xa0 /opt/devkitpro//portlibs/3ds/lib/libmbedcrypto.a(ecp.o)
 .text.mbedtls_mpi_sub_mod
                0x00123f68       0x78 /opt/devkitpro//portlibs/3ds/lib/libmbedcrypto.a(ecp.o)
 .text.mbedtls_mpi_shift_l_mod.constprop.0
                0x00123fe0       0x68 /opt/devkitpro//portlibs/3ds/lib/libmbedcrypto.a(ecp.o)
 .text.ecp_randomize_mxz
                0x00124048       0xbc /opt/devkitpro//portlibs/3ds/lib/libmbedcrypto.a(ecp.o)
 .text.ecp_normalize_jac
                0x00124104      0x140 /opt/devkitpro//portlibs/3ds/lib/libmbedcrypto.a(ecp.o)
 .text.ecp_normalize_jac_many
                0x00124244      0x308 /opt/devkitpro//portlibs/3ds/lib/libmbedcrypto.a(ecp.o)
 .text.ecp_randomize_jac
                0x0012454c      0x154 /opt/devkitpro//portlibs/3ds/lib/libmbedcrypto.a(ecp.o)
 .text.ecp_double_jac
                0x001246a0      0x580 /opt/devkitpro//portlibs/3ds/lib/libmbedcrypto.a(ecp.o)
 .text.ecp_add_mixed
                0x00124c20      0x50c /opt/devkitpro//portlibs/3ds/lib/libmbedcrypto.a(ecp.o)
 .text.ecp_mul_comb.isra.0
                0x0012512c      0x80c /opt/devkitpro//portlibs/3ds/lib/libmbedcrypto.a(ecp.o)
 .text.mbedtls_ecp_grp_id_list
                0x00125938       0x58 /opt/devkitpro//portlibs/3ds/lib/libmbedcrypto.a(ecp.o)
                0x00125938                mbedtls_ecp_grp_id_list
 .text.mbedtls_ecp_curve_info_from_grp_id
                0x00125990       0x34 /opt/devkitpro//portlibs/3ds/lib/libmbedcrypto.a(ecp.o)
                0x00125990                mbedtls_ecp_curve_info_from_grp_id
 .text.mbedtls_ecp_curve_info_from_tls_id
                0x001259c4       0x30 /opt/devkitpro//portlibs/3ds/lib/libmbedcrypto.a(ecp.o)
                0x001259c4                mbedtls_ecp_curve_info_from_tls_id
 .text.mbedtls_ecp_get_type
                0x001259f4       0x28 /opt/devkitpro//portlibs/3ds/lib/libmbedcrypto.a(ecp.o)
                0x001259f4                mbedtls_ecp_get_type
 .text.mbedtls_ecp_point_init
                0x00125a1c       0x20 /opt/devkitpro//portlibs/3ds/lib/libmbedcrypto.a(ecp.o)
                0x00125a1c                mbedtls_ecp_point_init
 .text.mbedtls_ecp_group_init
                0x00125a3c       0x6c /opt/devkitpro//portlibs/3ds/lib/libmbedcrypto.a(ecp.o)
                0x00125a3c                mbedtls_ecp_group_init
 .text.mbedtls_ecp_keypair_init
                0x00125aa8       0x30 /opt/devkitpro//portlibs/3ds/lib/libmbedcrypto.a(ecp.o)
                0x00125aa8                mbedtls_ecp_keypair_init
 .text.mbedtls_ecp_point_free
                0x00125ad8       0x24 /opt/devkitpro//portlibs/3ds/lib/libmbedcrypto.a(ecp.o)
                0x00125ad8                mbedtls_ecp_point_free
 .text.mbedtls_ecp_group_free
                0x00125afc       0xbc /opt/devkitpro//portlibs/3ds/lib/libmbedcrypto.a(ecp.o)
                0x00125afc                mbedtls_ecp_group_free
 .text.mbedtls_ecp_keypair_free
                0x00125bb8       0x34 /opt/devkitpro//portlibs/3ds/lib/libmbedcrypto.a(ecp.o)
                0x00125bb8                mbedtls_ecp_keypair_free
 .text.mbedtls_ecp_copy
                0x00125bec       0x3c /opt/devkitpro//portlibs/3ds/lib/libmbedcrypto.a(ecp.o)
                0x00125bec                mbedtls_ecp_copy
 .text.mbedtls_ecp_group_copy
                0x00125c28        0x8 /opt/devkitpro//portlibs/3ds/lib/libmbedcrypto.a(ecp.o)
                0x00125c28                mbedtls_ecp_group_copy
 .text.mbedtls_ecp_is_zero
                0x00125c30       0x1c /opt/devkitpro//portlibs/3ds/lib/libmbedcrypto.a(ecp.o)
                0x00125c30                mbedtls_ecp_is_zero
 .text.mbedtls_ecp_point_write_binary
                0x00125c4c      0x168 /opt/devkitpro//portlibs/3ds/lib/libmbedcrypto.a(ecp.o)
                0x00125c4c                mbedtls_ecp_point_write_binary
 .text.mbedtls_ecp_point_read_binary
                0x00125db4      0x18c /opt/devkitpro//portlibs/3ds/lib/libmbedcrypto.a(ecp.o)
                0x00125db4                mbedtls_ecp_point_read_binary
 .text.mbedtls_ecp_tls_read_point
                0x00125f40       0x5c /opt/devkitpro//portlibs/3ds/lib/libmbedcrypto.a(ecp.o)
                0x00125f40                mbedtls_ecp_tls_read_point
 .text.mbedtls_ecp_tls_write_point
                0x00125f9c       0x60 /opt/devkitpro//portlibs/3ds/lib/libmbedcrypto.a(ecp.o)
                0x00125f9c                mbedtls_ecp_tls_write_point
 .text.mbedtls_ecp_tls_read_group_id
                0x00125ffc       0x8c /opt/devkitpro//portlibs/3ds/lib/libmbedcrypto.a(ecp.o)
                0x00125ffc                mbedtls_ecp_tls_read_group_id
 .text.mbedtls_ecp_tls_write_group
                0x00126088       0x6c /opt/devkitpro//portlibs/3ds/lib/libmbedcrypto.a(ecp.o)
                0x00126088                mbedtls_ecp_tls_write_group
 .text.mbedtls_ecp_check_pubkey
                0x001260f4      0x380 /opt/devkitpro//portlibs/3ds/lib/libmbedcrypto.a(ecp.o)
                0x001260f4                mbedtls_ecp_check_pubkey
 .text.mbedtls_ecp_check_privkey
                0x00126474       0xc4 /opt/devkitpro//portlibs/3ds/lib/libmbedcrypto.a(ecp.o)
                0x00126474                mbedtls_ecp_check_privkey
 .text.mbedtls_ecp_mul_restartable
                0x00126538      0x7a8 /opt/devkitpro//portlibs/3ds/lib/libmbedcrypto.a(ecp.o)
                0x00126538                mbedtls_ecp_mul_restartable
 .text.mbedtls_ecp_mul_shortcuts
                0x00126ce0      0x1ac /opt/devkitpro//portlibs/3ds/lib/libmbedcrypto.a(ecp.o)
 .text.mbedtls_ecp_muladd_restartable
                0x00126e8c       0xf4 /opt/devkitpro//portlibs/3ds/lib/libmbedcrypto.a(ecp.o)
                0x00126e8c                mbedtls_ecp_muladd_restartable
 .text.mbedtls_ecp_gen_privkey
                0x00126f80      0x10c /opt/devkitpro//portlibs/3ds/lib/libmbedcrypto.a(ecp.o)
                0x00126f80                mbedtls_ecp_gen_privkey
 .text.mbedtls_ecp_check_pub_priv
                0x0012708c      0x150 /opt/devkitpro//portlibs/3ds/lib/libmbedcrypto.a(ecp.o)
                0x0012708c                mbedtls_ecp_check_pub_priv
 .text.ecp_mod_p448
                0x001271dc      0x178 /opt/devkitpro//portlibs/3ds/lib/libmbedcrypto.a(ecp_curves.o)
 .text.ecp_mod_p255
                0x00127354       0xfc /opt/devkitpro//portlibs/3ds/lib/libmbedcrypto.a(ecp_curves.o)
 .text.ecp_mod_p521
                0x00127450       0xb0 /opt/devkitpro//portlibs/3ds/lib/libmbedcrypto.a(ecp_curves.o)
 .text.ecp_mod_p384
                0x00127500      0x668 /opt/devkitpro//portlibs/3ds/lib/libmbedcrypto.a(ecp_curves.o)
 .text.ecp_mod_koblitz.constprop.0
                0x00127b68      0x178 /opt/devkitpro//portlibs/3ds/lib/libmbedcrypto.a(ecp_curves.o)
 .text.ecp_mod_p192k1
                0x00127ce0       0x10 /opt/devkitpro//portlibs/3ds/lib/libmbedcrypto.a(ecp_curves.o)
 .text.ecp_mod_p224k1
                0x00127cf0       0x10 /opt/devkitpro//portlibs/3ds/lib/libmbedcrypto.a(ecp_curves.o)
 .text.ecp_mod_p256k1
                0x00127d00       0x10 /opt/devkitpro//portlibs/3ds/lib/libmbedcrypto.a(ecp_curves.o)
 .text.ecp_mod_p224
                0x00127d10      0x340 /opt/devkitpro//portlibs/3ds/lib/libmbedcrypto.a(ecp_curves.o)
 .text.ecp_mod_p256
                0x00128050      0x518 /opt/devkitpro//portlibs/3ds/lib/libmbedcrypto.a(ecp_curves.o)
 .text.ecp_mod_p192
                0x00128568      0x1d4 /opt/devkitpro//portlibs/3ds/lib/libmbedcrypto.a(ecp_curves.o)
 .text.mbedtls_ecp_group_load
                0x0012873c      0x74c /opt/devkitpro//portlibs/3ds/lib/libmbedcrypto.a(ecp_curves.o)
                0x0012873c                mbedtls_ecp_group_load
 .text.mbedtls_hardware_poll
                0x00128e88       0x28 /opt/devkitpro//portlibs/3ds/lib/libmbedcrypto.a(entropy.o)
                0x00128e88                mbedtls_hardware_poll
 .text.entropy_update
                0x00128eb0       0xd0 /opt/devkitpro//portlibs/3ds/lib/libmbedcrypto.a(entropy.o)
 .text.entropy_gather_internal.part.0
                0x00128f80       0xe8 /opt/devkitpro//portlibs/3ds/lib/libmbedcrypto.a(entropy.o)
 .text.mbedtls_entropy_func.part.0
                0x00129068      0x188 /opt/devkitpro//portlibs/3ds/lib/libmbedcrypto.a(entropy.o)
 .text.mbedtls_entropy_init
                0x001291f0       0x68 /opt/devkitpro//portlibs/3ds/lib/libmbedcrypto.a(entropy.o)
                0x001291f0                mbedtls_entropy_init
 .text.mbedtls_entropy_free
                0x00129258       0x3c /opt/devkitpro//portlibs/3ds/lib/libmbedcrypto.a(entropy.o)
                0x00129258                mbedtls_entropy_free
 .text.mbedtls_entropy_func
                0x00129294       0x14 /opt/devkitpro//portlibs/3ds/lib/libmbedcrypto.a(entropy.o)
                0x00129294                mbedtls_entropy_func
 .text.gcm_mult
                0x001292a8      0x190 /opt/devkitpro//portlibs/3ds/lib/libmbedcrypto.a(gcm.o)
 .text.mbedtls_gcm_init
                0x00129438        0xc /opt/devkitpro//portlibs/3ds/lib/libmbedcrypto.a(gcm.o)
                0x00129438                mbedtls_gcm_init
 .text.mbedtls_gcm_setkey
                0x00129444      0x1d8 /opt/devkitpro//portlibs/3ds/lib/libmbedcrypto.a(gcm.o)
                0x00129444                mbedtls_gcm_setkey
 .text.mbedtls_gcm_starts
                0x0012961c      0x22c /opt/devkitpro//portlibs/3ds/lib/libmbedcrypto.a(gcm.o)
                0x0012961c                mbedtls_gcm_starts
 .text.mbedtls_gcm_update
                0x00129848      0x17c /opt/devkitpro//portlibs/3ds/lib/libmbedcrypto.a(gcm.o)
                0x00129848                mbedtls_gcm_update
 .text.mbedtls_gcm_finish
                0x001299c4      0x128 /opt/devkitpro//portlibs/3ds/lib/libmbedcrypto.a(gcm.o)
                0x001299c4                mbedtls_gcm_finish
 .text.mbedtls_gcm_crypt_and_tag
                0x00129aec       0x80 /opt/devkitpro//portlibs/3ds/lib/libmbedcrypto.a(gcm.o)
                0x00129aec                mbedtls_gcm_crypt_and_tag
 .text.mbedtls_gcm_auth_decrypt
                0x00129b6c       0xc0 /opt/devkitpro//portlibs/3ds/lib/libmbedcrypto.a(gcm.o)
                0x00129b6c                mbedtls_gcm_auth_decrypt
 .text.mbedtls_gcm_free
                0x00129c2c       0x20 /opt/devkitpro//portlibs/3ds/lib/libmbedcrypto.a(gcm.o)
                0x00129c2c                mbedtls_gcm_free
 .text.mbedtls_hmac_drbg_init
                0x00129c4c       0x24 /opt/devkitpro//portlibs/3ds/lib/libmbedcrypto.a(hmac_drbg.o)
                0x00129c4c                mbedtls_hmac_drbg_init
 .text.mbedtls_hmac_drbg_update_ret
                0x00129c70      0x12c /opt/devkitpro//portlibs/3ds/lib/libmbedcrypto.a(hmac_drbg.o)
                0x00129c70                mbedtls_hmac_drbg_update_ret
 .text.hmac_drbg_reseed_core
                0x00129d9c      0x10c /opt/devkitpro//portlibs/3ds/lib/libmbedcrypto.a(hmac_drbg.o)
 .text.mbedtls_hmac_drbg_seed_buf
                0x00129ea8       0x74 /opt/devkitpro//portlibs/3ds/lib/libmbedcrypto.a(hmac_drbg.o)
                0x00129ea8                mbedtls_hmac_drbg_seed_buf
 .text.mbedtls_hmac_drbg_random_with_add
                0x00129f1c      0x14c /opt/devkitpro//portlibs/3ds/lib/libmbedcrypto.a(hmac_drbg.o)
                0x00129f1c                mbedtls_hmac_drbg_random_with_add
 .text.mbedtls_hmac_drbg_random
                0x0012a068       0x1c /opt/devkitpro//portlibs/3ds/lib/libmbedcrypto.a(hmac_drbg.o)
                0x0012a068                mbedtls_hmac_drbg_random
 .text.mbedtls_hmac_drbg_free
                0x0012a084       0x2c /opt/devkitpro//portlibs/3ds/lib/libmbedcrypto.a(hmac_drbg.o)
                0x0012a084                mbedtls_hmac_drbg_free
 .text.mbedtls_md_list
                0x0012a0b0        0xc /opt/devkitpro//portlibs/3ds/lib/libmbedcrypto.a(md.o)
                0x0012a0b0                mbedtls_md_list
 .text.mbedtls_md_info_from_type
                0x0012a0bc       0x20 /opt/devkitpro//portlibs/3ds/lib/libmbedcrypto.a(md.o)
                0x0012a0bc                mbedtls_md_info_from_type
 .text.mbedtls_md_init
                0x0012a0dc       0x14 /opt/devkitpro//portlibs/3ds/lib/libmbedcrypto.a(md.o)
                0x0012a0dc                mbedtls_md_init
 .text.mbedtls_md_free
                0x0012a0f0       0xc4 /opt/devkitpro//portlibs/3ds/lib/libmbedcrypto.a(md.o)
                0x0012a0f0                mbedtls_md_free
 .text.mbedtls_md_clone
                0x0012a1b4       0xd4 /opt/devkitpro//portlibs/3ds/lib/libmbedcrypto.a(md.o)
                0x0012a1b4                mbedtls_md_clone
 .text.mbedtls_md_setup
                0x0012a288      0x150 /opt/devkitpro//portlibs/3ds/lib/libmbedcrypto.a(md.o)
                0x0012a288                mbedtls_md_setup
 .text.mbedtls_md_starts
                0x0012a3d8       0x98 /opt/devkitpro//portlibs/3ds/lib/libmbedcrypto.a(md.o)
                0x0012a3d8                mbedtls_md_starts
 .text.mbedtls_md_update
                0x0012a470       0x78 /opt/devkitpro//portlibs/3ds/lib/libmbedcrypto.a(md.o)
                0x0012a470                mbedtls_md_update
 .text.mbedtls_md_finish
                0x0012a4e8       0x78 /opt/devkitpro//portlibs/3ds/lib/libmbedcrypto.a(md.o)
                0x0012a4e8                mbedtls_md_finish
 .text.mbedtls_md
                0x0012a560       0x7c /opt/devkitpro//portlibs/3ds/lib/libmbedcrypto.a(md.o)
                0x0012a560                mbedtls_md
 .text.mbedtls_md_hmac_starts
                0x0012a5dc      0x150 /opt/devkitpro//portlibs/3ds/lib/libmbedcrypto.a(md.o)
                0x0012a5dc                mbedtls_md_hmac_starts
 .text.mbedtls_md_hmac_update
                0x0012a72c       0x30 /opt/devkitpro//portlibs/3ds/lib/libmbedcrypto.a(md.o)
                0x0012a72c                mbedtls_md_hmac_update
 .text.mbedtls_md_hmac_finish
                0x0012a75c       0xac /opt/devkitpro//portlibs/3ds/lib/libmbedcrypto.a(md.o)
                0x0012a75c                mbedtls_md_hmac_finish
 .text.mbedtls_md_hmac_reset
                0x0012a808       0x54 /opt/devkitpro//portlibs/3ds/lib/libmbedcrypto.a(md.o)
                0x0012a808                mbedtls_md_hmac_reset
 .text.mbedtls_md_get_size
                0x0012a85c        0xc /opt/devkitpro//portlibs/3ds/lib/libmbedcrypto.a(md.o)
                0x0012a85c                mbedtls_md_get_size
 .text.mbedtls_md_get_type
                0x0012a868        0xc /opt/devkitpro//portlibs/3ds/lib/libmbedcrypto.a(md.o)
                0x0012a868                mbedtls_md_get_type
 .text.mbedtls_md_get_name
                0x0012a874        0xc /opt/devkitpro//portlibs/3ds/lib/libmbedcrypto.a(md.o)
                0x0012a874                mbedtls_md_get_name
 .text.mbedtls_md5_init
                0x0012a880        0xc /opt/devkitpro//portlibs/3ds/lib/libmbedcrypto.a(md5.o)
                0x0012a880                mbedtls_md5_init
 .text.mbedtls_md5_free
                0x0012a88c       0x10 /opt/devkitpro//portlibs/3ds/lib/libmbedcrypto.a(md5.o)
                0x0012a88c                mbedtls_md5_free
 .text.mbedtls_md5_clone
                0x0012a89c       0x10 /opt/devkitpro//portlibs/3ds/lib/libmbedcrypto.a(md5.o)
                0x0012a89c                mbedtls_md5_clone
 .text.mbedtls_md5_starts_ret
                0x0012a8ac       0x44 /opt/devkitpro//portlibs/3ds/lib/libmbedcrypto.a(md5.o)
                0x0012a8ac                mbedtls_md5_starts_ret
 .text.mbedtls_internal_md5_process
                0x0012a8f0      0xb28 /opt/devkitpro//portlibs/3ds/lib/libmbedcrypto.a(md5.o)
                0x0012a8f0                mbedtls_internal_md5_process
 .text.mbedtls_md5_update_ret
                0x0012b418       0xd8 /opt/devkitpro//portlibs/3ds/lib/libmbedcrypto.a(md5.o)
                0x0012b418                mbedtls_md5_update_ret
 .text.mbedtls_md5_finish_ret
                0x0012b4f0      0x138 /opt/devkitpro//portlibs/3ds/lib/libmbedcrypto.a(md5.o)
                0x0012b4f0                mbedtls_md5_finish_ret
 .text.mbedtls_md5_ret
                0x0012b628       0x90 /opt/devkitpro//portlibs/3ds/lib/libmbedcrypto.a(md5.o)
                0x0012b628                mbedtls_md5_ret
 .text.mbedtls_oid_get_attr_short_name
                0x0012b6b8       0x68 /opt/devkitpro//portlibs/3ds/lib/libmbedcrypto.a(oid.o)
                0x0012b6b8                mbedtls_oid_get_attr_short_name
 .text.mbedtls_oid_get_x509_ext_type
                0x0012b720       0x68 /opt/devkitpro//portlibs/3ds/lib/libmbedcrypto.a(oid.o)
                0x0012b720                mbedtls_oid_get_x509_ext_type
 .text.mbedtls_oid_get_extended_key_usage
                0x0012b788       0x68 /opt/devkitpro//portlibs/3ds/lib/libmbedcrypto.a(oid.o)
                0x0012b788                mbedtls_oid_get_extended_key_usage
 .text.mbedtls_oid_get_certificate_policies
                0x0012b7f0       0x64 /opt/devkitpro//portlibs/3ds/lib/libmbedcrypto.a(oid.o)
                0x0012b7f0                mbedtls_oid_get_certificate_policies
 .text.mbedtls_oid_get_sig_alg_desc
                0x0012b854       0x68 /opt/devkitpro//portlibs/3ds/lib/libmbedcrypto.a(oid.o)
                0x0012b854                mbedtls_oid_get_sig_alg_desc
 .text.mbedtls_oid_get_sig_alg
                0x0012b8bc       0x74 /opt/devkitpro//portlibs/3ds/lib/libmbedcrypto.a(oid.o)
                0x0012b8bc                mbedtls_oid_get_sig_alg
 .text.mbedtls_oid_get_pk_alg
                0x0012b930       0x68 /opt/devkitpro//portlibs/3ds/lib/libmbedcrypto.a(oid.o)
                0x0012b930                mbedtls_oid_get_pk_alg
 .text.mbedtls_oid_get_ec_grp
                0x0012b998       0x68 /opt/devkitpro//portlibs/3ds/lib/libmbedcrypto.a(oid.o)
                0x0012b998                mbedtls_oid_get_ec_grp
 .text.mbedtls_oid_get_md_alg
                0x0012ba00       0x68 /opt/devkitpro//portlibs/3ds/lib/libmbedcrypto.a(oid.o)
                0x0012ba00                mbedtls_oid_get_md_alg
 .text.mbedtls_oid_get_oid_by_md
                0x0012ba68       0x4c /opt/devkitpro//portlibs/3ds/lib/libmbedcrypto.a(oid.o)
                0x0012ba68                mbedtls_oid_get_oid_by_md
 .text.mbedtls_oid_get_numeric_string
                0x0012bab4      0x168 /opt/devkitpro//portlibs/3ds/lib/libmbedcrypto.a(oid.o)
                0x0012bab4                mbedtls_oid_get_numeric_string
 .text.mbedtls_pk_free
                0x0012bc1c       0x34 /opt/devkitpro//portlibs/3ds/lib/libmbedcrypto.a(pk.o)
                0x0012bc1c                mbedtls_pk_free
 .text.mbedtls_pk_info_from_type
                0x0012bc50       0x20 /opt/devkitpro//portlibs/3ds/lib/libmbedcrypto.a(pk.o)
                0x0012bc50                mbedtls_pk_info_from_type
 .text.mbedtls_pk_setup
                0x0012bc70       0x54 /opt/devkitpro//portlibs/3ds/lib/libmbedcrypto.a(pk.o)
                0x0012bc70                mbedtls_pk_setup
 .text.mbedtls_pk_can_do
                0x0012bcc4       0x28 /opt/devkitpro//portlibs/3ds/lib/libmbedcrypto.a(pk.o)
                0x0012bcc4                mbedtls_pk_can_do
 .text.mbedtls_pk_verify_restartable
                0x0012bcec       0xb4 /opt/devkitpro//portlibs/3ds/lib/libmbedcrypto.a(pk.o)
                0x0012bcec                mbedtls_pk_verify_restartable
 .text.mbedtls_pk_verify
                0x0012bda0       0x2c /opt/devkitpro//portlibs/3ds/lib/libmbedcrypto.a(pk.o)
                0x0012bda0                mbedtls_pk_verify
 .text.mbedtls_pk_verify_ext
                0x0012bdcc      0x170 /opt/devkitpro//portlibs/3ds/lib/libmbedcrypto.a(pk.o)
                0x0012bdcc                mbedtls_pk_verify_ext
 .text.mbedtls_pk_sign_restartable
                0x0012bf3c       0xd0 /opt/devkitpro//portlibs/3ds/lib/libmbedcrypto.a(pk.o)
                0x0012bf3c                mbedtls_pk_sign_restartable
 .text.mbedtls_pk_sign
                0x0012c00c       0x3c /opt/devkitpro//portlibs/3ds/lib/libmbedcrypto.a(pk.o)
                0x0012c00c                mbedtls_pk_sign
 .text.mbedtls_pk_decrypt
                0x0012c048       0x4c /opt/devkitpro//portlibs/3ds/lib/libmbedcrypto.a(pk.o)
                0x0012c048                mbedtls_pk_decrypt
 .text.mbedtls_pk_encrypt
                0x0012c094       0x4c /opt/devkitpro//portlibs/3ds/lib/libmbedcrypto.a(pk.o)
                0x0012c094                mbedtls_pk_encrypt
 .text.mbedtls_pk_get_bitlen
                0x0012c0e0       0x28 /opt/devkitpro//portlibs/3ds/lib/libmbedcrypto.a(pk.o)
                0x0012c0e0                mbedtls_pk_get_bitlen
 .text.mbedtls_pk_debug
                0x0012c108       0x44 /opt/devkitpro//portlibs/3ds/lib/libmbedcrypto.a(pk.o)
                0x0012c108                mbedtls_pk_debug
 .text.mbedtls_pk_get_name
                0x0012c14c       0x28 /opt/devkitpro//portlibs/3ds/lib/libmbedcrypto.a(pk.o)
                0x0012c14c                mbedtls_pk_get_name
 .text.mbedtls_pk_get_type
                0x0012c174       0x18 /opt/devkitpro//portlibs/3ds/lib/libmbedcrypto.a(pk.o)
                0x0012c174                mbedtls_pk_get_type
 .text.rsa_can_do
                0x0012c18c       0x14 /opt/devkitpro//portlibs/3ds/lib/libmbedcrypto.a(pk_wrap.o)
 .text.rsa_debug
                0x0012c1a0       0x3c /opt/devkitpro//portlibs/3ds/lib/libmbedcrypto.a(pk_wrap.o)
 .text.eckey_can_do
                0x0012c1dc       0x14 /opt/devkitpro//portlibs/3ds/lib/libmbedcrypto.a(pk_wrap.o)
 .text.eckey_get_bitlen
                0x0012c1f0        0x8 /opt/devkitpro//portlibs/3ds/lib/libmbedcrypto.a(pk_wrap.o)
 .text.eckey_debug
                0x0012c1f8       0x20 /opt/devkitpro//portlibs/3ds/lib/libmbedcrypto.a(pk_wrap.o)
 .text.eckeydh_can_do
                0x0012c218       0x14 /opt/devkitpro//portlibs/3ds/lib/libmbedcrypto.a(pk_wrap.o)
 .text.ecdsa_can_do
                0x0012c22c       0x10 /opt/devkitpro//portlibs/3ds/lib/libmbedcrypto.a(pk_wrap.o)
 .text.rsa_free_wrap
                0x0012c23c       0x18 /opt/devkitpro//portlibs/3ds/lib/libmbedcrypto.a(pk_wrap.o)
 .text.rsa_alloc_wrap
                0x0012c254       0x2c /opt/devkitpro//portlibs/3ds/lib/libmbedcrypto.a(pk_wrap.o)
 .text.rsa_check_pair_wrap
                0x0012c280        0x4 /opt/devkitpro//portlibs/3ds/lib/libmbedcrypto.a(pk_wrap.o)
 .text.rsa_get_bitlen
                0x0012c284       0x10 /opt/devkitpro//portlibs/3ds/lib/libmbedcrypto.a(pk_wrap.o)
 .text.rsa_encrypt_wrap
                0x0012c294       0x70 /opt/devkitpro//portlibs/3ds/lib/libmbedcrypto.a(pk_wrap.o)
 .text.rsa_decrypt_wrap
                0x0012c304       0x70 /opt/devkitpro//portlibs/3ds/lib/libmbedcrypto.a(pk_wrap.o)
 .text.rsa_sign_wrap
                0x0012c374       0x58 /opt/devkitpro//portlibs/3ds/lib/libmbedcrypto.a(pk_wrap.o)
 .text.rsa_verify_wrap
                0x0012c3cc       0x80 /opt/devkitpro//portlibs/3ds/lib/libmbedcrypto.a(pk_wrap.o)
 .text.eckey_free_wrap
                0x0012c44c       0x18 /opt/devkitpro//portlibs/3ds/lib/libmbedcrypto.a(pk_wrap.o)
 .text.eckey_alloc_wrap
                0x0012c464       0x24 /opt/devkitpro//portlibs/3ds/lib/libmbedcrypto.a(pk_wrap.o)
 .text.eckey_check_pair
                0x0012c488        0x4 /opt/devkitpro//portlibs/3ds/lib/libmbedcrypto.a(pk_wrap.o)
 .text.ecdsa_alloc_wrap
                0x0012c48c       0x24 /opt/devkitpro//portlibs/3ds/lib/libmbedcrypto.a(pk_wrap.o)
 .text.ecdsa_free_wrap
                0x0012c4b0       0x18 /opt/devkitpro//portlibs/3ds/lib/libmbedcrypto.a(pk_wrap.o)
 .text.ecdsa_sign_wrap
                0x0012c4c8        0x4 /opt/devkitpro//portlibs/3ds/lib/libmbedcrypto.a(pk_wrap.o)
 .text.eckey_sign_wrap
                0x0012c4cc       0x84 /opt/devkitpro//portlibs/3ds/lib/libmbedcrypto.a(pk_wrap.o)
 .text.ecdsa_verify_wrap
                0x0012c550       0x38 /opt/devkitpro//portlibs/3ds/lib/libmbedcrypto.a(pk_wrap.o)
 .text.eckey_verify_wrap
                0x0012c588       0x7c /opt/devkitpro//portlibs/3ds/lib/libmbedcrypto.a(pk_wrap.o)
 .text.pk_get_rsapubkey
                0x0012c604      0x154 /opt/devkitpro//portlibs/3ds/lib/libmbedcrypto.a(pkparse.o)
 .text.pk_get_pk_alg
                0x0012c758       0x9c /opt/devkitpro//portlibs/3ds/lib/libmbedcrypto.a(pkparse.o)
 .text.pk_use_ecparams
                0x0012c7f4      0x4b0 /opt/devkitpro//portlibs/3ds/lib/libmbedcrypto.a(pkparse.o)
 .text.mbedtls_pk_parse_subpubkey
                0x0012cca4      0x1dc /opt/devkitpro//portlibs/3ds/lib/libmbedcrypto.a(pkparse.o)
                0x0012cca4                mbedtls_pk_parse_subpubkey
 .text.mbedtls_platform_zeroize
                0x0012ce80       0x1c /opt/devkitpro//portlibs/3ds/lib/libmbedcrypto.a(platform_util.o)
                0x0012ce80                mbedtls_platform_zeroize
 .text.mbedtls_platform_gmtime_r
                0x0012ce9c       0x60 /opt/devkitpro//portlibs/3ds/lib/libmbedcrypto.a(platform_util.o)
                0x0012ce9c                mbedtls_platform_gmtime_r
 .text.mbedtls_ripemd160_init
                0x0012cefc        0xc /opt/devkitpro//portlibs/3ds/lib/libmbedcrypto.a(ripemd160.o)
                0x0012cefc                mbedtls_ripemd160_init
 .text.mbedtls_ripemd160_free
                0x0012cf08       0x10 /opt/devkitpro//portlibs/3ds/lib/libmbedcrypto.a(ripemd160.o)
                0x0012cf08                mbedtls_ripemd160_free
 .text.mbedtls_ripemd160_clone
                0x0012cf18       0x10 /opt/devkitpro//portlibs/3ds/lib/libmbedcrypto.a(ripemd160.o)
                0x0012cf18                mbedtls_ripemd160_clone
 .text.mbedtls_ripemd160_starts_ret
                0x0012cf28       0x50 /opt/devkitpro//portlibs/3ds/lib/libmbedcrypto.a(ripemd160.o)
                0x0012cf28                mbedtls_ripemd160_starts_ret
 .text.mbedtls_internal_ripemd160_process
                0x0012cf78     0x1e5c /opt/devkitpro//portlibs/3ds/lib/libmbedcrypto.a(ripemd160.o)
                0x0012cf78                mbedtls_internal_ripemd160_process
 .text.mbedtls_ripemd160_update_ret
                0x0012edd4       0xd8 /opt/devkitpro//portlibs/3ds/lib/libmbedcrypto.a(ripemd160.o)
                0x0012edd4                mbedtls_ripemd160_update_ret
 .text.mbedtls_ripemd160_finish_ret
                0x0012eeac      0x128 /opt/devkitpro//portlibs/3ds/lib/libmbedcrypto.a(ripemd160.o)
                0x0012eeac                mbedtls_ripemd160_finish_ret
 *fill*         0x0012efd4        0x4 
 .text.mbedtls_ripemd160_ret
                0x0012efd8       0x9c /opt/devkitpro//portlibs/3ds/lib/libmbedcrypto.a(ripemd160.o)
                0x0012efd8                mbedtls_ripemd160_ret
 .text.mgf_mask
                0x0012f074      0x11c /opt/devkitpro//portlibs/3ds/lib/libmbedcrypto.a(rsa.o)
 .text.rsa_rsassa_pkcs1_v15_encode
                0x0012f190      0x1c4 /opt/devkitpro//portlibs/3ds/lib/libmbedcrypto.a(rsa.o)
 .text.mbedtls_rsa_free.part.0
                0x0012f354       0x74 /opt/devkitpro//portlibs/3ds/lib/libmbedcrypto.a(rsa.o)